   1               		.file	"adc_driver.c"
   2               	__SP_H__ = 0x3e
   3               	__SP_L__ = 0x3d
   4               	__SREG__ = 0x3f
   5               	__RAMPZ__ = 0x3b
   6               	__tmp_reg__ = 0
   7               	__zero_reg__ = 1
  10               		.text
  11               	.Ltext0:
 319               	.global	init_adc
 321               	init_adc:
 322               		.stabd	46,0,0
   1:../../../src/drivers/platform/firefly3_usb/source/adc_driver.c **** /******************************************************************************
   2:../../../src/drivers/platform/firefly3_usb/source/adc_driver.c **** *  Nano-RK, a real-time operating system for sensor networks.
   3:../../../src/drivers/platform/firefly3_usb/source/adc_driver.c **** *  Copyright (C) 2007, Real-Time and Multimedia Lab, Carnegie Mellon University
   4:../../../src/drivers/platform/firefly3_usb/source/adc_driver.c **** *  All rights reserved.
   5:../../../src/drivers/platform/firefly3_usb/source/adc_driver.c **** *
   6:../../../src/drivers/platform/firefly3_usb/source/adc_driver.c **** *  This is the Open Source Version of Nano-RK included as part of a Dual
   7:../../../src/drivers/platform/firefly3_usb/source/adc_driver.c **** *  Licensing Model. If you are unsure which license to use please refer to:
   8:../../../src/drivers/platform/firefly3_usb/source/adc_driver.c **** *  http://www.nanork.org/nano-RK/wiki/Licensing
   9:../../../src/drivers/platform/firefly3_usb/source/adc_driver.c **** *
  10:../../../src/drivers/platform/firefly3_usb/source/adc_driver.c **** *  This program is free software: you can redistribute it and/or modify
  11:../../../src/drivers/platform/firefly3_usb/source/adc_driver.c **** *  it under the terms of the GNU General Public License as published by
  12:../../../src/drivers/platform/firefly3_usb/source/adc_driver.c **** *  the Free Software Foundation, version 2.0 of the License.
  13:../../../src/drivers/platform/firefly3_usb/source/adc_driver.c **** *
  14:../../../src/drivers/platform/firefly3_usb/source/adc_driver.c **** *  This program is distributed in the hope that it will be useful,
  15:../../../src/drivers/platform/firefly3_usb/source/adc_driver.c **** *  but WITHOUT ANY WARRANTY; without even the implied warranty of
  16:../../../src/drivers/platform/firefly3_usb/source/adc_driver.c **** *  MERCHANTABILITY or FITNESS FOR A PARTICULAR PURPOSE.  See the
  17:../../../src/drivers/platform/firefly3_usb/source/adc_driver.c **** *  GNU General Public License for more details.
  18:../../../src/drivers/platform/firefly3_usb/source/adc_driver.c **** *
  19:../../../src/drivers/platform/firefly3_usb/source/adc_driver.c **** *  You should have received a copy of the GNU General Public License
  20:../../../src/drivers/platform/firefly3_usb/source/adc_driver.c **** *  along with this program.  If not, see <http://www.gnu.org/licenses/>.
  21:../../../src/drivers/platform/firefly3_usb/source/adc_driver.c **** *
  22:../../../src/drivers/platform/firefly3_usb/source/adc_driver.c **** *  Contributing Authors (specific to this file):
  23:../../../src/drivers/platform/firefly3_usb/source/adc_driver.c **** *  Zane Starr
  24:../../../src/drivers/platform/firefly3_usb/source/adc_driver.c **** *  Anthony Rowe
  25:../../../src/drivers/platform/firefly3_usb/source/adc_driver.c **** *******************************************************************************/
  26:../../../src/drivers/platform/firefly3_usb/source/adc_driver.c **** 
  27:../../../src/drivers/platform/firefly3_usb/source/adc_driver.c **** 
  28:../../../src/drivers/platform/firefly3_usb/source/adc_driver.c **** #include <nrk_driver_list.h>
  29:../../../src/drivers/platform/firefly3_usb/source/adc_driver.c **** #include <nrk_driver.h>
  30:../../../src/drivers/platform/firefly3_usb/source/adc_driver.c **** #include <adc_driver.h>
  31:../../../src/drivers/platform/firefly3_usb/source/adc_driver.c **** #include <include.h>
  32:../../../src/drivers/platform/firefly3_usb/source/adc_driver.c **** #include <stdio.h>
  33:../../../src/drivers/platform/firefly3_usb/source/adc_driver.c **** #include <ulib.h>
  34:../../../src/drivers/platform/firefly3_usb/source/adc_driver.c **** #include <nrk_error.h>
  35:../../../src/drivers/platform/firefly3_usb/source/adc_driver.c **** #include <nrk.h>
  36:../../../src/drivers/platform/firefly3_usb/source/adc_driver.c **** #include <stdint.h>
  37:../../../src/drivers/platform/firefly3_usb/source/adc_driver.c **** 
  38:../../../src/drivers/platform/firefly3_usb/source/adc_driver.c **** #define ADC_SETUP_DELAY  500
  39:../../../src/drivers/platform/firefly3_usb/source/adc_driver.c **** 
  40:../../../src/drivers/platform/firefly3_usb/source/adc_driver.c **** uint8_t channel;
  41:../../../src/drivers/platform/firefly3_usb/source/adc_driver.c **** 
  42:../../../src/drivers/platform/firefly3_usb/source/adc_driver.c **** #define ADC_INIT() \
  43:../../../src/drivers/platform/firefly3_usb/source/adc_driver.c ****     do { \
  44:../../../src/drivers/platform/firefly3_usb/source/adc_driver.c **** 	ADCSRA = BM(ADPS0) | BM(ADPS1); \
  45:../../../src/drivers/platform/firefly3_usb/source/adc_driver.c **** 	ADMUX = BM(REFS0); \
  46:../../../src/drivers/platform/firefly3_usb/source/adc_driver.c **** } while (0)
  47:../../../src/drivers/platform/firefly3_usb/source/adc_driver.c **** 
  48:../../../src/drivers/platform/firefly3_usb/source/adc_driver.c **** #define ADC_SET_CHANNEL(channel) do { ADMUX = (ADMUX & ~0x1F) | (channel); } while (0)
  49:../../../src/drivers/platform/firefly3_usb/source/adc_driver.c **** 
  50:../../../src/drivers/platform/firefly3_usb/source/adc_driver.c **** // Enables/disables the ADC
  51:../../../src/drivers/platform/firefly3_usb/source/adc_driver.c **** #define ADC_ENABLE() do { ADCSRA |= BM(ADEN); } while (0)
  52:../../../src/drivers/platform/firefly3_usb/source/adc_driver.c **** #define ADC_DISABLE() do { ADCSRA &= ~BM(ADEN); } while (0)
  53:../../../src/drivers/platform/firefly3_usb/source/adc_driver.c **** 
  54:../../../src/drivers/platform/firefly3_usb/source/adc_driver.c **** #define ADC_SAMPLE_SINGLE() \
  55:../../../src/drivers/platform/firefly3_usb/source/adc_driver.c ****     do { \
  56:../../../src/drivers/platform/firefly3_usb/source/adc_driver.c **** ADCSRA |= BM(ADSC); \
  57:../../../src/drivers/platform/firefly3_usb/source/adc_driver.c **** while (!(ADCSRA & 0x10)); \
  58:../../../src/drivers/platform/firefly3_usb/source/adc_driver.c **** } while(0)
  59:../../../src/drivers/platform/firefly3_usb/source/adc_driver.c **** 
  60:../../../src/drivers/platform/firefly3_usb/source/adc_driver.c **** // Macros for obtaining the latest sample value
  61:../../../src/drivers/platform/firefly3_usb/source/adc_driver.c **** #define ADC_GET_SAMPLE_10(x) \
  62:../../../src/drivers/platform/firefly3_usb/source/adc_driver.c **** do { \
  63:../../../src/drivers/platform/firefly3_usb/source/adc_driver.c **** x =  ADCL; \
  64:../../../src/drivers/platform/firefly3_usb/source/adc_driver.c **** x |= ADCH << 8; \
  65:../../../src/drivers/platform/firefly3_usb/source/adc_driver.c **** } while (0)
  66:../../../src/drivers/platform/firefly3_usb/source/adc_driver.c **** 
  67:../../../src/drivers/platform/firefly3_usb/source/adc_driver.c **** #define ADC_GET_SAMPLE_8(x) \
  68:../../../src/drivers/platform/firefly3_usb/source/adc_driver.c **** do { \
  69:../../../src/drivers/platform/firefly3_usb/source/adc_driver.c **** x = ((uint8_t) ADCL) >> 2; \
  70:../../../src/drivers/platform/firefly3_usb/source/adc_driver.c **** x |= ((int8_t) ADCH) << 6; \
  71:../../../src/drivers/platform/firefly3_usb/source/adc_driver.c **** } while (0)
  72:../../../src/drivers/platform/firefly3_usb/source/adc_driver.c **** 
  73:../../../src/drivers/platform/firefly3_usb/source/adc_driver.c **** uint8_t dev_manager_adc(uint8_t action,uint8_t opt,uint8_t *buffer,uint8_t size)
  74:../../../src/drivers/platform/firefly3_usb/source/adc_driver.c **** {
  75:../../../src/drivers/platform/firefly3_usb/source/adc_driver.c **** uint8_t count=0;
  76:../../../src/drivers/platform/firefly3_usb/source/adc_driver.c **** // key and value get passed as opt and size
  77:../../../src/drivers/platform/firefly3_usb/source/adc_driver.c **** uint8_t key=opt;
  78:../../../src/drivers/platform/firefly3_usb/source/adc_driver.c **** uint8_t value=size;
  79:../../../src/drivers/platform/firefly3_usb/source/adc_driver.c **** uint16_t val;
  80:../../../src/drivers/platform/firefly3_usb/source/adc_driver.c **** 
  81:../../../src/drivers/platform/firefly3_usb/source/adc_driver.c ****      switch(action)
  82:../../../src/drivers/platform/firefly3_usb/source/adc_driver.c ****      {
  83:../../../src/drivers/platform/firefly3_usb/source/adc_driver.c ****             case INIT: 
  84:../../../src/drivers/platform/firefly3_usb/source/adc_driver.c **** 	     		init_adc();  
  85:../../../src/drivers/platform/firefly3_usb/source/adc_driver.c **** 		      return 1;
  86:../../../src/drivers/platform/firefly3_usb/source/adc_driver.c **** 	     
  87:../../../src/drivers/platform/firefly3_usb/source/adc_driver.c **** 	    case OPEN:   
  88:../../../src/drivers/platform/firefly3_usb/source/adc_driver.c **** 		    if(opt&READ_FLAG)
  89:../../../src/drivers/platform/firefly3_usb/source/adc_driver.c **** 		    {
  90:../../../src/drivers/platform/firefly3_usb/source/adc_driver.c **** 		   	return NRK_OK; 
  91:../../../src/drivers/platform/firefly3_usb/source/adc_driver.c **** 		    }
  92:../../../src/drivers/platform/firefly3_usb/source/adc_driver.c **** 		    if(opt&WRITE_FLAG)
  93:../../../src/drivers/platform/firefly3_usb/source/adc_driver.c **** 		    {
  94:../../../src/drivers/platform/firefly3_usb/source/adc_driver.c **** 		   	return NRK_ERROR; 
  95:../../../src/drivers/platform/firefly3_usb/source/adc_driver.c **** 		    }
  96:../../../src/drivers/platform/firefly3_usb/source/adc_driver.c **** 		    if(opt&APPEND_FLAG)
  97:../../../src/drivers/platform/firefly3_usb/source/adc_driver.c **** 		    {
  98:../../../src/drivers/platform/firefly3_usb/source/adc_driver.c **** 		   	return NRK_ERROR; 
  99:../../../src/drivers/platform/firefly3_usb/source/adc_driver.c **** 		    }
 100:../../../src/drivers/platform/firefly3_usb/source/adc_driver.c **** 		    if(opt&(READ_FLAG|WRITE_FLAG|APPEND_FLAG)==0)
 101:../../../src/drivers/platform/firefly3_usb/source/adc_driver.c **** 		    	return NRK_ERROR;
 102:../../../src/drivers/platform/firefly3_usb/source/adc_driver.c **** 		    else return NRK_OK;
 103:../../../src/drivers/platform/firefly3_usb/source/adc_driver.c **** 		
 104:../../../src/drivers/platform/firefly3_usb/source/adc_driver.c **** 	    
 105:../../../src/drivers/platform/firefly3_usb/source/adc_driver.c **** 
 106:../../../src/drivers/platform/firefly3_usb/source/adc_driver.c ****              case READ:
 107:../../../src/drivers/platform/firefly3_usb/source/adc_driver.c **** 			      /* Conversion to 8-bit value*/
 108:../../../src/drivers/platform/firefly3_usb/source/adc_driver.c **** 			      val=get_adc_val();
 109:../../../src/drivers/platform/firefly3_usb/source/adc_driver.c **** 			      buffer[count]=val & 0xFF;
 110:../../../src/drivers/platform/firefly3_usb/source/adc_driver.c **** 			      count++;
 111:../../../src/drivers/platform/firefly3_usb/source/adc_driver.c **** 			      buffer[count]=(val>>8)  & 0xFF;
 112:../../../src/drivers/platform/firefly3_usb/source/adc_driver.c **** 			      count++;
 113:../../../src/drivers/platform/firefly3_usb/source/adc_driver.c ****                       return count;
 114:../../../src/drivers/platform/firefly3_usb/source/adc_driver.c **** 
 115:../../../src/drivers/platform/firefly3_usb/source/adc_driver.c ****              case CLOSE:
 116:../../../src/drivers/platform/firefly3_usb/source/adc_driver.c ****                         return NRK_OK;
 117:../../../src/drivers/platform/firefly3_usb/source/adc_driver.c ****              
 118:../../../src/drivers/platform/firefly3_usb/source/adc_driver.c **** 	     case GET_STATUS:
 119:../../../src/drivers/platform/firefly3_usb/source/adc_driver.c **** 	     		// use "key" here 
 120:../../../src/drivers/platform/firefly3_usb/source/adc_driver.c **** 			if(key==ADC_CHAN) return channel;
 121:../../../src/drivers/platform/firefly3_usb/source/adc_driver.c **** 	     		return NRK_ERROR;
 122:../../../src/drivers/platform/firefly3_usb/source/adc_driver.c **** 			
 123:../../../src/drivers/platform/firefly3_usb/source/adc_driver.c ****              case SET_STATUS:
 124:../../../src/drivers/platform/firefly3_usb/source/adc_driver.c **** 	     		// use "key" and "value" here
 125:../../../src/drivers/platform/firefly3_usb/source/adc_driver.c ****   			if(key==ADC_CHAN) 
 126:../../../src/drivers/platform/firefly3_usb/source/adc_driver.c **** 			{
 127:../../../src/drivers/platform/firefly3_usb/source/adc_driver.c **** 				channel=value;
 128:../../../src/drivers/platform/firefly3_usb/source/adc_driver.c **** 				ADC_SET_CHANNEL (channel);
 129:../../../src/drivers/platform/firefly3_usb/source/adc_driver.c **** 				return NRK_OK;
 130:../../../src/drivers/platform/firefly3_usb/source/adc_driver.c **** 			}
 131:../../../src/drivers/platform/firefly3_usb/source/adc_driver.c **** 			return NRK_ERROR;
 132:../../../src/drivers/platform/firefly3_usb/source/adc_driver.c **** 	     default:
 133:../../../src/drivers/platform/firefly3_usb/source/adc_driver.c **** 		nrk_kernel_error_add(NRK_DEVICE_DRIVER,0);
 134:../../../src/drivers/platform/firefly3_usb/source/adc_driver.c **** 		 return 0;
 135:../../../src/drivers/platform/firefly3_usb/source/adc_driver.c **** 	}
 136:../../../src/drivers/platform/firefly3_usb/source/adc_driver.c **** }
 137:../../../src/drivers/platform/firefly3_usb/source/adc_driver.c **** 
 138:../../../src/drivers/platform/firefly3_usb/source/adc_driver.c **** void init_adc()
 139:../../../src/drivers/platform/firefly3_usb/source/adc_driver.c **** {
 324               	.LM0:
 325               	.LFBB1:
 326               	/* prologue: function */
 327               	/* frame size = 0 */
 328               	/* stack size = 0 */
 329               	.L__stack_usage = 0
 140:../../../src/drivers/platform/firefly3_usb/source/adc_driver.c **** // Initialize values here
 141:../../../src/drivers/platform/firefly3_usb/source/adc_driver.c ****   ADC_INIT ();
 331               	.LM1:
 332 0000 AAE7      		ldi r26,lo8(122)
 333 0002 B0E0      		ldi r27,0
 334 0004 83E0      		ldi r24,lo8(3)
 335 0006 8C93      		st X,r24
 336 0008 ECE7      		ldi r30,lo8(124)
 337 000a F0E0      		ldi r31,0
 338 000c 80E4      		ldi r24,lo8(64)
 339 000e 8083      		st Z,r24
 142:../../../src/drivers/platform/firefly3_usb/source/adc_driver.c ****   ADC_ENABLE ();
 341               	.LM2:
 342 0010 8C91      		ld r24,X
 343 0012 8068      		ori r24,lo8(-128)
 344 0014 8C93      		st X,r24
 143:../../../src/drivers/platform/firefly3_usb/source/adc_driver.c ****   channel=0;
 346               	.LM3:
 347 0016 1092 0000 		sts channel,__zero_reg__
 144:../../../src/drivers/platform/firefly3_usb/source/adc_driver.c ****   ADC_SET_CHANNEL (0);
 349               	.LM4:
 350 001a 8081      		ld r24,Z
 351 001c 807E      		andi r24,lo8(-32)
 352 001e 8083      		st Z,r24
 353 0020 0895      		ret
 355               	.Lscope1:
 357               		.stabd	78,0,0
 359               	.global	delay
 361               	delay:
 362               		.stabd	46,0,0
 145:../../../src/drivers/platform/firefly3_usb/source/adc_driver.c **** }
 146:../../../src/drivers/platform/firefly3_usb/source/adc_driver.c **** 
 147:../../../src/drivers/platform/firefly3_usb/source/adc_driver.c **** uint16_t get_adc_val()
 148:../../../src/drivers/platform/firefly3_usb/source/adc_driver.c **** {                         
 149:../../../src/drivers/platform/firefly3_usb/source/adc_driver.c **** 	uint16_t adc_val;
 150:../../../src/drivers/platform/firefly3_usb/source/adc_driver.c **** 	ADC_SAMPLE_SINGLE();
 151:../../../src/drivers/platform/firefly3_usb/source/adc_driver.c **** 	delay();
 152:../../../src/drivers/platform/firefly3_usb/source/adc_driver.c **** 	ADC_GET_SAMPLE_10(adc_val);
 153:../../../src/drivers/platform/firefly3_usb/source/adc_driver.c **** 	return adc_val;
 154:../../../src/drivers/platform/firefly3_usb/source/adc_driver.c **** }
 155:../../../src/drivers/platform/firefly3_usb/source/adc_driver.c **** void delay()
 156:../../../src/drivers/platform/firefly3_usb/source/adc_driver.c **** {
 364               	.LM5:
 365               	.LFBB2:
 366               	/* prologue: function */
 367               	/* frame size = 0 */
 368               	/* stack size = 0 */
 369               	.L__stack_usage = 0
 157:../../../src/drivers/platform/firefly3_usb/source/adc_driver.c ****   nrk_spin_wait_us(ADC_SETUP_DELAY);
 371               	.LM6:
 372 0022 84EF      		ldi r24,lo8(-12)
 373 0024 91E0      		ldi r25,lo8(1)
 374 0026 0C94 0000 		jmp nrk_spin_wait_us
 376               	.Lscope2:
 378               		.stabd	78,0,0
 380               	.global	get_adc_val
 382               	get_adc_val:
 383               		.stabd	46,0,0
 148:../../../src/drivers/platform/firefly3_usb/source/adc_driver.c **** 	uint16_t adc_val;
 385               	.LM7:
 386               	.LFBB3:
 387               	/* prologue: function */
 388               	/* frame size = 0 */
 389               	/* stack size = 0 */
 390               	.L__stack_usage = 0
 150:../../../src/drivers/platform/firefly3_usb/source/adc_driver.c **** 	delay();
 392               	.LM8:
 393 002a 8091 7A00 		lds r24,122
 394 002e 8064      		ori r24,lo8(64)
 395 0030 8093 7A00 		sts 122,r24
 396               	.L4:
 150:../../../src/drivers/platform/firefly3_usb/source/adc_driver.c **** 	delay();
 398               	.LM9:
 399 0034 8091 7A00 		lds r24,122
 400 0038 84FF      		sbrs r24,4
 401 003a 00C0      		rjmp .L4
 151:../../../src/drivers/platform/firefly3_usb/source/adc_driver.c **** 	ADC_GET_SAMPLE_10(adc_val);
 403               	.LM10:
 404 003c 0E94 0000 		call delay
 152:../../../src/drivers/platform/firefly3_usb/source/adc_driver.c **** 	return adc_val;
 406               	.LM11:
 407 0040 8091 7800 		lds r24,120
 408 0044 2091 7900 		lds r18,121
 409 0048 90E0      		ldi r25,0
 154:../../../src/drivers/platform/firefly3_usb/source/adc_driver.c **** void delay()
 411               	.LM12:
 412 004a 922B      		or r25,r18
 413 004c 0895      		ret
 415               	.Lscope3:
 417               		.stabd	78,0,0
 423               	.global	dev_manager_adc
 425               	dev_manager_adc:
 426               		.stabd	46,0,0
  74:../../../src/drivers/platform/firefly3_usb/source/adc_driver.c **** uint8_t count=0;
 428               	.LM13:
 429               	.LFBB4:
 430 004e CF93      		push r28
 431 0050 DF93      		push r29
 432               	/* prologue: function */
 433               	/* frame size = 0 */
 434               	/* stack size = 2 */
 435               	.L__stack_usage = 2
  81:../../../src/drivers/platform/firefly3_usb/source/adc_driver.c ****      {
 437               	.LM14:
 438 0052 8230      		cpi r24,lo8(2)
 439 0054 01F0      		breq .L18
 440 0056 EA01      		movw r28,r20
 441 0058 8330      		cpi r24,lo8(3)
 442 005a 00F4      		brsh .L11
 443 005c 8823      		tst r24
 444 005e 01F0      		breq .L12
 445 0060 8130      		cpi r24,lo8(1)
 446 0062 01F0      		breq .L13
 447 0064 00C0      		rjmp .L9
 448               	.L11:
 449 0066 8430      		cpi r24,lo8(4)
 450 0068 01F0      		breq .L14
 451 006a 00F0      		brlo .L15
 452 006c 8530      		cpi r24,lo8(5)
 453 006e 01F4      		brne .L9
 108:../../../src/drivers/platform/firefly3_usb/source/adc_driver.c **** 			      buffer[count]=val & 0xFF;
 455               	.LM15:
 456 0070 0E94 0000 		call get_adc_val
 109:../../../src/drivers/platform/firefly3_usb/source/adc_driver.c **** 			      count++;
 458               	.LM16:
 459 0074 8883      		st Y,r24
 111:../../../src/drivers/platform/firefly3_usb/source/adc_driver.c **** 			      count++;
 461               	.LM17:
 462 0076 9983      		std Y+1,r25
 113:../../../src/drivers/platform/firefly3_usb/source/adc_driver.c **** 
 464               	.LM18:
 465 0078 82E0      		ldi r24,lo8(2)
 466 007a 00C0      		rjmp .L10
 467               	.L12:
  84:../../../src/drivers/platform/firefly3_usb/source/adc_driver.c **** 		      return 1;
 469               	.LM19:
 470 007c 0E94 0000 		call init_adc
 471 0080 00C0      		rjmp .L18
 472               	.L13:
  88:../../../src/drivers/platform/firefly3_usb/source/adc_driver.c **** 		    {
 474               	.LM20:
 475 0082 60FD      		sbrc r22,0
 476 0084 00C0      		rjmp .L18
 477 0086 6670      		andi r22,lo8(6)
  96:../../../src/drivers/platform/firefly3_usb/source/adc_driver.c **** 		    {
 479               	.LM21:
 480 0088 01F4      		brne .L21
 481 008a 00C0      		rjmp .L18
 482               	.L15:
 120:../../../src/drivers/platform/firefly3_usb/source/adc_driver.c **** 	     		return NRK_ERROR;
 484               	.LM22:
 485 008c 6130      		cpi r22,lo8(1)
 486 008e 01F4      		brne .L21
 120:../../../src/drivers/platform/firefly3_usb/source/adc_driver.c **** 	     		return NRK_ERROR;
 488               	.LM23:
 489 0090 8091 0000 		lds r24,channel
 490 0094 00C0      		rjmp .L10
 491               	.L14:
 125:../../../src/drivers/platform/firefly3_usb/source/adc_driver.c **** 			{
 493               	.LM24:
 494 0096 6130      		cpi r22,lo8(1)
 495 0098 01F4      		brne .L21
 127:../../../src/drivers/platform/firefly3_usb/source/adc_driver.c **** 				ADC_SET_CHANNEL (channel);
 497               	.LM25:
 498 009a 2093 0000 		sts channel,r18
 128:../../../src/drivers/platform/firefly3_usb/source/adc_driver.c **** 				return NRK_OK;
 500               	.LM26:
 501 009e 8091 7C00 		lds r24,124
 502 00a2 807E      		andi r24,lo8(-32)
 503 00a4 282B      		or r18,r24
 504 00a6 2093 7C00 		sts 124,r18
 505 00aa 00C0      		rjmp .L18
 506               	.L9:
 133:../../../src/drivers/platform/firefly3_usb/source/adc_driver.c **** 		 return 0;
 508               	.LM27:
 509 00ac 60E0      		ldi r22,0
 510 00ae 8CE0      		ldi r24,lo8(12)
 511 00b0 0E94 0000 		call nrk_kernel_error_add
 134:../../../src/drivers/platform/firefly3_usb/source/adc_driver.c **** 	}
 513               	.LM28:
 514 00b4 80E0      		ldi r24,0
 515 00b6 00C0      		rjmp .L10
 516               	.L18:
  90:../../../src/drivers/platform/firefly3_usb/source/adc_driver.c **** 		    }
 518               	.LM29:
 519 00b8 81E0      		ldi r24,lo8(1)
 520 00ba 00C0      		rjmp .L10
 521               	.L21:
  98:../../../src/drivers/platform/firefly3_usb/source/adc_driver.c **** 		    }
 523               	.LM30:
 524 00bc 8FEF      		ldi r24,lo8(-1)
 525               	.L10:
 526               	/* epilogue start */
 136:../../../src/drivers/platform/firefly3_usb/source/adc_driver.c **** 
 528               	.LM31:
 529 00be DF91      		pop r29
 530 00c0 CF91      		pop r28
 531 00c2 0895      		ret
 533               	.Lscope4:
 535               		.stabd	78,0,0
 536               		.comm	channel,1,1
 537               		.comm	nrk_kernel_stk_ptr,2,1
 538               		.comm	nrk_idle_task_stk,128,1
 539               		.comm	error_num,1,1
 540               		.comm	error_task,1,1
 541               		.comm	_nrk_signal_list,4,1
 549               	.Letext0:
 550               		.ident	"GCC: (GNU) 4.9.2"
 551               	.global __do_clear_bss
DEFINED SYMBOLS
                            *ABS*:0000000000000000 adc_driver.c
/var/folders/g6/tbq62m5x2cb4hdh54h_fbn3h0000gn/T//cc8jBZ8P.s:2      *ABS*:000000000000003e __SP_H__
/var/folders/g6/tbq62m5x2cb4hdh54h_fbn3h0000gn/T//cc8jBZ8P.s:3      *ABS*:000000000000003d __SP_L__
/var/folders/g6/tbq62m5x2cb4hdh54h_fbn3h0000gn/T//cc8jBZ8P.s:4      *ABS*:000000000000003f __SREG__
/var/folders/g6/tbq62m5x2cb4hdh54h_fbn3h0000gn/T//cc8jBZ8P.s:5      *ABS*:000000000000003b __RAMPZ__
/var/folders/g6/tbq62m5x2cb4hdh54h_fbn3h0000gn/T//cc8jBZ8P.s:6      *ABS*:0000000000000000 __tmp_reg__
/var/folders/g6/tbq62m5x2cb4hdh54h_fbn3h0000gn/T//cc8jBZ8P.s:7      *ABS*:0000000000000001 __zero_reg__
/var/folders/g6/tbq62m5x2cb4hdh54h_fbn3h0000gn/T//cc8jBZ8P.s:321    .text:0000000000000000 init_adc
                            *COM*:0000000000000001 channel
/var/folders/g6/tbq62m5x2cb4hdh54h_fbn3h0000gn/T//cc8jBZ8P.s:361    .text:0000000000000022 delay
/var/folders/g6/tbq62m5x2cb4hdh54h_fbn3h0000gn/T//cc8jBZ8P.s:382    .text:000000000000002a get_adc_val
/var/folders/g6/tbq62m5x2cb4hdh54h_fbn3h0000gn/T//cc8jBZ8P.s:425    .text:000000000000004e dev_manager_adc
                            *COM*:0000000000000002 nrk_kernel_stk_ptr
                            *COM*:0000000000000080 nrk_idle_task_stk
                            *COM*:0000000000000001 error_num
                            *COM*:0000000000000001 error_task
                            *COM*:0000000000000004 _nrk_signal_list

UNDEFINED SYMBOLS
nrk_spin_wait_us
nrk_kernel_error_add
__do_clear_bss
