Archive member included because of file (symbol)

/usr/local/Cellar/avr-gcc/4.9.2/lib/gcc/avr/4.9.2/../../../../avr/lib/avr51/libprintf_min.a(vfprintf_min.o)
                              (vfprintf)
/usr/local/Cellar/avr-gcc/4.9.2/lib/gcc/avr/4.9.2/avr51/libgcc.a(_muluhisi3.o)
                              main.o (__muluhisi3)
/usr/local/Cellar/avr-gcc/4.9.2/lib/gcc/avr/4.9.2/avr51/libgcc.a(_mulsi3.o)
                              ../../../../src/kernel/source/nrk_time.o (__mulsi3)
/usr/local/Cellar/avr-gcc/4.9.2/lib/gcc/avr/4.9.2/avr51/libgcc.a(_udivmodsi4.o)
                              ../../../../src/kernel/source/nrk_time.o (__udivmodsi4)
/usr/local/Cellar/avr-gcc/4.9.2/lib/gcc/avr/4.9.2/avr51/libgcc.a(_divmodsi4.o)
                              main.o (__divmodsi4)
/usr/local/Cellar/avr-gcc/4.9.2/lib/gcc/avr/4.9.2/avr51/libgcc.a(_udivdi3.o)
                              main.o (__umoddi3)
/usr/local/Cellar/avr-gcc/4.9.2/lib/gcc/avr/4.9.2/avr51/libgcc.a(_udivmod64.o)
                              /usr/local/Cellar/avr-gcc/4.9.2/lib/gcc/avr/4.9.2/avr51/libgcc.a(_udivdi3.o) (__udivmod64)
/usr/local/Cellar/avr-gcc/4.9.2/lib/gcc/avr/4.9.2/avr51/libgcc.a(_negsi2.o)
                              /usr/local/Cellar/avr-gcc/4.9.2/lib/gcc/avr/4.9.2/avr51/libgcc.a(_divmodsi4.o) (__negsi2)
/usr/local/Cellar/avr-gcc/4.9.2/lib/gcc/avr/4.9.2/avr51/libgcc.a(_exit.o)
                              /usr/local/Cellar/avr-gcc/4.9.2/lib/gcc/avr/4.9.2/../../../../avr/lib/avr51/crtm128rfa1.o (exit)
/usr/local/Cellar/avr-gcc/4.9.2/lib/gcc/avr/4.9.2/avr51/libgcc.a(_tablejump2.o)
                              ../../../../src/platform/firefly3/source/ulib.o (__tablejump2__)
/usr/local/Cellar/avr-gcc/4.9.2/lib/gcc/avr/4.9.2/avr51/libgcc.a(_copy_data.o)
                              main.o (__do_copy_data)
/usr/local/Cellar/avr-gcc/4.9.2/lib/gcc/avr/4.9.2/avr51/libgcc.a(_clear_bss.o)
                              main.o (__do_clear_bss)
/usr/local/Cellar/avr-gcc/4.9.2/lib/gcc/avr/4.9.2/avr51/libgcc.a(_ashldi3.o)
                              ../../../../src/net/flash/flash.o (__ashldi3)
/usr/local/Cellar/avr-gcc/4.9.2/lib/gcc/avr/4.9.2/avr51/libgcc.a(_ashrdi3.o)
                              ../../../../src/kernel/source/nrk_time.o (__lshrdi3)
/usr/local/Cellar/avr-gcc/4.9.2/lib/gcc/avr/4.9.2/avr51/libgcc.a(_adddi3.o)
                              ../../../../src/net/flash/flash.o (__adddi3)
/usr/local/Cellar/avr-gcc/4.9.2/lib/gcc/avr/4.9.2/avr51/libgcc.a(_adddi3_s8.o)
                              ../../../../src/net/flash/flash.o (__adddi3_s8)
/usr/local/Cellar/avr-gcc/4.9.2/lib/gcc/avr/4.9.2/avr51/libgcc.a(_subdi3.o)
                              ../../../../src/net/flash/flash.o (__subdi3)
/usr/local/Cellar/avr-gcc/4.9.2/lib/gcc/avr/4.9.2/avr51/libgcc.a(_cmpdi2.o)
                              ../../../../src/net/flash/flash.o (__cmpdi2)
/usr/local/Cellar/avr-gcc/4.9.2/lib/gcc/avr/4.9.2/avr51/libgcc.a(_umulhisi3.o)
                              /usr/local/Cellar/avr-gcc/4.9.2/lib/gcc/avr/4.9.2/avr51/libgcc.a(_muluhisi3.o) (__umulhisi3)
/usr/local/Cellar/avr-gcc/4.9.2/lib/gcc/avr/4.9.2/../../../../avr/lib/avr51/libc.a(strchr_P.o)
                              /usr/local/Cellar/avr-gcc/4.9.2/lib/gcc/avr/4.9.2/../../../../avr/lib/avr51/libprintf_min.a(vfprintf_min.o) (strchr_P)
/usr/local/Cellar/avr-gcc/4.9.2/lib/gcc/avr/4.9.2/../../../../avr/lib/avr51/libc.a(memcpy.o)
                              ../../../../src/radio/rf231_soc/source/basic_rf.o (memcpy)
/usr/local/Cellar/avr-gcc/4.9.2/lib/gcc/avr/4.9.2/../../../../avr/lib/avr51/libc.a(strncmp.o)
                              ../../../../src/radio/rf231_soc/source/basic_rf.o (strncmp)
/usr/local/Cellar/avr-gcc/4.9.2/lib/gcc/avr/4.9.2/../../../../avr/lib/avr51/libc.a(fdevopen.o)
                              ../../../../src/platform/firefly3/source/ulib.o (fdevopen)
/usr/local/Cellar/avr-gcc/4.9.2/lib/gcc/avr/4.9.2/../../../../avr/lib/avr51/libc.a(fputc.o)
                              ../../../../src/platform/firefly3/source/ulib.o (fputc)
/usr/local/Cellar/avr-gcc/4.9.2/lib/gcc/avr/4.9.2/../../../../avr/lib/avr51/libc.a(iob.o)
                              ../../../../src/platform/firefly3/source/ulib.o (__iob)
/usr/local/Cellar/avr-gcc/4.9.2/lib/gcc/avr/4.9.2/../../../../avr/lib/avr51/libc.a(printf.o)
                              main.o (printf)
/usr/local/Cellar/avr-gcc/4.9.2/lib/gcc/avr/4.9.2/../../../../avr/lib/avr51/libc.a(putchar.o)
                              ../../../../src/radio/rf231_soc/source/basic_rf.o (putchar)
/usr/local/Cellar/avr-gcc/4.9.2/lib/gcc/avr/4.9.2/../../../../avr/lib/avr51/libc.a(puts.o)
                              main.o (puts)
/usr/local/Cellar/avr-gcc/4.9.2/lib/gcc/avr/4.9.2/../../../../avr/lib/avr51/libc.a(sprintf.o)
                              ../../../../src/kernel/source/nrk_error.o (sprintf)
/usr/local/Cellar/avr-gcc/4.9.2/lib/gcc/avr/4.9.2/../../../../avr/lib/avr51/libc.a(ultoa_invert.o)
[...]
Memory Configuration

Name             Origin             Length             Attributes
text             0x0000000000000000 0x0000000000020000 xr
data             0x0000000000800100 0x000000000000ff00 rw !x
eeprom           0x0000000000810000 0x0000000000010000 rw !x
fuse             0x0000000000820000 0x0000000000000400 rw !x
lock             0x0000000000830000 0x0000000000000400 rw !x
signature        0x0000000000840000 0x0000000000000400 rw !x
*default*        0x0000000000000000 0xffffffffffffffff

Linker script and memory map

Address of section .data set to 0x800200
LOAD /usr/local/Cellar/avr-gcc/4.9.2/lib/gcc/avr/4.9.2/../../../../avr/lib/avr51/crtm128rfa1.o
LOAD main.o
LOAD ../../../../src/net/flash/flash.o
LOAD ../../../../src/radio/rf231_soc/source/basic_rf.o
LOAD ../../../../src/platform/firefly3/source/ulib.o
LOAD ../../../../src/platform/firefly3/source/hal_wait.o
LOAD ../../../../src/platform/firefly3/source/nrk_eeprom.o
LOAD ../../../../src/kernel/source/nrk.o
LOAD ../../../../src/kernel/source/nrk_stats.o
LOAD ../../../../src/kernel/source/nrk_error.o
LOAD ../../../../src/kernel/source/nrk_stack_check.o
LOAD ../../../../src/kernel/source/nrk_events.o
LOAD ../../../../src/kernel/source/nrk_task.o
LOAD ../../../../src/kernel/source/nrk_time.o
LOAD ../../../../src/kernel/source/nrk_idle_task.o
LOAD ../../../../src/kernel/source/nrk_scheduler.o
LOAD ../../../../src/kernel/source/nrk_driver.o
LOAD ../../../../src/kernel/source/nrk_reserve.o
LOAD ../../../../src/kernel/source/nrk_sw_wdt.o
LOAD ../../../../src/kernel/hal/atmega128rfa1/nrk_timer.o
LOAD ../../../../src/kernel/hal/atmega128rfa1/nrk_status.o
LOAD ../../../../src/kernel/hal/atmega128rfa1/nrk_ext_int.o
LOAD ../../../../src/kernel/hal/atmega128rfa1/nrk_watchdog.o
LOAD ../../../../src/kernel/hal/atmega128rfa1/nrk_cpu.o
LOAD ../../../../src/kernel/hal/atmega128rfa1/atmel_hw_specific.o
LOAD /usr/local/Cellar/avr-gcc/4.9.2/lib/gcc/avr/4.9.2/../../../../avr/lib/avr51/libprintf_min.a
LOAD /usr/local/Cellar/avr-gcc/4.9.2/lib/gcc/avr/4.9.2/../../../../avr/lib/avr51/libm.a
START GROUP
LOAD /usr/local/Cellar/avr-gcc/4.9.2/lib/gcc/avr/4.9.2/avr51/libgcc.a
LOAD /usr/local/Cellar/avr-gcc/4.9.2/lib/gcc/avr/4.9.2/../../../../avr/lib/avr51/libm.a
LOAD /usr/local/Cellar/avr-gcc/4.9.2/lib/gcc/avr/4.9.2/../../../../avr/lib/avr51/libc.a
END GROUP

.hash
 *(.hash)

.dynsym
 *(.dynsym)

.dynstr
 *(.dynstr)

.gnu.version
 *(.gnu.version)

.gnu.version_d
 *(.gnu.version_d)

.gnu.version_r
 *(.gnu.version_r)

.rel.init
 *(.rel.init)

.rela.init
 *(.rela.init)

.rel.text
 *(.rel.text)
 *(.rel.text.*)
 *(.rel.gnu.linkonce.t*)

.rela.text
 *(.rela.text)
 *(.rela.text.*)
 *(.rela.gnu.linkonce.t*)

.rel.fini
 *(.rel.fini)

.rela.fini
 *(.rela.fini)

.rel.rodata
 *(.rel.rodata)
 *(.rel.rodata.*)
 *(.rel.gnu.linkonce.r*)

.rela.rodata
 *(.rela.rodata)
 *(.rela.rodata.*)
 *(.rela.gnu.linkonce.r*)

.rel.data
 *(.rel.data)
 *(.rel.data.*)
 *(.rel.gnu.linkonce.d*)

.rela.data
 *(.rela.data)
 *(.rela.data.*)
 *(.rela.gnu.linkonce.d*)

.rel.ctors
 *(.rel.ctors)

.rela.ctors
 *(.rela.ctors)

.rel.dtors
 *(.rel.dtors)

.rela.dtors
 *(.rela.dtors)

.rel.got
 *(.rel.got)

.rela.got
 *(.rela.got)

.rel.bss
 *(.rel.bss)

.rela.bss
 *(.rela.bss)

.rel.plt
 *(.rel.plt)

.rela.plt
 *(.rela.plt)

.text           0x0000000000000000     0x5b3e
 *(.vectors)
 .vectors       0x0000000000000000      0x120 /usr/local/Cellar/avr-gcc/4.9.2/lib/gcc/avr/4.9.2/../../../../avr/lib/avr51/crtm128rfa1.o
                0x0000000000000000                __vectors
 *(.vectors)
 *(.progmem.gcc*)
 .progmem.gcc_sw_table
                0x0000000000000120       0x54 ../../../../src/platform/firefly3/source/ulib.o
 .progmem.gcc_sw_table
                0x0000000000000174       0x40 ../../../../src/kernel/source/nrk_error.o
                0x00000000000001b4                . = ALIGN (0x2)
                0x00000000000001b4                __trampolines_start = .
 *(.trampolines)
 .trampolines   0x00000000000001b4        0x0 linker stubs
 *(.trampolines*)
                0x00000000000001b4                __trampolines_end = .
 *(.progmem*)
 .progmem.data  0x00000000000001b4       0x28 ../../../../src/radio/rf231_soc/source/basic_rf.o
 .progmem.data  0x00000000000001dc      0x238 ../../../../src/kernel/source/nrk_error.o
 .progmem.data  0x0000000000000414        0xf ../../../../src/kernel/source/nrk_stack_check.o
 .progmem.data  0x0000000000000423       0x17 /usr/local/Cellar/avr-gcc/4.9.2/lib/gcc/avr/4.9.2/../../../../avr/lib/avr51/libprintf_min.a(vfprintf_min.o)
                0x000000000000043a                . = ALIGN (0x2)
 *(.jumptables)
 *(.jumptables*)
 *(.lowtext)
 *(.lowtext*)
                0x000000000000043a                __ctors_start = .
 *(.ctors)
                0x000000000000043a                __ctors_end = .
                0x000000000000043a                __dtors_start = .
 *(.dtors)
                0x000000000000043a                __dtors_end = .
 SORT(*)(.ctors)
 SORT(*)(.dtors)
 *(.init0)
 .init0         0x000000000000043a        0x0 /usr/local/Cellar/avr-gcc/4.9.2/lib/gcc/avr/4.9.2/../../../../avr/lib/avr51/crtm128rfa1.o
                0x000000000000043a                __init
 *(.init0)
 *(.init1)
 *(.init1)
 *(.init2)
 .init2         0x000000000000043a        0xc /usr/local/Cellar/avr-gcc/4.9.2/lib/gcc/avr/4.9.2/../../../../avr/lib/avr51/crtm128rfa1.o
 *(.init2)
 *(.init3)
 *(.init3)
 *(.init4)
 .init4         0x0000000000000446       0x1a /usr/local/Cellar/avr-gcc/4.9.2/lib/gcc/avr/4.9.2/avr51/libgcc.a(_copy_data.o)
                0x0000000000000446                __do_copy_data
 .init4         0x0000000000000460       0x10 /usr/local/Cellar/avr-gcc/4.9.2/lib/gcc/avr/4.9.2/avr51/libgcc.a(_clear_bss.o)
                0x0000000000000460                __do_clear_bss
 *(.init4)
 *(.init5)
 *(.init5)
 *(.init6)
 *(.init6)
 *(.init7)
 *(.init7)
 *(.init8)
 *(.init8)
 *(.init9)
 .init9         0x0000000000000470        0x8 /usr/local/Cellar/avr-gcc/4.9.2/lib/gcc/avr/4.9.2/../../../../avr/lib/avr51/crtm128rfa1.o
 *(.init9)
 *(.text)
 .text          0x0000000000000478        0x4 /usr/local/Cellar/avr-gcc/4.9.2/lib/gcc/avr/4.9.2/../../../../avr/lib/avr51/crtm128rfa1.o
                0x0000000000000478                __vector_65
                0x0000000000000478                __vector_22
                0x0000000000000478                __vector_28
                0x0000000000000478                __vector_67
                0x0000000000000478                __vector_71
                0x0000000000000478                __vector_34
                0x0000000000000478                __vector_24
                0x0000000000000478                __vector_12
                0x0000000000000478                __vector_55
                0x0000000000000478                __vector_69
                0x0000000000000478                __vector_46
                0x0000000000000478                __bad_interrupt
                0x0000000000000478                __vector_6
                0x0000000000000478                __vector_31
                0x0000000000000478                __vector_35
                0x0000000000000478                __vector_39
                0x0000000000000478                __vector_23
                0x0000000000000478                __vector_68
                0x0000000000000478                __vector_30
                0x0000000000000478                __vector_45
                0x0000000000000478                __vector_25
                0x0000000000000478                __vector_11
                0x0000000000000478                __vector_54
                0x0000000000000478                __vector_17
                0x0000000000000478                __vector_19
                0x0000000000000478                __vector_56
                0x0000000000000478                __vector_7
                0x0000000000000478                __vector_49
                0x0000000000000478                __vector_41
                0x0000000000000478                __vector_43
                0x0000000000000478                __vector_27
                0x0000000000000478                __vector_5
                0x0000000000000478                __vector_33
                0x0000000000000478                __vector_47
                0x0000000000000478                __vector_52
                0x0000000000000478                __vector_37
                0x0000000000000478                __vector_4
                0x0000000000000478                __vector_44
                0x0000000000000478                __vector_51
                0x0000000000000478                __vector_21
                0x0000000000000478                __vector_66
                0x0000000000000478                __vector_36
                0x0000000000000478                __vector_70
                0x0000000000000478                __vector_29
                0x0000000000000478                __vector_40
                0x0000000000000478                __vector_8
                0x0000000000000478                __vector_26
                0x0000000000000478                __vector_48
                0x0000000000000478                __vector_14
                0x0000000000000478                __vector_53
                0x0000000000000478                __vector_10
                0x0000000000000478                __vector_50
                0x0000000000000478                __vector_16
                0x0000000000000478                __vector_18
                0x0000000000000478                __vector_20
                0x0000000000000478                __vector_42
                0x0000000000000478                __vector_38
 .text          0x000000000000047c      0x1d4 main.o
                0x000000000000047c                node_data_callback
                0x00000000000005fc                main_disabled
 .text          0x0000000000000650      0x76a ../../../../src/net/flash/flash.o
                0x0000000000000650                timer_3_callback
                0x0000000000000700                rx_finished_callback
                0x0000000000000710                nrk_time_compare
                0x0000000000000796                flash_msg_len_set
                0x00000000000007a0                flash_msg_len_get
                0x00000000000007aa                flash_rf_power_set
                0x00000000000007ba                flash_err_count_reset
                0x00000000000007cc                flash_err_count_get
                0x00000000000007de                flash_tx_pkt
                0x000000000000081c                flash_tx_callback_set
                0x0000000000000820                flash_run_tests
                0x0000000000000938                flash_init
                0x00000000000009b6                flash_set_retransmit
                0x00000000000009bc                flash_timer_setup
                0x00000000000009fc                flash_get_current_time
                0x0000000000000b5c                rx_started_callback
                0x0000000000000b82                flash_enable
                0x0000000000000cec                flash_set_time
                0x0000000000000d98                flash_reset_timer
 .text          0x0000000000000dba      0xb14 ../../../../src/radio/rf231_soc/source/basic_rf.o
                0x0000000000000df6                set_wireless_prog
                0x0000000000000dfc                rf_enable_glossy
                0x0000000000000e04                rf_disable_glossy
                0x0000000000000e0a                rf_power_down
                0x0000000000000e56                rf_power_up
                0x0000000000000e82                rf_pll_on
                0x0000000000000e88                rf_tx_power
                0x0000000000000e9c                rf_addr_decode_enable
                0x0000000000000ea8                rf_addr_decode_disable
                0x0000000000000eb4                rf_auto_ack_enable
                0x0000000000000ec0                rf_auto_ack_disable
                0x0000000000000ecc                rf_addr_decode_set_my_mac
                0x0000000000000ede                rf_set_rx
                0x0000000000000ef8                rx_start_callback
                0x0000000000000f02                rx_end_callback
                0x0000000000000f0c                tx_start_callback
                0x0000000000000f16                rf_init
                0x0000000000000ff6                rf_rx_on
                0x0000000000000ffc                rf_polling_rx_on
                0x0000000000001002                rf_rx_off
                0x000000000000100e                rf_tx_packet
                0x00000000000011a6                rf_tx_packet_blocking
                0x00000000000011c2                rf_tx_packet_resend
                0x00000000000011e4                rf_cca_check
                0x0000000000001248                rf_rx_packet_nonblock
                0x000000000000142a                __vector_64
                0x0000000000001448                __vector_63
                0x000000000000146c                __vector_62
                0x000000000000148a                __vector_61
                0x00000000000014a8                __vector_59
                0x0000000000001508                __vector_58
                0x0000000000001526                __vector_57
                0x0000000000001544                rf_set_cca_thresh
                0x0000000000001558                rf_security_last_pkt_status
                0x000000000000155c                rf_security_set_ctr_counter
                0x000000000000155e                rf_security_set_key
                0x0000000000001560                rf_security_disable
                0x0000000000001562                rf_tx_tdma_packet
                0x0000000000001566                rf_get_sem
                0x0000000000001570                rf_flush_rx_fifo
                0x0000000000001572                rf_busy
                0x0000000000001576                rf_rx_check_fifop
                0x000000000000157a                rf_rx_check_sfd
                0x000000000000157e                rf_carrier_on
                0x0000000000001580                rf_carrier_off
                0x0000000000001582                rf_test_mode
                0x0000000000001584                rf_data_mode
                0x0000000000001586                rf_rx_set_serial
                0x0000000000001588                rf_tx_set_serial
                0x000000000000158a                rf_set_preamble_length
                0x000000000000158c                rf_set_cca_mode
                0x000000000000158e                rf_cc2591_tx_on
                0x000000000000159e                rf_cc2591_rx_on
                0x00000000000015ae                rf_glossy_interrupt
                0x0000000000001688                __vector_60
                0x0000000000001720                aes_setkey
                0x0000000000001764                aes_encrypt
                0x0000000000001802                aes_decrypt
 .text          0x00000000000018ce      0x7e2 ../../../../src/platform/firefly3/source/ulib.o
                0x00000000000018ce                getc0
                0x00000000000018e6                putc0
                0x00000000000018fe                nrk_uart_rx_signal_get
                0x0000000000001902                nrk_uart_data_ready
                0x0000000000001920                nrk_kprintf
                0x000000000000194a                PORT_INIT
                0x000000000000195e                nrk_setup_ports
                0x0000000000001962                nrk_gpio_set
                0x0000000000001a44                nrk_gpio_clr
                0x0000000000001b34                nrk_gpio_get
                0x0000000000001b88                nrk_gpio_toggle
                0x0000000000001d9e                nrk_gpio_direction
                0x0000000000001f52                nrk_get_button
                0x0000000000001f66                nrk_led_toggle
                0x0000000000001f94                nrk_led_clr
                0x0000000000001fc2                nrk_led_set
                0x0000000000001ff0                nrk_gpio_pullups
                0x0000000000002004                putc1
                0x0000000000002012                setup_uart0
                0x000000000000203c                setup_uart1
                0x0000000000002066                nrk_setup_uart
                0x0000000000002098                getc1
 .text          0x00000000000020b0        0xe ../../../../src/platform/firefly3/source/hal_wait.o
                0x00000000000020b0                halWait
 .text          0x00000000000020be      0x13e ../../../../src/platform/firefly3/source/nrk_eeprom.o
                0x00000000000020be                nrk_eeprom_read_byte
                0x00000000000020c2                nrk_eeprom_write_byte
                0x00000000000020c8                read_eeprom_mac_address
                0x0000000000002134                read_eeprom_channel
                0x000000000000214c                write_eeprom_load_img_pages
                0x000000000000215c                read_eeprom_load_img_pages
                0x0000000000002174                read_eeprom_aes_key
                0x00000000000021a4                write_eeprom_aes_key
                0x00000000000021d4                read_eeprom_current_image_checksum
                0x00000000000021ec                write_eeprom_current_image_checksum
 .text          0x00000000000021fc      0x332 ../../../../src/kernel/source/nrk.o
                0x00000000000021fc                nrk_int_disable
                0x0000000000002200                nrk_int_enable
                0x0000000000002204                nrk_halt
                0x000000000000220a                nrk_init
                0x000000000000234e                nrk_start
                0x00000000000023b8                nrk_TCB_init
                0x0000000000002524                _nrk_timer_tick
                0x0000000000002528                nrk_version
 .text          0x000000000000252e        0x0 ../../../../src/kernel/source/nrk_stats.o
 .text          0x000000000000252e      0x35a ../../../../src/kernel/source/nrk_error.o
                0x000000000000252e                _nrk_errno_set
                0x000000000000253a                nrk_errno_get
                0x0000000000002546                nrk_error_get
                0x000000000000255e                nrk_error_handle
                0x0000000000002564                nrk_error_print
                0x0000000000002678                nrk_error_add
                0x0000000000002694                nrk_kernel_error_add
                0x00000000000026a6                clear_regs
                0x0000000000002706                pause
                0x0000000000002730                blink_dash
                0x0000000000002750                blink_dot
                0x0000000000002768                blink_morse_code_error
 .text          0x0000000000002888      0x1dc ../../../../src/kernel/source/nrk_stack_check.o
                0x0000000000002888                dump_stack_info
                0x00000000000029e4                nrk_stack_check
                0x0000000000002a2e                nrk_stack_check_pid
 .text          0x0000000000002a64      0x692 ../../../../src/kernel/source/nrk_events.o
                0x0000000000002a64                nrk_signal_create
                0x0000000000002ad6                nrk_signal_get_registered_mask
                0x0000000000002ae8                nrk_signal_delete
                0x0000000000002c06                nrk_signal_unregister
                0x0000000000002c84                nrk_signal_register
                0x0000000000002ce8                nrk_event_signal
                0x0000000000002dca                nrk_event_wait
                0x0000000000002e3e                nrk_sem_create
                0x0000000000002e86                nrk_get_resource_index
                0x0000000000002ea0                nrk_sem_query
                0x0000000000002ed2                nrk_sem_pend
                0x0000000000002f8e                nrk_sem_post
                0x00000000000030b2                nrk_sem_delete
 .text          0x00000000000030f6      0x69c ../../../../src/kernel/source/nrk_task.o
                0x00000000000030f6                nrk_get_high_ready_task_ID
                0x0000000000003102                nrk_print_readyQ
                0x0000000000003118                nrk_add_to_readyQ
                0x0000000000003270                nrk_rem_from_readyQ
                0x0000000000003310                nrk_activate_task
                0x00000000000033a6                nrk_set_next_wakeup
                0x0000000000003420                _nrk_wait_for_scheduler
                0x0000000000003434                nrk_wait_until_next_period
                0x0000000000003488                nrk_terminate_task
                0x00000000000034aa                nrk_wait_until_next_n_periods
                0x000000000000350a                nrk_wait_ticks
                0x0000000000003582                nrk_wait_until_ticks
                0x00000000000035e0                nrk_wait_until_nw
                0x000000000000362c                nrk_wait
                0x00000000000036da                nrk_wait_until
                0x0000000000003786                nrk_get_pid
 .text          0x0000000000003792      0x6e0 ../../../../src/kernel/source/nrk_time.o
                0x0000000000003792                nrk_full_time_get
                0x000000000000396e                nrk_time_get
                0x0000000000003a28                nrk_time_sub
                0x0000000000003b40                nrk_time_compact_nanos
                0x0000000000003b82                nrk_time_add
                0x0000000000003c38                nrk_time_set
                0x0000000000003c4e                _nrk_time_to_ticks
                0x0000000000003d30                _nrk_ticks_to_time
                0x0000000000003d9e                _nrk_time_to_ticks_long
 .text          0x0000000000003e72       0x48 ../../../../src/kernel/source/nrk_idle_task.o
                0x0000000000003e72                nrk_idle_task
 .text          0x0000000000003eba      0x56c ../../../../src/kernel/source/nrk_scheduler.o
                0x0000000000003eba                _nrk_scheduler
 .text          0x0000000000004426      0x1dc ../../../../src/kernel/source/nrk_driver.o
                0x0000000000004426                nrk_register_driver
                0x0000000000004450                nrk_open
                0x00000000000044de                nrk_close
                0x000000000000451a                nrk_write
                0x0000000000004554                nrk_read
                0x000000000000458e                nrk_set_status
                0x00000000000045c8                nrk_get_status
 .text          0x0000000000004602        0x0 ../../../../src/kernel/source/nrk_reserve.o
 .text          0x0000000000004602        0x0 ../../../../src/kernel/source/nrk_sw_wdt.o
 .text          0x0000000000004602      0x392 ../../../../src/kernel/hal/atmega128rfa1/nrk_timer.o
                0x0000000000004602                nrk_spin_wait_us
                0x0000000000004620                _nrk_precision_os_timer_stop
                0x0000000000004626                _nrk_precision_os_timer_start
                0x000000000000463a                _nrk_precision_os_timer_reset
                0x0000000000004644                _nrk_precision_os_timer_get
                0x0000000000004668                _nrk_high_speed_timer_stop
                0x000000000000466e                _nrk_high_speed_timer_start
                0x0000000000004676                _nrk_high_speed_timer_reset
                0x0000000000004686                _nrk_high_speed_timer_get
                0x00000000000046aa                nrk_high_speed_timer_wait
                0x000000000000470a                _nrk_os_timer_stop
                0x0000000000004720                _nrk_os_timer_set
                0x0000000000004726                _nrk_os_timer_start
                0x0000000000004738                _nrk_os_timer_reset
                0x000000000000474c                _nrk_setup_timer
                0x00000000000047d2                _nrk_get_next_wakeup
                0x00000000000047da                _nrk_set_next_wakeup
                0x00000000000047e2                nrk_timer_int_stop
                0x00000000000047ee                nrk_timer_int_reset
                0x0000000000004802                nrk_timer_int_read
                0x0000000000004816                nrk_timer_int_start
                0x0000000000004828                nrk_timer_int_configure
                0x000000000000489c                _nrk_os_timer_get
                0x00000000000048a2                __vector_default
                0x00000000000048b6                __vector_13
                0x00000000000048b6                __vector_15
                0x000000000000491c                __vector_32
                0x0000000000004980                SIG_OUTPUT_COMPARE1A
 .text          0x0000000000004994       0x4c ../../../../src/kernel/hal/atmega128rfa1/nrk_status.o
                0x0000000000004994                _nrk_startup_error
 .text          0x00000000000049e0      0x3a8 ../../../../src/kernel/hal/atmega128rfa1/nrk_ext_int.o
                0x00000000000049e0                nrk_ext_int_enable
                0x0000000000004a62                nrk_ext_int_disable
                0x0000000000004ae4                nrk_ext_int_configure
                0x0000000000004bf8                __vector_9
                0x0000000000004c5c                __vector_1
                0x0000000000004cc0                __vector_2
                0x0000000000004d24                __vector_3
 .text          0x0000000000004d88       0x4c ../../../../src/kernel/hal/atmega128rfa1/nrk_watchdog.o
                0x0000000000004d88                nrk_watchdog_disable
                0x0000000000004da4                nrk_watchdog_enable
                0x0000000000004dc2                nrk_watchdog_check
                0x0000000000004dd0                nrk_watchdog_reset
 .text          0x0000000000004dd4      0x124 ../../../../src/kernel/hal/atmega128rfa1/nrk_cpu.o
                0x0000000000004dd4                nrk_battery_save
                0x0000000000004dd6                nrk_sleep
                0x0000000000004dee                nrk_idle
                0x0000000000004e04                nrk_task_set_entry_function
                0x0000000000004e0c                nrk_task_set_stk
                0x0000000000004e48                nrk_task_stk_init
                0x0000000000004ec4                nrk_stack_pointer_init
                0x0000000000004ee2                nrk_stack_pointer_restore
                0x0000000000004ef0                nrk_target_start
 .text          0x0000000000004ef8       0x56 ../../../../src/kernel/hal/atmega128rfa1/atmel_hw_specific.o
                0x0000000000004ef8                nrk_start_high_ready_task
 .text          0x0000000000004f4e        0x0 /usr/local/Cellar/avr-gcc/4.9.2/lib/gcc/avr/4.9.2/../../../../avr/lib/avr51/libprintf_min.a(vfprintf_min.o)
 .text          0x0000000000004f4e        0x0 /usr/local/Cellar/avr-gcc/4.9.2/lib/gcc/avr/4.9.2/avr51/libgcc.a(_muluhisi3.o)
 .text          0x0000000000004f4e        0x0 /usr/local/Cellar/avr-gcc/4.9.2/lib/gcc/avr/4.9.2/avr51/libgcc.a(_mulsi3.o)
 .text          0x0000000000004f4e        0x0 /usr/local/Cellar/avr-gcc/4.9.2/lib/gcc/avr/4.9.2/avr51/libgcc.a(_udivmodsi4.o)
 .text          0x0000000000004f4e        0x0 /usr/local/Cellar/avr-gcc/4.9.2/lib/gcc/avr/4.9.2/avr51/libgcc.a(_divmodsi4.o)
 .text          0x0000000000004f4e        0x0 /usr/local/Cellar/avr-gcc/4.9.2/lib/gcc/avr/4.9.2/avr51/libgcc.a(_udivdi3.o)
 .text          0x0000000000004f4e        0x0 /usr/local/Cellar/avr-gcc/4.9.2/lib/gcc/avr/4.9.2/avr51/libgcc.a(_udivmod64.o)
 .text          0x0000000000004f4e        0x0 /usr/local/Cellar/avr-gcc/4.9.2/lib/gcc/avr/4.9.2/avr51/libgcc.a(_negsi2.o)
 .text          0x0000000000004f4e        0x0 /usr/local/Cellar/avr-gcc/4.9.2/lib/gcc/avr/4.9.2/avr51/libgcc.a(_exit.o)
 .text          0x0000000000004f4e        0x0 /usr/local/Cellar/avr-gcc/4.9.2/lib/gcc/avr/4.9.2/avr51/libgcc.a(_tablejump2.o)
 .text          0x0000000000004f4e        0x0 /usr/local/Cellar/avr-gcc/4.9.2/lib/gcc/avr/4.9.2/avr51/libgcc.a(_copy_data.o)
 .text          0x0000000000004f4e        0x0 /usr/local/Cellar/avr-gcc/4.9.2/lib/gcc/avr/4.9.2/avr51/libgcc.a(_clear_bss.o)
 .text          0x0000000000004f4e        0x0 /usr/local/Cellar/avr-gcc/4.9.2/lib/gcc/avr/4.9.2/avr51/libgcc.a(_ashldi3.o)
 .text          0x0000000000004f4e        0x0 /usr/local/Cellar/avr-gcc/4.9.2/lib/gcc/avr/4.9.2/avr51/libgcc.a(_ashrdi3.o)
 .text          0x0000000000004f4e        0x0 /usr/local/Cellar/avr-gcc/4.9.2/lib/gcc/avr/4.9.2/avr51/libgcc.a(_adddi3.o)
 .text          0x0000000000004f4e        0x0 /usr/local/Cellar/avr-gcc/4.9.2/lib/gcc/avr/4.9.2/avr51/libgcc.a(_adddi3_s8.o)
 .text          0x0000000000004f4e        0x0 /usr/local/Cellar/avr-gcc/4.9.2/lib/gcc/avr/4.9.2/avr51/libgcc.a(_subdi3.o)
 .text          0x0000000000004f4e        0x0 /usr/local/Cellar/avr-gcc/4.9.2/lib/gcc/avr/4.9.2/avr51/libgcc.a(_cmpdi2.o)
 .text          0x0000000000004f4e        0x0 /usr/local/Cellar/avr-gcc/4.9.2/lib/gcc/avr/4.9.2/avr51/libgcc.a(_umulhisi3.o)
 .text          0x0000000000004f4e        0x0 /usr/local/Cellar/avr-gcc/4.9.2/lib/gcc/avr/4.9.2/../../../../avr/lib/avr51/libc.a(strchr_P.o)
 .text          0x0000000000004f4e        0x0 /usr/local/Cellar/avr-gcc/4.9.2/lib/gcc/avr/4.9.2/../../../../avr/lib/avr51/libc.a(memcpy.o)
 .text          0x0000000000004f4e        0x0 /usr/local/Cellar/avr-gcc/4.9.2/lib/gcc/avr/4.9.2/../../../../avr/lib/avr51/libc.a(strncmp.o)
 .text          0x0000000000004f4e        0x0 /usr/local/Cellar/avr-gcc/4.9.2/lib/gcc/avr/4.9.2/../../../../avr/lib/avr51/libc.a(fdevopen.o)
 .text          0x0000000000004f4e        0x0 /usr/local/Cellar/avr-gcc/4.9.2/lib/gcc/avr/4.9.2/../../../../avr/lib/avr51/libc.a(fputc.o)
 .text          0x0000000000004f4e        0x0 /usr/local/Cellar/avr-gcc/4.9.2/lib/gcc/avr/4.9.2/../../../../avr/lib/avr51/libc.a(iob.o)
 .text          0x0000000000004f4e        0x0 /usr/local/Cellar/avr-gcc/4.9.2/lib/gcc/avr/4.9.2/../../../../avr/lib/avr51/libc.a(printf.o)
 .text          0x0000000000004f4e        0x0 /usr/local/Cellar/avr-gcc/4.9.2/lib/gcc/avr/4.9.2/../../../../avr/lib/avr51/libc.a(putchar.o)
 .text          0x0000000000004f4e        0x0 /usr/local/Cellar/avr-gcc/4.9.2/lib/gcc/avr/4.9.2/../../../../avr/lib/avr51/libc.a(puts.o)
 .text          0x0000000000004f4e        0x0 /usr/local/Cellar/avr-gcc/4.9.2/lib/gcc/avr/4.9.2/../../../../avr/lib/avr51/libc.a(sprintf.o)
 .text          0x0000000000004f4e        0x0 /usr/local/Cellar/avr-gcc/4.9.2/lib/gcc/avr/4.9.2/../../../../avr/lib/avr51/libc.a(ultoa_invert.o)
 .text          0x0000000000004f4e        0x0 /usr/local/Cellar/avr-gcc/4.9.2/lib/gcc/avr/4.9.2/../../../../avr/lib/avr51/libc.a(eerd_byte_atmega128rfa1.o)
 .text          0x0000000000004f4e        0x0 /usr/local/Cellar/avr-gcc/4.9.2/lib/gcc/avr/4.9.2/../../../../avr/lib/avr51/libc.a(eewr_byte_atmega128rfa1.o)
 .text          0x0000000000004f4e        0x0 /usr/local/Cellar/avr-gcc/4.9.2/lib/gcc/avr/4.9.2/../../../../avr/lib/avr51/libc.a(calloc.o)
 .text          0x0000000000004f4e        0x0 /usr/local/Cellar/avr-gcc/4.9.2/lib/gcc/avr/4.9.2/../../../../avr/lib/avr51/libc.a(malloc.o)
 .text          0x0000000000004f4e        0x0 /usr/local/Cellar/avr-gcc/4.9.2/lib/gcc/avr/4.9.2/../../../../avr/lib/avr51/libc.a(memset.o)
                0x0000000000004f4e                . = ALIGN (0x2)
 *(.text.*)
 .text.startup  0x0000000000004f4e      0x136 main.o
                0x0000000000004f4e                main
 .text.avr-libc
                0x0000000000005084      0x28e /usr/local/Cellar/avr-gcc/4.9.2/lib/gcc/avr/4.9.2/../../../../avr/lib/avr51/libprintf_min.a(vfprintf_min.o)
                0x0000000000005084                vfprintf
 .text.libgcc.mul
                0x0000000000005312       0x16 /usr/local/Cellar/avr-gcc/4.9.2/lib/gcc/avr/4.9.2/avr51/libgcc.a(_muluhisi3.o)
                0x0000000000005312                __muluhisi3
 .text.libgcc.div
                0x0000000000005328        0x0 /usr/local/Cellar/avr-gcc/4.9.2/lib/gcc/avr/4.9.2/avr51/libgcc.a(_muluhisi3.o)
 .text.libgcc   0x0000000000005328        0x0 /usr/local/Cellar/avr-gcc/4.9.2/lib/gcc/avr/4.9.2/avr51/libgcc.a(_muluhisi3.o)
 .text.libgcc.prologue
                0x0000000000005328        0x0 /usr/local/Cellar/avr-gcc/4.9.2/lib/gcc/avr/4.9.2/avr51/libgcc.a(_muluhisi3.o)
 .text.libgcc.builtins
                0x0000000000005328        0x0 /usr/local/Cellar/avr-gcc/4.9.2/lib/gcc/avr/4.9.2/avr51/libgcc.a(_muluhisi3.o)
 .text.libgcc.fmul
                0x0000000000005328        0x0 /usr/local/Cellar/avr-gcc/4.9.2/lib/gcc/avr/4.9.2/avr51/libgcc.a(_muluhisi3.o)
 .text.libgcc.fixed
                0x0000000000005328        0x0 /usr/local/Cellar/avr-gcc/4.9.2/lib/gcc/avr/4.9.2/avr51/libgcc.a(_muluhisi3.o)
 .text.libgcc.mul
                0x0000000000005328       0x20 /usr/local/Cellar/avr-gcc/4.9.2/lib/gcc/avr/4.9.2/avr51/libgcc.a(_mulsi3.o)
                0x0000000000005328                __mulsi3
 .text.libgcc.div
                0x0000000000005348        0x0 /usr/local/Cellar/avr-gcc/4.9.2/lib/gcc/avr/4.9.2/avr51/libgcc.a(_mulsi3.o)
 .text.libgcc   0x0000000000005348        0x0 /usr/local/Cellar/avr-gcc/4.9.2/lib/gcc/avr/4.9.2/avr51/libgcc.a(_mulsi3.o)
 .text.libgcc.prologue
                0x0000000000005348        0x0 /usr/local/Cellar/avr-gcc/4.9.2/lib/gcc/avr/4.9.2/avr51/libgcc.a(_mulsi3.o)
 .text.libgcc.builtins
                0x0000000000005348        0x0 /usr/local/Cellar/avr-gcc/4.9.2/lib/gcc/avr/4.9.2/avr51/libgcc.a(_mulsi3.o)
 .text.libgcc.fmul
                0x0000000000005348        0x0 /usr/local/Cellar/avr-gcc/4.9.2/lib/gcc/avr/4.9.2/avr51/libgcc.a(_mulsi3.o)
 .text.libgcc.fixed
                0x0000000000005348        0x0 /usr/local/Cellar/avr-gcc/4.9.2/lib/gcc/avr/4.9.2/avr51/libgcc.a(_mulsi3.o)
 .text.libgcc.mul
                0x0000000000005348        0x0 /usr/local/Cellar/avr-gcc/4.9.2/lib/gcc/avr/4.9.2/avr51/libgcc.a(_udivmodsi4.o)
 .text.libgcc.div
                0x0000000000005348       0x44 /usr/local/Cellar/avr-gcc/4.9.2/lib/gcc/avr/4.9.2/avr51/libgcc.a(_udivmodsi4.o)
                0x0000000000005348                __udivmodsi4
 .text.libgcc   0x000000000000538c        0x0 /usr/local/Cellar/avr-gcc/4.9.2/lib/gcc/avr/4.9.2/avr51/libgcc.a(_udivmodsi4.o)
 .text.libgcc.prologue
                0x000000000000538c        0x0 /usr/local/Cellar/avr-gcc/4.9.2/lib/gcc/avr/4.9.2/avr51/libgcc.a(_udivmodsi4.o)
 .text.libgcc.builtins
                0x000000000000538c        0x0 /usr/local/Cellar/avr-gcc/4.9.2/lib/gcc/avr/4.9.2/avr51/libgcc.a(_udivmodsi4.o)
 .text.libgcc.fmul
                0x000000000000538c        0x0 /usr/local/Cellar/avr-gcc/4.9.2/lib/gcc/avr/4.9.2/avr51/libgcc.a(_udivmodsi4.o)
 .text.libgcc.fixed
                0x000000000000538c        0x0 /usr/local/Cellar/avr-gcc/4.9.2/lib/gcc/avr/4.9.2/avr51/libgcc.a(_udivmodsi4.o)
 .text.libgcc.mul
                0x000000000000538c        0x0 /usr/local/Cellar/avr-gcc/4.9.2/lib/gcc/avr/4.9.2/avr51/libgcc.a(_divmodsi4.o)
 .text.libgcc.div
                0x000000000000538c       0x2e /usr/local/Cellar/avr-gcc/4.9.2/lib/gcc/avr/4.9.2/avr51/libgcc.a(_divmodsi4.o)
                0x000000000000538c                __divmodsi4
 .text.libgcc   0x00000000000053ba        0x0 /usr/local/Cellar/avr-gcc/4.9.2/lib/gcc/avr/4.9.2/avr51/libgcc.a(_divmodsi4.o)
 .text.libgcc.prologue
                0x00000000000053ba        0x0 /usr/local/Cellar/avr-gcc/4.9.2/lib/gcc/avr/4.9.2/avr51/libgcc.a(_divmodsi4.o)
 .text.libgcc.builtins
                0x00000000000053ba        0x0 /usr/local/Cellar/avr-gcc/4.9.2/lib/gcc/avr/4.9.2/avr51/libgcc.a(_divmodsi4.o)
 .text.libgcc.fmul
                0x00000000000053ba        0x0 /usr/local/Cellar/avr-gcc/4.9.2/lib/gcc/avr/4.9.2/avr51/libgcc.a(_divmodsi4.o)
 .text.libgcc.fixed
                0x00000000000053ba        0x0 /usr/local/Cellar/avr-gcc/4.9.2/lib/gcc/avr/4.9.2/avr51/libgcc.a(_divmodsi4.o)
 .text.libgcc.mul
                0x00000000000053ba        0x0 /usr/local/Cellar/avr-gcc/4.9.2/lib/gcc/avr/4.9.2/avr51/libgcc.a(_udivdi3.o)
 .text.libgcc.div
                0x00000000000053ba       0x1c /usr/local/Cellar/avr-gcc/4.9.2/lib/gcc/avr/4.9.2/avr51/libgcc.a(_udivdi3.o)
                0x00000000000053ba                __umoddi3
                0x00000000000053be                __udivdi3
                0x00000000000053c0                __udivdi3_umoddi3
 .text.libgcc   0x00000000000053d6        0x0 /usr/local/Cellar/avr-gcc/4.9.2/lib/gcc/avr/4.9.2/avr51/libgcc.a(_udivdi3.o)
 .text.libgcc.prologue
                0x00000000000053d6        0x0 /usr/local/Cellar/avr-gcc/4.9.2/lib/gcc/avr/4.9.2/avr51/libgcc.a(_udivdi3.o)
 .text.libgcc.builtins
                0x00000000000053d6        0x0 /usr/local/Cellar/avr-gcc/4.9.2/lib/gcc/avr/4.9.2/avr51/libgcc.a(_udivdi3.o)
 .text.libgcc.fmul
                0x00000000000053d6        0x0 /usr/local/Cellar/avr-gcc/4.9.2/lib/gcc/avr/4.9.2/avr51/libgcc.a(_udivdi3.o)
 .text.libgcc.fixed
                0x00000000000053d6        0x0 /usr/local/Cellar/avr-gcc/4.9.2/lib/gcc/avr/4.9.2/avr51/libgcc.a(_udivdi3.o)
 .text.libgcc.mul
                0x00000000000053d6        0x0 /usr/local/Cellar/avr-gcc/4.9.2/lib/gcc/avr/4.9.2/avr51/libgcc.a(_udivmod64.o)
 .text.libgcc.div
                0x00000000000053d6       0xa2 /usr/local/Cellar/avr-gcc/4.9.2/lib/gcc/avr/4.9.2/avr51/libgcc.a(_udivmod64.o)
                0x00000000000053d6                __udivmod64
 .text.libgcc   0x0000000000005478        0x0 /usr/local/Cellar/avr-gcc/4.9.2/lib/gcc/avr/4.9.2/avr51/libgcc.a(_udivmod64.o)
 .text.libgcc.prologue
                0x0000000000005478        0x0 /usr/local/Cellar/avr-gcc/4.9.2/lib/gcc/avr/4.9.2/avr51/libgcc.a(_udivmod64.o)
 .text.libgcc.builtins
                0x0000000000005478        0x0 /usr/local/Cellar/avr-gcc/4.9.2/lib/gcc/avr/4.9.2/avr51/libgcc.a(_udivmod64.o)
 .text.libgcc.fmul
                0x0000000000005478        0x0 /usr/local/Cellar/avr-gcc/4.9.2/lib/gcc/avr/4.9.2/avr51/libgcc.a(_udivmod64.o)
 .text.libgcc.fixed
                0x0000000000005478        0x0 /usr/local/Cellar/avr-gcc/4.9.2/lib/gcc/avr/4.9.2/avr51/libgcc.a(_udivmod64.o)
 .text.libgcc.mul
                0x0000000000005478        0x0 /usr/local/Cellar/avr-gcc/4.9.2/lib/gcc/avr/4.9.2/avr51/libgcc.a(_negsi2.o)
 .text.libgcc.div
                0x0000000000005478       0x10 /usr/local/Cellar/avr-gcc/4.9.2/lib/gcc/avr/4.9.2/avr51/libgcc.a(_negsi2.o)
                0x0000000000005478                __negsi2
 .text.libgcc   0x0000000000005488        0x0 /usr/local/Cellar/avr-gcc/4.9.2/lib/gcc/avr/4.9.2/avr51/libgcc.a(_negsi2.o)
 .text.libgcc.prologue
                0x0000000000005488        0x0 /usr/local/Cellar/avr-gcc/4.9.2/lib/gcc/avr/4.9.2/avr51/libgcc.a(_negsi2.o)
 .text.libgcc.builtins
                0x0000000000005488        0x0 /usr/local/Cellar/avr-gcc/4.9.2/lib/gcc/avr/4.9.2/avr51/libgcc.a(_negsi2.o)
 .text.libgcc.fmul
                0x0000000000005488        0x0 /usr/local/Cellar/avr-gcc/4.9.2/lib/gcc/avr/4.9.2/avr51/libgcc.a(_negsi2.o)
 .text.libgcc.fixed
                0x0000000000005488        0x0 /usr/local/Cellar/avr-gcc/4.9.2/lib/gcc/avr/4.9.2/avr51/libgcc.a(_negsi2.o)
 .text.libgcc.mul
                0x0000000000005488        0x0 /usr/local/Cellar/avr-gcc/4.9.2/lib/gcc/avr/4.9.2/avr51/libgcc.a(_exit.o)
 .text.libgcc.div
                0x0000000000005488        0x0 /usr/local/Cellar/avr-gcc/4.9.2/lib/gcc/avr/4.9.2/avr51/libgcc.a(_exit.o)
 .text.libgcc   0x0000000000005488        0x0 /usr/local/Cellar/avr-gcc/4.9.2/lib/gcc/avr/4.9.2/avr51/libgcc.a(_exit.o)
 .text.libgcc.prologue
                0x0000000000005488        0x0 /usr/local/Cellar/avr-gcc/4.9.2/lib/gcc/avr/4.9.2/avr51/libgcc.a(_exit.o)
 .text.libgcc.builtins
                0x0000000000005488        0x0 /usr/local/Cellar/avr-gcc/4.9.2/lib/gcc/avr/4.9.2/avr51/libgcc.a(_exit.o)
 .text.libgcc.fmul
                0x0000000000005488        0x0 /usr/local/Cellar/avr-gcc/4.9.2/lib/gcc/avr/4.9.2/avr51/libgcc.a(_exit.o)
 .text.libgcc.fixed
                0x0000000000005488        0x0 /usr/local/Cellar/avr-gcc/4.9.2/lib/gcc/avr/4.9.2/avr51/libgcc.a(_exit.o)
 .text.libgcc.mul
                0x0000000000005488        0x0 /usr/local/Cellar/avr-gcc/4.9.2/lib/gcc/avr/4.9.2/avr51/libgcc.a(_tablejump2.o)
 .text.libgcc.div
                0x0000000000005488        0x0 /usr/local/Cellar/avr-gcc/4.9.2/lib/gcc/avr/4.9.2/avr51/libgcc.a(_tablejump2.o)
 .text.libgcc   0x0000000000005488       0x12 /usr/local/Cellar/avr-gcc/4.9.2/lib/gcc/avr/4.9.2/avr51/libgcc.a(_tablejump2.o)
                0x0000000000005488                __tablejump2__
 .text.libgcc.prologue
                0x000000000000549a        0x0 /usr/local/Cellar/avr-gcc/4.9.2/lib/gcc/avr/4.9.2/avr51/libgcc.a(_tablejump2.o)
 .text.libgcc.builtins
                0x000000000000549a        0x0 /usr/local/Cellar/avr-gcc/4.9.2/lib/gcc/avr/4.9.2/avr51/libgcc.a(_tablejump2.o)
 .text.libgcc.fmul
                0x000000000000549a        0x0 /usr/local/Cellar/avr-gcc/4.9.2/lib/gcc/avr/4.9.2/avr51/libgcc.a(_tablejump2.o)
 .text.libgcc.fixed
                0x000000000000549a        0x0 /usr/local/Cellar/avr-gcc/4.9.2/lib/gcc/avr/4.9.2/avr51/libgcc.a(_tablejump2.o)
 .text.libgcc.mul
                0x000000000000549a        0x0 /usr/local/Cellar/avr-gcc/4.9.2/lib/gcc/avr/4.9.2/avr51/libgcc.a(_copy_data.o)
 .text.libgcc.div
                0x000000000000549a        0x0 /usr/local/Cellar/avr-gcc/4.9.2/lib/gcc/avr/4.9.2/avr51/libgcc.a(_copy_data.o)
 .text.libgcc   0x000000000000549a        0x0 /usr/local/Cellar/avr-gcc/4.9.2/lib/gcc/avr/4.9.2/avr51/libgcc.a(_copy_data.o)
 .text.libgcc.prologue
                0x000000000000549a        0x0 /usr/local/Cellar/avr-gcc/4.9.2/lib/gcc/avr/4.9.2/avr51/libgcc.a(_copy_data.o)
 .text.libgcc.builtins
                0x000000000000549a        0x0 /usr/local/Cellar/avr-gcc/4.9.2/lib/gcc/avr/4.9.2/avr51/libgcc.a(_copy_data.o)
 .text.libgcc.fmul
                0x000000000000549a        0x0 /usr/local/Cellar/avr-gcc/4.9.2/lib/gcc/avr/4.9.2/avr51/libgcc.a(_copy_data.o)
 .text.libgcc.fixed
                0x000000000000549a        0x0 /usr/local/Cellar/avr-gcc/4.9.2/lib/gcc/avr/4.9.2/avr51/libgcc.a(_copy_data.o)
 .text.libgcc.mul
                0x000000000000549a        0x0 /usr/local/Cellar/avr-gcc/4.9.2/lib/gcc/avr/4.9.2/avr51/libgcc.a(_clear_bss.o)
 .text.libgcc.div
                0x000000000000549a        0x0 /usr/local/Cellar/avr-gcc/4.9.2/lib/gcc/avr/4.9.2/avr51/libgcc.a(_clear_bss.o)
 .text.libgcc   0x000000000000549a        0x0 /usr/local/Cellar/avr-gcc/4.9.2/lib/gcc/avr/4.9.2/avr51/libgcc.a(_clear_bss.o)
 .text.libgcc.prologue
                0x000000000000549a        0x0 /usr/local/Cellar/avr-gcc/4.9.2/lib/gcc/avr/4.9.2/avr51/libgcc.a(_clear_bss.o)
 .text.libgcc.builtins
                0x000000000000549a        0x0 /usr/local/Cellar/avr-gcc/4.9.2/lib/gcc/avr/4.9.2/avr51/libgcc.a(_clear_bss.o)
 .text.libgcc.fmul
                0x000000000000549a        0x0 /usr/local/Cellar/avr-gcc/4.9.2/lib/gcc/avr/4.9.2/avr51/libgcc.a(_clear_bss.o)
 .text.libgcc.fixed
                0x000000000000549a        0x0 /usr/local/Cellar/avr-gcc/4.9.2/lib/gcc/avr/4.9.2/avr51/libgcc.a(_clear_bss.o)
 .text.libgcc.mul
                0x000000000000549a        0x0 /usr/local/Cellar/avr-gcc/4.9.2/lib/gcc/avr/4.9.2/avr51/libgcc.a(_ashldi3.o)
 .text.libgcc.div
                0x000000000000549a        0x0 /usr/local/Cellar/avr-gcc/4.9.2/lib/gcc/avr/4.9.2/avr51/libgcc.a(_ashldi3.o)
 .text.libgcc   0x000000000000549a        0x0 /usr/local/Cellar/avr-gcc/4.9.2/lib/gcc/avr/4.9.2/avr51/libgcc.a(_ashldi3.o)
 .text.libgcc.prologue
                0x000000000000549a        0x0 /usr/local/Cellar/avr-gcc/4.9.2/lib/gcc/avr/4.9.2/avr51/libgcc.a(_ashldi3.o)
 .text.libgcc.builtins
                0x000000000000549a       0x32 /usr/local/Cellar/avr-gcc/4.9.2/lib/gcc/avr/4.9.2/avr51/libgcc.a(_ashldi3.o)
                0x000000000000549a                __ashldi3
 .text.libgcc.fmul
                0x00000000000054cc        0x0 /usr/local/Cellar/avr-gcc/4.9.2/lib/gcc/avr/4.9.2/avr51/libgcc.a(_ashldi3.o)
 .text.libgcc.fixed
                0x00000000000054cc        0x0 /usr/local/Cellar/avr-gcc/4.9.2/lib/gcc/avr/4.9.2/avr51/libgcc.a(_ashldi3.o)
 .text.libgcc.mul
                0x00000000000054cc        0x0 /usr/local/Cellar/avr-gcc/4.9.2/lib/gcc/avr/4.9.2/avr51/libgcc.a(_ashrdi3.o)
 .text.libgcc.div
                0x00000000000054cc        0x0 /usr/local/Cellar/avr-gcc/4.9.2/lib/gcc/avr/4.9.2/avr51/libgcc.a(_ashrdi3.o)
 .text.libgcc   0x00000000000054cc        0x0 /usr/local/Cellar/avr-gcc/4.9.2/lib/gcc/avr/4.9.2/avr51/libgcc.a(_ashrdi3.o)
 .text.libgcc.prologue
                0x00000000000054cc        0x0 /usr/local/Cellar/avr-gcc/4.9.2/lib/gcc/avr/4.9.2/avr51/libgcc.a(_ashrdi3.o)
 .text.libgcc.builtins
                0x00000000000054cc       0x3c /usr/local/Cellar/avr-gcc/4.9.2/lib/gcc/avr/4.9.2/avr51/libgcc.a(_ashrdi3.o)
                0x00000000000054cc                __ashrdi3
                0x00000000000054d0                __lshrdi3
 .text.libgcc.fmul
                0x0000000000005508        0x0 /usr/local/Cellar/avr-gcc/4.9.2/lib/gcc/avr/4.9.2/avr51/libgcc.a(_ashrdi3.o)
 .text.libgcc.fixed
                0x0000000000005508        0x0 /usr/local/Cellar/avr-gcc/4.9.2/lib/gcc/avr/4.9.2/avr51/libgcc.a(_ashrdi3.o)
 .text.libgcc.mul
                0x0000000000005508        0x0 /usr/local/Cellar/avr-gcc/4.9.2/lib/gcc/avr/4.9.2/avr51/libgcc.a(_adddi3.o)
 .text.libgcc.div
                0x0000000000005508        0x0 /usr/local/Cellar/avr-gcc/4.9.2/lib/gcc/avr/4.9.2/avr51/libgcc.a(_adddi3.o)
 .text.libgcc   0x0000000000005508       0x12 /usr/local/Cellar/avr-gcc/4.9.2/lib/gcc/avr/4.9.2/avr51/libgcc.a(_adddi3.o)
                0x0000000000005508                __adddi3
 .text.libgcc.prologue
                0x000000000000551a        0x0 /usr/local/Cellar/avr-gcc/4.9.2/lib/gcc/avr/4.9.2/avr51/libgcc.a(_adddi3.o)
 .text.libgcc.builtins
                0x000000000000551a        0x0 /usr/local/Cellar/avr-gcc/4.9.2/lib/gcc/avr/4.9.2/avr51/libgcc.a(_adddi3.o)
 .text.libgcc.fmul
                0x000000000000551a        0x0 /usr/local/Cellar/avr-gcc/4.9.2/lib/gcc/avr/4.9.2/avr51/libgcc.a(_adddi3.o)
 .text.libgcc.fixed
                0x000000000000551a        0x0 /usr/local/Cellar/avr-gcc/4.9.2/lib/gcc/avr/4.9.2/avr51/libgcc.a(_adddi3.o)
 .text.libgcc.mul
                0x000000000000551a        0x0 /usr/local/Cellar/avr-gcc/4.9.2/lib/gcc/avr/4.9.2/avr51/libgcc.a(_adddi3_s8.o)
 .text.libgcc.div
                0x000000000000551a        0x0 /usr/local/Cellar/avr-gcc/4.9.2/lib/gcc/avr/4.9.2/avr51/libgcc.a(_adddi3_s8.o)
 .text.libgcc   0x000000000000551a       0x18 /usr/local/Cellar/avr-gcc/4.9.2/lib/gcc/avr/4.9.2/avr51/libgcc.a(_adddi3_s8.o)
                0x000000000000551a                __adddi3_s8
 .text.libgcc.prologue
                0x0000000000005532        0x0 /usr/local/Cellar/avr-gcc/4.9.2/lib/gcc/avr/4.9.2/avr51/libgcc.a(_adddi3_s8.o)
 .text.libgcc.builtins
                0x0000000000005532        0x0 /usr/local/Cellar/avr-gcc/4.9.2/lib/gcc/avr/4.9.2/avr51/libgcc.a(_adddi3_s8.o)
 .text.libgcc.fmul
                0x0000000000005532        0x0 /usr/local/Cellar/avr-gcc/4.9.2/lib/gcc/avr/4.9.2/avr51/libgcc.a(_adddi3_s8.o)
 .text.libgcc.fixed
                0x0000000000005532        0x0 /usr/local/Cellar/avr-gcc/4.9.2/lib/gcc/avr/4.9.2/avr51/libgcc.a(_adddi3_s8.o)
 .text.libgcc.mul
                0x0000000000005532        0x0 /usr/local/Cellar/avr-gcc/4.9.2/lib/gcc/avr/4.9.2/avr51/libgcc.a(_subdi3.o)
 .text.libgcc.div
                0x0000000000005532        0x0 /usr/local/Cellar/avr-gcc/4.9.2/lib/gcc/avr/4.9.2/avr51/libgcc.a(_subdi3.o)
 .text.libgcc   0x0000000000005532       0x12 /usr/local/Cellar/avr-gcc/4.9.2/lib/gcc/avr/4.9.2/avr51/libgcc.a(_subdi3.o)
                0x0000000000005532                __subdi3
 .text.libgcc.prologue
                0x0000000000005544        0x0 /usr/local/Cellar/avr-gcc/4.9.2/lib/gcc/avr/4.9.2/avr51/libgcc.a(_subdi3.o)
 .text.libgcc.builtins
                0x0000000000005544        0x0 /usr/local/Cellar/avr-gcc/4.9.2/lib/gcc/avr/4.9.2/avr51/libgcc.a(_subdi3.o)
 .text.libgcc.fmul
                0x0000000000005544        0x0 /usr/local/Cellar/avr-gcc/4.9.2/lib/gcc/avr/4.9.2/avr51/libgcc.a(_subdi3.o)
 .text.libgcc.fixed
                0x0000000000005544        0x0 /usr/local/Cellar/avr-gcc/4.9.2/lib/gcc/avr/4.9.2/avr51/libgcc.a(_subdi3.o)
 .text.libgcc.mul
                0x0000000000005544        0x0 /usr/local/Cellar/avr-gcc/4.9.2/lib/gcc/avr/4.9.2/avr51/libgcc.a(_cmpdi2.o)
 .text.libgcc.div
                0x0000000000005544        0x0 /usr/local/Cellar/avr-gcc/4.9.2/lib/gcc/avr/4.9.2/avr51/libgcc.a(_cmpdi2.o)
 .text.libgcc   0x0000000000005544       0x12 /usr/local/Cellar/avr-gcc/4.9.2/lib/gcc/avr/4.9.2/avr51/libgcc.a(_cmpdi2.o)
                0x0000000000005544                __cmpdi2
 .text.libgcc.prologue
                0x0000000000005556        0x0 /usr/local/Cellar/avr-gcc/4.9.2/lib/gcc/avr/4.9.2/avr51/libgcc.a(_cmpdi2.o)
 .text.libgcc.builtins
                0x0000000000005556        0x0 /usr/local/Cellar/avr-gcc/4.9.2/lib/gcc/avr/4.9.2/avr51/libgcc.a(_cmpdi2.o)
 .text.libgcc.fmul
                0x0000000000005556        0x0 /usr/local/Cellar/avr-gcc/4.9.2/lib/gcc/avr/4.9.2/avr51/libgcc.a(_cmpdi2.o)
 .text.libgcc.fixed
                0x0000000000005556        0x0 /usr/local/Cellar/avr-gcc/4.9.2/lib/gcc/avr/4.9.2/avr51/libgcc.a(_cmpdi2.o)
 .text.libgcc.mul
                0x0000000000005556       0x1e /usr/local/Cellar/avr-gcc/4.9.2/lib/gcc/avr/4.9.2/avr51/libgcc.a(_umulhisi3.o)
                0x0000000000005556                __umulhisi3
 .text.libgcc.div
                0x0000000000005574        0x0 /usr/local/Cellar/avr-gcc/4.9.2/lib/gcc/avr/4.9.2/avr51/libgcc.a(_umulhisi3.o)
 .text.libgcc   0x0000000000005574        0x0 /usr/local/Cellar/avr-gcc/4.9.2/lib/gcc/avr/4.9.2/avr51/libgcc.a(_umulhisi3.o)
 .text.libgcc.prologue
                0x0000000000005574        0x0 /usr/local/Cellar/avr-gcc/4.9.2/lib/gcc/avr/4.9.2/avr51/libgcc.a(_umulhisi3.o)
 .text.libgcc.builtins
                0x0000000000005574        0x0 /usr/local/Cellar/avr-gcc/4.9.2/lib/gcc/avr/4.9.2/avr51/libgcc.a(_umulhisi3.o)
 .text.libgcc.fmul
                0x0000000000005574        0x0 /usr/local/Cellar/avr-gcc/4.9.2/lib/gcc/avr/4.9.2/avr51/libgcc.a(_umulhisi3.o)
 .text.libgcc.fixed
                0x0000000000005574        0x0 /usr/local/Cellar/avr-gcc/4.9.2/lib/gcc/avr/4.9.2/avr51/libgcc.a(_umulhisi3.o)
 .text.avr-libc
                0x0000000000005574       0x16 /usr/local/Cellar/avr-gcc/4.9.2/lib/gcc/avr/4.9.2/../../../../avr/lib/avr51/libc.a(strchr_P.o)
                0x0000000000005574                strchr_P
 .text.avr-libc
                0x000000000000558a       0x12 /usr/local/Cellar/avr-gcc/4.9.2/lib/gcc/avr/4.9.2/../../../../avr/lib/avr51/libc.a(memcpy.o)
                0x000000000000558a                memcpy
 .text.avr-libc
                0x000000000000559c       0x1c /usr/local/Cellar/avr-gcc/4.9.2/lib/gcc/avr/4.9.2/../../../../avr/lib/avr51/libc.a(strncmp.o)
                0x000000000000559c                strncmp
 .text.avr-libc
                0x00000000000055b8       0x96 /usr/local/Cellar/avr-gcc/4.9.2/lib/gcc/avr/4.9.2/../../../../avr/lib/avr51/libc.a(fdevopen.o)
                0x00000000000055b8                fdevopen
 .text.avr-libc
                0x000000000000564e       0x70 /usr/local/Cellar/avr-gcc/4.9.2/lib/gcc/avr/4.9.2/../../../../avr/lib/avr51/libc.a(fputc.o)
                0x000000000000564e                fputc
 .text.avr-libc
                0x00000000000056be       0x28 /usr/local/Cellar/avr-gcc/4.9.2/lib/gcc/avr/4.9.2/../../../../avr/lib/avr51/libc.a(printf.o)
                0x00000000000056be                printf
 .text.avr-libc
                0x00000000000056e6        0xc /usr/local/Cellar/avr-gcc/4.9.2/lib/gcc/avr/4.9.2/../../../../avr/lib/avr51/libc.a(putchar.o)
                0x00000000000056e6                putchar
 .text.avr-libc
                0x00000000000056f2       0x60 /usr/local/Cellar/avr-gcc/4.9.2/lib/gcc/avr/4.9.2/../../../../avr/lib/avr51/libc.a(puts.o)
                0x00000000000056f2                puts
 .text.avr-libc
                0x0000000000005752       0x60 /usr/local/Cellar/avr-gcc/4.9.2/lib/gcc/avr/4.9.2/../../../../avr/lib/avr51/libc.a(sprintf.o)
                0x0000000000005752                sprintf
 .text.avr-libc
                0x00000000000057b2       0xbc /usr/local/Cellar/avr-gcc/4.9.2/lib/gcc/avr/4.9.2/../../../../avr/lib/avr51/libc.a(ultoa_invert.o)
                0x00000000000057b2                __ultoa_invert
 .text.avr-libc
                0x000000000000586e       0x10 /usr/local/Cellar/avr-gcc/4.9.2/lib/gcc/avr/4.9.2/../../../../avr/lib/avr51/libc.a(eerd_byte_atmega128rfa1.o)
                0x000000000000586e                __eerd_byte_m128rfa1
 .text.avr-libc
                0x000000000000587e       0x1c /usr/local/Cellar/avr-gcc/4.9.2/lib/gcc/avr/4.9.2/../../../../avr/lib/avr51/libc.a(eewr_byte_atmega128rfa1.o)
                0x000000000000587e                __eewr_byte_m128rfa1
                0x0000000000005880                __eewr_r18_m128rfa1
 .text.avr-libc
                0x000000000000589a       0x38 /usr/local/Cellar/avr-gcc/4.9.2/lib/gcc/avr/4.9.2/../../../../avr/lib/avr51/libc.a(calloc.o)
                0x000000000000589a                calloc
 .text.avr-libc
                0x00000000000058d2      0x25a /usr/local/Cellar/avr-gcc/4.9.2/lib/gcc/avr/4.9.2/../../../../avr/lib/avr51/libc.a(malloc.o)
                0x00000000000058d2                malloc
                0x00000000000059fc                free
 .text.avr-libc
                0x0000000000005b2c        0xe /usr/local/Cellar/avr-gcc/4.9.2/lib/gcc/avr/4.9.2/../../../../avr/lib/avr51/libc.a(memset.o)
                0x0000000000005b2c                memset
                0x0000000000005b3a                . = ALIGN (0x2)
 *(.fini9)
 .fini9         0x0000000000005b3a        0x0 /usr/local/Cellar/avr-gcc/4.9.2/lib/gcc/avr/4.9.2/avr51/libgcc.a(_exit.o)
                0x0000000000005b3a                exit
                0x0000000000005b3a                _exit
 *(.fini9)
 *(.fini8)
 *(.fini8)
 *(.fini7)
 *(.fini7)
 *(.fini6)
 *(.fini6)
 *(.fini5)
 *(.fini5)
 *(.fini4)
 *(.fini4)
 *(.fini3)
 *(.fini3)
 *(.fini2)
 *(.fini2)
 *(.fini1)
 *(.fini1)
 *(.fini0)
 .fini0         0x0000000000005b3a        0x4 /usr/local/Cellar/avr-gcc/4.9.2/lib/gcc/avr/4.9.2/avr51/libgcc.a(_exit.o)
 *(.fini0)
                0x0000000000005b3e                _etext = .

.data           0x0000000000800200      0x22a load address 0x0000000000005b3e
                0x0000000000800200                PROVIDE (__data_start, .)
 *(.data)
 .data          0x0000000000800200        0x0 /usr/local/Cellar/avr-gcc/4.9.2/lib/gcc/avr/4.9.2/../../../../avr/lib/avr51/crtm128rfa1.o
 .data          0x0000000000800200        0x0 main.o
 .data          0x0000000000800200        0x0 ../../../../src/net/flash/flash.o
 .data          0x0000000000800200       0x10 ../../../../src/radio/rf231_soc/source/basic_rf.o
                0x0000000000800200                reset_val
 .data          0x0000000000800210        0x0 ../../../../src/platform/firefly3/source/ulib.o
 .data          0x0000000000800210        0x0 ../../../../src/platform/firefly3/source/hal_wait.o
 .data          0x0000000000800210        0x0 ../../../../src/platform/firefly3/source/nrk_eeprom.o
 .data          0x0000000000800210        0x0 ../../../../src/kernel/source/nrk.o
 .data          0x0000000000800210        0x0 ../../../../src/kernel/source/nrk_stats.o
 .data          0x0000000000800210        0x0 ../../../../src/kernel/source/nrk_error.o
 .data          0x0000000000800210        0x0 ../../../../src/kernel/source/nrk_stack_check.o
 .data          0x0000000000800210        0x0 ../../../../src/kernel/source/nrk_events.o
 .data          0x0000000000800210        0x0 ../../../../src/kernel/source/nrk_task.o
 .data          0x0000000000800210        0x0 ../../../../src/kernel/source/nrk_time.o
 .data          0x0000000000800210        0x0 ../../../../src/kernel/source/nrk_idle_task.o
 .data          0x0000000000800210        0x0 ../../../../src/kernel/source/nrk_scheduler.o
 .data          0x0000000000800210        0x0 ../../../../src/kernel/source/nrk_driver.o
 .data          0x0000000000800210        0x0 ../../../../src/kernel/source/nrk_reserve.o
 .data          0x0000000000800210        0x0 ../../../../src/kernel/source/nrk_sw_wdt.o
 .data          0x0000000000800210        0x0 ../../../../src/kernel/hal/atmega128rfa1/nrk_timer.o
 .data          0x0000000000800210        0x0 ../../../../src/kernel/hal/atmega128rfa1/nrk_status.o
 .data          0x0000000000800210        0x0 ../../../../src/kernel/hal/atmega128rfa1/nrk_ext_int.o
 .data          0x0000000000800210        0x0 ../../../../src/kernel/hal/atmega128rfa1/nrk_watchdog.o
 .data          0x0000000000800210        0x0 ../../../../src/kernel/hal/atmega128rfa1/nrk_cpu.o
 .data          0x0000000000800210        0x0 ../../../../src/kernel/hal/atmega128rfa1/atmel_hw_specific.o
 .data          0x0000000000800210        0x0 /usr/local/Cellar/avr-gcc/4.9.2/lib/gcc/avr/4.9.2/../../../../avr/lib/avr51/libprintf_min.a(vfprintf_min.o)
 .data          0x0000000000800210        0x0 /usr/local/Cellar/avr-gcc/4.9.2/lib/gcc/avr/4.9.2/avr51/libgcc.a(_muluhisi3.o)
 .data          0x0000000000800210        0x0 /usr/local/Cellar/avr-gcc/4.9.2/lib/gcc/avr/4.9.2/avr51/libgcc.a(_mulsi3.o)
 .data          0x0000000000800210        0x0 /usr/local/Cellar/avr-gcc/4.9.2/lib/gcc/avr/4.9.2/avr51/libgcc.a(_udivmodsi4.o)
 .data          0x0000000000800210        0x0 /usr/local/Cellar/avr-gcc/4.9.2/lib/gcc/avr/4.9.2/avr51/libgcc.a(_divmodsi4.o)
 .data          0x0000000000800210        0x0 /usr/local/Cellar/avr-gcc/4.9.2/lib/gcc/avr/4.9.2/avr51/libgcc.a(_udivdi3.o)
 .data          0x0000000000800210        0x0 /usr/local/Cellar/avr-gcc/4.9.2/lib/gcc/avr/4.9.2/avr51/libgcc.a(_udivmod64.o)
 .data          0x0000000000800210        0x0 /usr/local/Cellar/avr-gcc/4.9.2/lib/gcc/avr/4.9.2/avr51/libgcc.a(_negsi2.o)
 .data          0x0000000000800210        0x0 /usr/local/Cellar/avr-gcc/4.9.2/lib/gcc/avr/4.9.2/avr51/libgcc.a(_exit.o)
 .data          0x0000000000800210        0x0 /usr/local/Cellar/avr-gcc/4.9.2/lib/gcc/avr/4.9.2/avr51/libgcc.a(_tablejump2.o)
 .data          0x0000000000800210        0x0 /usr/local/Cellar/avr-gcc/4.9.2/lib/gcc/avr/4.9.2/avr51/libgcc.a(_copy_data.o)
 .data          0x0000000000800210        0x0 /usr/local/Cellar/avr-gcc/4.9.2/lib/gcc/avr/4.9.2/avr51/libgcc.a(_clear_bss.o)
 .data          0x0000000000800210        0x0 /usr/local/Cellar/avr-gcc/4.9.2/lib/gcc/avr/4.9.2/avr51/libgcc.a(_ashldi3.o)
 .data          0x0000000000800210        0x0 /usr/local/Cellar/avr-gcc/4.9.2/lib/gcc/avr/4.9.2/avr51/libgcc.a(_ashrdi3.o)
 .data          0x0000000000800210        0x0 /usr/local/Cellar/avr-gcc/4.9.2/lib/gcc/avr/4.9.2/avr51/libgcc.a(_adddi3.o)
 .data          0x0000000000800210        0x0 /usr/local/Cellar/avr-gcc/4.9.2/lib/gcc/avr/4.9.2/avr51/libgcc.a(_adddi3_s8.o)
 .data          0x0000000000800210        0x0 /usr/local/Cellar/avr-gcc/4.9.2/lib/gcc/avr/4.9.2/avr51/libgcc.a(_subdi3.o)
 .data          0x0000000000800210        0x0 /usr/local/Cellar/avr-gcc/4.9.2/lib/gcc/avr/4.9.2/avr51/libgcc.a(_cmpdi2.o)
 .data          0x0000000000800210        0x0 /usr/local/Cellar/avr-gcc/4.9.2/lib/gcc/avr/4.9.2/avr51/libgcc.a(_umulhisi3.o)
 .data          0x0000000000800210        0x0 /usr/local/Cellar/avr-gcc/4.9.2/lib/gcc/avr/4.9.2/../../../../avr/lib/avr51/libc.a(strchr_P.o)
 .data          0x0000000000800210        0x0 /usr/local/Cellar/avr-gcc/4.9.2/lib/gcc/avr/4.9.2/../../../../avr/lib/avr51/libc.a(memcpy.o)
 .data          0x0000000000800210        0x0 /usr/local/Cellar/avr-gcc/4.9.2/lib/gcc/avr/4.9.2/../../../../avr/lib/avr51/libc.a(strncmp.o)
 .data          0x0000000000800210        0x0 /usr/local/Cellar/avr-gcc/4.9.2/lib/gcc/avr/4.9.2/../../../../avr/lib/avr51/libc.a(fdevopen.o)
 .data          0x0000000000800210        0x0 /usr/local/Cellar/avr-gcc/4.9.2/lib/gcc/avr/4.9.2/../../../../avr/lib/avr51/libc.a(fputc.o)
 .data          0x0000000000800210        0x0 /usr/local/Cellar/avr-gcc/4.9.2/lib/gcc/avr/4.9.2/../../../../avr/lib/avr51/libc.a(iob.o)
 .data          0x0000000000800210        0x0 /usr/local/Cellar/avr-gcc/4.9.2/lib/gcc/avr/4.9.2/../../../../avr/lib/avr51/libc.a(printf.o)
 .data          0x0000000000800210        0x0 /usr/local/Cellar/avr-gcc/4.9.2/lib/gcc/avr/4.9.2/../../../../avr/lib/avr51/libc.a(putchar.o)
 .data          0x0000000000800210        0x0 /usr/local/Cellar/avr-gcc/4.9.2/lib/gcc/avr/4.9.2/../../../../avr/lib/avr51/libc.a(puts.o)
 .data          0x0000000000800210        0x0 /usr/local/Cellar/avr-gcc/4.9.2/lib/gcc/avr/4.9.2/../../../../avr/lib/avr51/libc.a(sprintf.o)
 .data          0x0000000000800210        0x0 /usr/local/Cellar/avr-gcc/4.9.2/lib/gcc/avr/4.9.2/../../../../avr/lib/avr51/libc.a(ultoa_invert.o)
 .data          0x0000000000800210        0x0 /usr/local/Cellar/avr-gcc/4.9.2/lib/gcc/avr/4.9.2/../../../../avr/lib/avr51/libc.a(eerd_byte_atmega128rfa1.o)
 .data          0x0000000000800210        0x0 /usr/local/Cellar/avr-gcc/4.9.2/lib/gcc/avr/4.9.2/../../../../avr/lib/avr51/libc.a(eewr_byte_atmega128rfa1.o)
 .data          0x0000000000800210        0x0 /usr/local/Cellar/avr-gcc/4.9.2/lib/gcc/avr/4.9.2/../../../../avr/lib/avr51/libc.a(calloc.o)
 .data          0x0000000000800210        0x6 /usr/local/Cellar/avr-gcc/4.9.2/lib/gcc/avr/4.9.2/../../../../avr/lib/avr51/libc.a(malloc.o)
                0x0000000000800210                __malloc_heap_end
                0x0000000000800212                __malloc_heap_start
                0x0000000000800214                __malloc_margin
 .data          0x0000000000800216        0x0 /usr/local/Cellar/avr-gcc/4.9.2/lib/gcc/avr/4.9.2/../../../../avr/lib/avr51/libc.a(memset.o)
 *(.data*)
 *(.rodata)
 .rodata        0x0000000000800216       0x51 ../../../../src/platform/firefly3/source/ulib.o
                0x0000000000800216                NRK_ADC_INPUT_7
                0x0000000000800217                NRK_ADC_INPUT_6
                0x0000000000800218                NRK_ADC_INPUT_5
                0x0000000000800219                NRK_ADC_INPUT_4
                0x000000000080021a                NRK_ADC_INPUT_3
                0x000000000080021b                NRK_ADC_INPUT_2
                0x000000000080021c                NRK_ADC_INPUT_1
                0x000000000080021d                NRK_ADC_INPUT_0
                0x000000000080021e                NRK_PORTF_7
                0x000000000080021f                NRK_PORTF_6
                0x0000000000800220                NRK_PORTF_5
                0x0000000000800221                NRK_PORTF_4
                0x0000000000800222                NRK_PORTF_3
                0x0000000000800223                NRK_PORTF_2
                0x0000000000800224                NRK_PORTF_1
                0x0000000000800225                NRK_PORTF_0
                0x0000000000800226                NRK_PORTG_5
                0x0000000000800227                NRK_PORTG_4
                0x0000000000800228                NRK_PORTG_3
                0x0000000000800229                NRK_PORTG_2
                0x000000000080022a                NRK_PORTG_1
                0x000000000080022b                NRK_PORTG_0
                0x000000000080022c                NRK_ANT_1
                0x000000000080022d                NRK_ANT_0
                0x000000000080022e                NRK_UART0_TXD
                0x000000000080022f                NRK_UART0_RXD
                0x0000000000800230                NRK_PORTE_7
                0x0000000000800231                NRK_PORTE_6
                0x0000000000800232                NRK_PORTE_5
                0x0000000000800233                NRK_PORTE_4
                0x0000000000800234                NRK_PORTE_3
                0x0000000000800235                NRK_PORTE_2
                0x0000000000800236                NRK_PORTE_1
                0x0000000000800237                NRK_PORTE_0
                0x0000000000800238                NRK_LED_3
                0x0000000000800239                NRK_LED_2
                0x000000000080023a                NRK_LED_1
                0x000000000080023b                NRK_LED_0
                0x000000000080023c                NRK_UART1_TXD
                0x000000000080023d                NRK_UART1_RXD
                0x000000000080023e                NRK_BUTTON
                0x000000000080023f                NRK_PORTD_7
                0x0000000000800240                NRK_PORTD_6
                0x0000000000800241                NRK_PORTD_5
                0x0000000000800242                NRK_PORTD_4
                0x0000000000800243                NRK_PORTD_3
                0x0000000000800244                NRK_PORTD_2
                0x0000000000800245                NRK_PORTD_1
                0x0000000000800246                NRK_PORTD_0
                0x0000000000800247                NRK_PORTC_7
                0x0000000000800248                NRK_PORTC_6
                0x0000000000800249                NRK_PORTC_5
                0x000000000080024a                NRK_PORTC_4
                0x000000000080024b                NRK_PORTC_3
                0x000000000080024c                NRK_PORTC_2
                0x000000000080024d                NRK_PORTC_1
                0x000000000080024e                NRK_PORTC_0
                0x000000000080024f                NRK_PORTB_7
                0x0000000000800250                NRK_PORTB_6
                0x0000000000800251                NRK_PORTB_5
                0x0000000000800252                NRK_PORTB_4
                0x0000000000800253                NRK_PORTB_3
                0x0000000000800254                NRK_PORTB_2
                0x0000000000800255                NRK_PORTB_1
                0x0000000000800256                NRK_PORTB_0
                0x0000000000800257                NRK_MISO
                0x0000000000800258                NRK_MOSI
                0x0000000000800259                NRK_SCK
                0x000000000080025a                NRK_SPI_SS
                0x000000000080025b                NRK_DEBUG_3
                0x000000000080025c                NRK_DEBUG_2
                0x000000000080025d                NRK_DEBUG_1
                0x000000000080025e                NRK_DEBUG_0
                0x000000000080025f                NRK_PORTA_7
                0x0000000000800260                NRK_PORTA_6
                0x0000000000800261                NRK_PORTA_5
                0x0000000000800262                NRK_PORTA_4
                0x0000000000800263                NRK_PORTA_3
                0x0000000000800264                NRK_PORTA_2
                0x0000000000800265                NRK_PORTA_1
                0x0000000000800266                NRK_PORTA_0
 *(.rodata*)
 .rodata.str1.1
                0x0000000000800267       0x9f main.o
 .rodata.str1.1
                0x0000000000800306       0x14 ../../../../src/net/flash/flash.o
 .rodata.str1.1
                0x000000000080031a       0xcc ../../../../src/radio/rf231_soc/source/basic_rf.o
 .rodata.str1.1
                0x00000000008003e6        0x3 ../../../../src/kernel/source/nrk_error.o
 .rodata.str1.1
                0x00000000008003e9       0x41 ../../../../src/kernel/source/nrk_stack_check.o
                                         0x4e (size before relaxing)
 *(.gnu.linkonce.d*)
                0x000000000080042a                . = ALIGN (0x2)
                0x000000000080042a                _edata = .
                0x000000000080042a                PROVIDE (__data_end, .)

.bss            0x000000000080042a      0x3dc
                0x000000000080042a                PROVIDE (__bss_start, .)
 *(.bss)
 .bss           0x000000000080042a        0x0 /usr/local/Cellar/avr-gcc/4.9.2/lib/gcc/avr/4.9.2/../../../../avr/lib/avr51/crtm128rfa1.o
 .bss           0x000000000080042a        0x9 main.o
                0x000000000080042a                failed
                0x000000000080042e                correct
                0x0000000000800432                nodeID
 .bss           0x0000000000800433       0x89 ../../../../src/net/flash/flash.o
 .bss           0x00000000008004bc        0x7 ../../../../src/radio/rf231_soc/source/basic_rf.o
                0x00000000008004bc                wireless_prog
                0x00000000008004bd                tx_start_func
                0x00000000008004bf                rx_end_func
                0x00000000008004c1                rx_start_func
 .bss           0x00000000008004c3        0x0 ../../../../src/platform/firefly3/source/ulib.o
 .bss           0x00000000008004c3        0x0 ../../../../src/platform/firefly3/source/hal_wait.o
 .bss           0x00000000008004c3        0x0 ../../../../src/platform/firefly3/source/nrk_eeprom.o
 .bss           0x00000000008004c3        0x0 ../../../../src/kernel/source/nrk.o
 .bss           0x00000000008004c3        0x0 ../../../../src/kernel/source/nrk_stats.o
 .bss           0x00000000008004c3        0x0 ../../../../src/kernel/source/nrk_error.o
 .bss           0x00000000008004c3        0x0 ../../../../src/kernel/source/nrk_stack_check.o
 .bss           0x00000000008004c3        0x0 ../../../../src/kernel/source/nrk_events.o
 .bss           0x00000000008004c3        0x0 ../../../../src/kernel/source/nrk_task.o
 .bss           0x00000000008004c3        0x0 ../../../../src/kernel/source/nrk_time.o
 .bss           0x00000000008004c3        0x0 ../../../../src/kernel/source/nrk_idle_task.o
 .bss           0x00000000008004c3        0x0 ../../../../src/kernel/source/nrk_scheduler.o
 .bss           0x00000000008004c3        0x0 ../../../../src/kernel/source/nrk_driver.o
 .bss           0x00000000008004c3        0x0 ../../../../src/kernel/source/nrk_reserve.o
 .bss           0x00000000008004c3        0x0 ../../../../src/kernel/source/nrk_sw_wdt.o
 .bss           0x00000000008004c3        0x0 ../../../../src/kernel/hal/atmega128rfa1/nrk_timer.o
 .bss           0x00000000008004c3        0x0 ../../../../src/kernel/hal/atmega128rfa1/nrk_status.o
 .bss           0x00000000008004c3        0x0 ../../../../src/kernel/hal/atmega128rfa1/nrk_ext_int.o
 .bss           0x00000000008004c3        0x0 ../../../../src/kernel/hal/atmega128rfa1/nrk_watchdog.o
 .bss           0x00000000008004c3        0x0 ../../../../src/kernel/hal/atmega128rfa1/nrk_cpu.o
 .bss           0x00000000008004c3        0x0 ../../../../src/kernel/hal/atmega128rfa1/atmel_hw_specific.o
 .bss           0x00000000008004c3        0x0 /usr/local/Cellar/avr-gcc/4.9.2/lib/gcc/avr/4.9.2/../../../../avr/lib/avr51/libprintf_min.a(vfprintf_min.o)
 .bss           0x00000000008004c3        0x0 /usr/local/Cellar/avr-gcc/4.9.2/lib/gcc/avr/4.9.2/avr51/libgcc.a(_muluhisi3.o)
 .bss           0x00000000008004c3        0x0 /usr/local/Cellar/avr-gcc/4.9.2/lib/gcc/avr/4.9.2/avr51/libgcc.a(_mulsi3.o)
 .bss           0x00000000008004c3        0x0 /usr/local/Cellar/avr-gcc/4.9.2/lib/gcc/avr/4.9.2/avr51/libgcc.a(_udivmodsi4.o)
 .bss           0x00000000008004c3        0x0 /usr/local/Cellar/avr-gcc/4.9.2/lib/gcc/avr/4.9.2/avr51/libgcc.a(_divmodsi4.o)
 .bss           0x00000000008004c3        0x0 /usr/local/Cellar/avr-gcc/4.9.2/lib/gcc/avr/4.9.2/avr51/libgcc.a(_udivdi3.o)
 .bss           0x00000000008004c3        0x0 /usr/local/Cellar/avr-gcc/4.9.2/lib/gcc/avr/4.9.2/avr51/libgcc.a(_udivmod64.o)
 .bss           0x00000000008004c3        0x0 /usr/local/Cellar/avr-gcc/4.9.2/lib/gcc/avr/4.9.2/avr51/libgcc.a(_negsi2.o)
 .bss           0x00000000008004c3        0x0 /usr/local/Cellar/avr-gcc/4.9.2/lib/gcc/avr/4.9.2/avr51/libgcc.a(_exit.o)
 .bss           0x00000000008004c3        0x0 /usr/local/Cellar/avr-gcc/4.9.2/lib/gcc/avr/4.9.2/avr51/libgcc.a(_tablejump2.o)
 .bss           0x00000000008004c3        0x0 /usr/local/Cellar/avr-gcc/4.9.2/lib/gcc/avr/4.9.2/avr51/libgcc.a(_copy_data.o)
 .bss           0x00000000008004c3        0x0 /usr/local/Cellar/avr-gcc/4.9.2/lib/gcc/avr/4.9.2/avr51/libgcc.a(_clear_bss.o)
 .bss           0x00000000008004c3        0x0 /usr/local/Cellar/avr-gcc/4.9.2/lib/gcc/avr/4.9.2/avr51/libgcc.a(_ashldi3.o)
 .bss           0x00000000008004c3        0x0 /usr/local/Cellar/avr-gcc/4.9.2/lib/gcc/avr/4.9.2/avr51/libgcc.a(_ashrdi3.o)
 .bss           0x00000000008004c3        0x0 /usr/local/Cellar/avr-gcc/4.9.2/lib/gcc/avr/4.9.2/avr51/libgcc.a(_adddi3.o)
 .bss           0x00000000008004c3        0x0 /usr/local/Cellar/avr-gcc/4.9.2/lib/gcc/avr/4.9.2/avr51/libgcc.a(_adddi3_s8.o)
 .bss           0x00000000008004c3        0x0 /usr/local/Cellar/avr-gcc/4.9.2/lib/gcc/avr/4.9.2/avr51/libgcc.a(_subdi3.o)
 .bss           0x00000000008004c3        0x0 /usr/local/Cellar/avr-gcc/4.9.2/lib/gcc/avr/4.9.2/avr51/libgcc.a(_cmpdi2.o)
 .bss           0x00000000008004c3        0x0 /usr/local/Cellar/avr-gcc/4.9.2/lib/gcc/avr/4.9.2/avr51/libgcc.a(_umulhisi3.o)
 .bss           0x00000000008004c3        0x0 /usr/local/Cellar/avr-gcc/4.9.2/lib/gcc/avr/4.9.2/../../../../avr/lib/avr51/libc.a(strchr_P.o)
 .bss           0x00000000008004c3        0x0 /usr/local/Cellar/avr-gcc/4.9.2/lib/gcc/avr/4.9.2/../../../../avr/lib/avr51/libc.a(memcpy.o)
 .bss           0x00000000008004c3        0x0 /usr/local/Cellar/avr-gcc/4.9.2/lib/gcc/avr/4.9.2/../../../../avr/lib/avr51/libc.a(strncmp.o)
 .bss           0x00000000008004c3        0x0 /usr/local/Cellar/avr-gcc/4.9.2/lib/gcc/avr/4.9.2/../../../../avr/lib/avr51/libc.a(fdevopen.o)
 .bss           0x00000000008004c3        0x0 /usr/local/Cellar/avr-gcc/4.9.2/lib/gcc/avr/4.9.2/../../../../avr/lib/avr51/libc.a(fputc.o)
 .bss           0x00000000008004c3        0x0 /usr/local/Cellar/avr-gcc/4.9.2/lib/gcc/avr/4.9.2/../../../../avr/lib/avr51/libc.a(iob.o)
 .bss           0x00000000008004c3        0x0 /usr/local/Cellar/avr-gcc/4.9.2/lib/gcc/avr/4.9.2/../../../../avr/lib/avr51/libc.a(printf.o)
 .bss           0x00000000008004c3        0x0 /usr/local/Cellar/avr-gcc/4.9.2/lib/gcc/avr/4.9.2/../../../../avr/lib/avr51/libc.a(putchar.o)
 .bss           0x00000000008004c3        0x0 /usr/local/Cellar/avr-gcc/4.9.2/lib/gcc/avr/4.9.2/../../../../avr/lib/avr51/libc.a(puts.o)
 .bss           0x00000000008004c3        0x0 /usr/local/Cellar/avr-gcc/4.9.2/lib/gcc/avr/4.9.2/../../../../avr/lib/avr51/libc.a(sprintf.o)
 .bss           0x00000000008004c3        0x0 /usr/local/Cellar/avr-gcc/4.9.2/lib/gcc/avr/4.9.2/../../../../avr/lib/avr51/libc.a(ultoa_invert.o)
 .bss           0x00000000008004c3        0x0 /usr/local/Cellar/avr-gcc/4.9.2/lib/gcc/avr/4.9.2/../../../../avr/lib/avr51/libc.a(eerd_byte_atmega128rfa1.o)
 .bss           0x00000000008004c3        0x0 /usr/local/Cellar/avr-gcc/4.9.2/lib/gcc/avr/4.9.2/../../../../avr/lib/avr51/libc.a(eewr_byte_atmega128rfa1.o)
 .bss           0x00000000008004c3        0x0 /usr/local/Cellar/avr-gcc/4.9.2/lib/gcc/avr/4.9.2/../../../../avr/lib/avr51/libc.a(calloc.o)
 .bss           0x00000000008004c3        0x0 /usr/local/Cellar/avr-gcc/4.9.2/lib/gcc/avr/4.9.2/../../../../avr/lib/avr51/libc.a(malloc.o)
 .bss           0x00000000008004c3        0x0 /usr/local/Cellar/avr-gcc/4.9.2/lib/gcc/avr/4.9.2/../../../../avr/lib/avr51/libc.a(memset.o)
 *(.bss*)
 *(COMMON)
 COMMON         0x00000000008004c3      0x23b main.o
                0x00000000008004c3                app_timer0_callback
                0x00000000008004c5                flash_tx_pkt_done_signal
                0x00000000008004c6                error_task
                0x00000000008004c7                test_task_stack
                0x00000000008005c7                _nrk_time_trigger
                0x00000000008005c8                rfRxInfo
                0x00000000008005d4                _nrk_signal_list
                0x00000000008005d8                time_slots
                0x00000000008005e2                rx_buf
                0x0000000000800656                TEST_TASK
                0x0000000000800679                nrk_kernel_stk_ptr
                0x000000000080067b                app_timer0_prescale
                0x000000000080067c                _nrk_prev_timer_val
                0x000000000080067d                error_num
                0x000000000080067e                nrk_idle_task_stk
 COMMON         0x00000000008006fe       0x2d ../../../../src/net/flash/flash.o
                0x00000000008006fe                flash_rfRxInfo
                0x000000000080070a                flash_pkt_received
                0x000000000080070b                auto_re_tx
                0x000000000080070c                last_rx_time
                0x0000000000800714                packetTxSignal
                0x0000000000800715                packetRxSignal
                0x0000000000800716                user_rx_callback
                0x0000000000800718                flash_tx_callback
                0x000000000080071a                listen_timeout
                0x000000000080071c                current_time_ms
                0x0000000000800724                flash_rfTxInfo
 COMMON         0x000000000080072b       0x3f ../../../../src/radio/rf231_soc/source/basic_rf.o
                0x000000000080072b                rx_ctr
                0x000000000080072f                radio_sem
                0x0000000000800731                use_glossy
                0x0000000000800732                mdmctrl0
                0x0000000000800734                rfSettings
                0x000000000080073d                tx_done
                0x000000000080073e                ekey
                0x000000000080074e                rf_ready
                0x000000000080074f                tx_buf
                0x0000000000800751                dkey
                0x0000000000800761                tx_ctr
                0x0000000000800767                tx_len
                0x0000000000800769                rx_ready
 COMMON         0x000000000080076a       0x83 ../../../../src/kernel/source/nrk.o
                0x000000000080076a                _free_node
                0x000000000080076c                nrk_task_TCB
                0x00000000008007c2                next_next_wakeup
                0x00000000008007c4                nrk_sem_list
                0x00000000008007ca                nrk_task_init_cnt
                0x00000000008007cb                nrk_wakeup_signal
                0x00000000008007cc                nrk_high_ready_TCB
                0x00000000008007ce                nrk_cur_task_prio
                0x00000000008007cf                _nrk_cpu_state
                0x00000000008007d0                _head_node
                0x00000000008007d2                nrk_system_time
                0x00000000008007da                _nrk_resource_cnt
                0x00000000008007db                nrk_cur_task_TCB
                0x00000000008007dd                nrk_high_ready_prio
                0x00000000008007de                _nrk_readyQ
 COMMON         0x00000000008007ed        0x1 ../../../../src/kernel/source/nrk_scheduler.o
                0x00000000008007ed                t
 COMMON         0x00000000008007ee        0x6 ../../../../src/kernel/source/nrk_driver.o
                0x00000000008007ee                _nrk_driver_count
                0x00000000008007ef                nrk_drivers
                0x00000000008007f3                nrk_driver_init
 COMMON         0x00000000008007f4        0x8 ../../../../src/kernel/hal/atmega128rfa1/nrk_ext_int.o
                0x00000000008007f4                ext_int1_callback
                0x00000000008007f6                ext_int0_callback
                0x00000000008007f8                ext_int2_callback
                0x00000000008007fa                pc_int0_callback
 COMMON         0x00000000008007fc        0x6 /usr/local/Cellar/avr-gcc/4.9.2/lib/gcc/avr/4.9.2/../../../../avr/lib/avr51/libc.a(iob.o)
                0x00000000008007fc                __iob
 COMMON         0x0000000000800802        0x4 /usr/local/Cellar/avr-gcc/4.9.2/lib/gcc/avr/4.9.2/../../../../avr/lib/avr51/libc.a(malloc.o)
                0x0000000000800802                __brkval
                0x0000000000800804                __flp
                0x0000000000800806                PROVIDE (__bss_end, .)
                0x0000000000005b3e                __data_load_start = LOADADDR (.data)
                0x0000000000005d68                __data_load_end = (__data_load_start + SIZEOF (.data))

.noinit         0x0000000000800806        0x0
                0x0000000000800806                PROVIDE (__noinit_start, .)
 *(.noinit*)
                0x0000000000800806                PROVIDE (__noinit_end, .)
                0x0000000000800806                _end = .
                0x0000000000800806                PROVIDE (__heap_start, .)

.eeprom         0x0000000000810000        0x0
 *(.eeprom*)
                0x0000000000810000                __eeprom_end = .

.fuse
 *(.fuse)
 *(.lfuse)
 *(.hfuse)
 *(.efuse)

.lock
 *(.lock*)

.signature
 *(.signature*)

.stab           0x0000000000000000    0x118f8
 *(.stab)
 .stab          0x0000000000000000     0x13d4 main.o
 .stab          0x00000000000013d4     0x1104 ../../../../src/net/flash/flash.o
                                       0x1c2c (size before relaxing)
 .stab          0x00000000000024d8     0x2514 ../../../../src/radio/rf231_soc/source/basic_rf.o
                                       0x2f10 (size before relaxing)
 .stab          0x00000000000049ec     0x1584 ../../../../src/platform/firefly3/source/ulib.o
                                       0x2028 (size before relaxing)
 .stab          0x0000000000005f70      0x378 ../../../../src/platform/firefly3/source/hal_wait.o
                                        0xd50 (size before relaxing)
 .stab          0x00000000000062e8      0x7ec ../../../../src/platform/firefly3/source/nrk_eeprom.o
                                       0x1278 (size before relaxing)
 .stab          0x0000000000006ad4      0xb40 ../../../../src/kernel/source/nrk.o
                                       0x15d8 (size before relaxing)
 .stab          0x0000000000007614      0x42c ../../../../src/kernel/source/nrk_stats.o
                                        0xf54 (size before relaxing)
 .stab          0x0000000000007a40      0xd8c ../../../../src/kernel/source/nrk_error.o
                                       0x18b4 (size before relaxing)
 .stab          0x00000000000087cc      0x624 ../../../../src/kernel/source/nrk_stack_check.o
                                       0x1158 (size before relaxing)
 .stab          0x0000000000008df0     0x108c ../../../../src/kernel/source/nrk_events.o
                                       0x1bd8 (size before relaxing)
 .stab          0x0000000000009e7c     0x10e0 ../../../../src/kernel/source/nrk_task.o
                                       0x1c2c (size before relaxing)
 .stab          0x000000000000af5c      0x9e4 ../../../../src/kernel/source/nrk_time.o
                                       0x1530 (size before relaxing)
 .stab          0x000000000000b940      0x4bc ../../../../src/kernel/source/nrk_idle_task.o
                                       0x1008 (size before relaxing)
 .stab          0x000000000000bdfc      0x9a8 ../../../../src/kernel/source/nrk_scheduler.o
                                       0x14f4 (size before relaxing)
 .stab          0x000000000000c7a4      0x894 ../../../../src/kernel/source/nrk_driver.o
                                       0x13e0 (size before relaxing)
 .stab          0x000000000000d038      0x264 ../../../../src/kernel/source/nrk_reserve.o
                                        0x270 (size before relaxing)
 .stab          0x000000000000d29c      0x390 ../../../../src/kernel/source/nrk_sw_wdt.o
                                        0xec4 (size before relaxing)
 .stab          0x000000000000d62c     0x111c ../../../../src/kernel/hal/atmega128rfa1/nrk_timer.o
                                       0x1c5c (size before relaxing)
 .stab          0x000000000000e748      0x474 ../../../../src/kernel/hal/atmega128rfa1/nrk_status.o
                                        0xf18 (size before relaxing)
 .stab          0x000000000000ebbc      0xa14 ../../../../src/kernel/hal/atmega128rfa1/nrk_ext_int.o
                                       0x14b8 (size before relaxing)
 .stab          0x000000000000f5d0      0x618 ../../../../src/kernel/hal/atmega128rfa1/nrk_watchdog.o
                                       0x1140 (size before relaxing)
 .stab          0x000000000000fbe8      0x894 ../../../../src/kernel/hal/atmega128rfa1/nrk_cpu.o
                                       0x13d4 (size before relaxing)
 .stab          0x000000000001047c      0x204 ../../../../src/kernel/hal/atmega128rfa1/atmel_hw_specific.o
                                        0x210 (size before relaxing)
 .stab          0x0000000000010680       0xcc /usr/local/Cellar/avr-gcc/4.9.2/lib/gcc/avr/4.9.2/avr51/libgcc.a(_muluhisi3.o)
                                         0xd8 (size before relaxing)
 .stab          0x000000000001074c      0x108 /usr/local/Cellar/avr-gcc/4.9.2/lib/gcc/avr/4.9.2/avr51/libgcc.a(_mulsi3.o)
                                        0x114 (size before relaxing)
 .stab          0x0000000000010854      0x228 /usr/local/Cellar/avr-gcc/4.9.2/lib/gcc/avr/4.9.2/avr51/libgcc.a(_udivmodsi4.o)
                                        0x234 (size before relaxing)
 .stab          0x0000000000010a7c      0x144 /usr/local/Cellar/avr-gcc/4.9.2/lib/gcc/avr/4.9.2/avr51/libgcc.a(_divmodsi4.o)
                                        0x150 (size before relaxing)
 .stab          0x0000000000010bc0      0x150 /usr/local/Cellar/avr-gcc/4.9.2/lib/gcc/avr/4.9.2/avr51/libgcc.a(_udivdi3.o)
                                        0x15c (size before relaxing)
 .stab          0x0000000000010d10      0x234 /usr/local/Cellar/avr-gcc/4.9.2/lib/gcc/avr/4.9.2/avr51/libgcc.a(_udivmod64.o)
                                        0x240 (size before relaxing)
 .stab          0x0000000000010f44       0x6c /usr/local/Cellar/avr-gcc/4.9.2/lib/gcc/avr/4.9.2/avr51/libgcc.a(_negsi2.o)
                                         0x78 (size before relaxing)
 .stab          0x0000000000010fb0       0x6c /usr/local/Cellar/avr-gcc/4.9.2/lib/gcc/avr/4.9.2/avr51/libgcc.a(_exit.o)
                                         0x78 (size before relaxing)
 .stab          0x000000000001101c       0xc0 /usr/local/Cellar/avr-gcc/4.9.2/lib/gcc/avr/4.9.2/avr51/libgcc.a(_tablejump2.o)
                                         0xcc (size before relaxing)
 .stab          0x00000000000110dc       0xf0 /usr/local/Cellar/avr-gcc/4.9.2/lib/gcc/avr/4.9.2/avr51/libgcc.a(_copy_data.o)
                                         0xfc (size before relaxing)
 .stab          0x00000000000111cc       0xb4 /usr/local/Cellar/avr-gcc/4.9.2/lib/gcc/avr/4.9.2/avr51/libgcc.a(_clear_bss.o)
                                         0xc0 (size before relaxing)
 .stab          0x0000000000011280      0x180 /usr/local/Cellar/avr-gcc/4.9.2/lib/gcc/avr/4.9.2/avr51/libgcc.a(_ashldi3.o)
                                        0x18c (size before relaxing)
 .stab          0x0000000000011400      0x1ec /usr/local/Cellar/avr-gcc/4.9.2/lib/gcc/avr/4.9.2/avr51/libgcc.a(_ashrdi3.o)
                                        0x1f8 (size before relaxing)
 .stab          0x00000000000115ec       0x78 /usr/local/Cellar/avr-gcc/4.9.2/lib/gcc/avr/4.9.2/avr51/libgcc.a(_adddi3.o)
                                         0x84 (size before relaxing)
 .stab          0x0000000000011664       0x9c /usr/local/Cellar/avr-gcc/4.9.2/lib/gcc/avr/4.9.2/avr51/libgcc.a(_adddi3_s8.o)
                                         0xa8 (size before relaxing)
 .stab          0x0000000000011700       0x78 /usr/local/Cellar/avr-gcc/4.9.2/lib/gcc/avr/4.9.2/avr51/libgcc.a(_subdi3.o)
                                         0x84 (size before relaxing)
 .stab          0x0000000000011778       0x78 /usr/local/Cellar/avr-gcc/4.9.2/lib/gcc/avr/4.9.2/avr51/libgcc.a(_cmpdi2.o)
                                         0x84 (size before relaxing)
 .stab          0x00000000000117f0      0x108 /usr/local/Cellar/avr-gcc/4.9.2/lib/gcc/avr/4.9.2/avr51/libgcc.a(_umulhisi3.o)
                                        0x114 (size before relaxing)

.stabstr        0x0000000000000000     0xa373
 *(.stabstr)
 .stabstr       0x0000000000000000     0xa373 main.o

.stab.excl
 *(.stab.excl)

.stab.exclstr
 *(.stab.exclstr)

.stab.index
 *(.stab.index)

.stab.indexstr
 *(.stab.indexstr)

.comment        0x0000000000000000       0x11
 *(.comment)
 .comment       0x0000000000000000       0x11 main.o
                                         0x12 (size before relaxing)
 .comment       0x0000000000000000       0x12 ../../../../src/net/flash/flash.o
 .comment       0x0000000000000000       0x12 ../../../../src/radio/rf231_soc/source/basic_rf.o
 .comment       0x0000000000000000       0x12 ../../../../src/platform/firefly3/source/ulib.o
 .comment       0x0000000000000000       0x12 ../../../../src/platform/firefly3/source/hal_wait.o
 .comment       0x0000000000000000       0x12 ../../../../src/platform/firefly3/source/nrk_eeprom.o
 .comment       0x0000000000000000       0x12 ../../../../src/kernel/source/nrk.o
 .comment       0x0000000000000000       0x12 ../../../../src/kernel/source/nrk_stats.o
 .comment       0x0000000000000000       0x12 ../../../../src/kernel/source/nrk_error.o
 .comment       0x0000000000000000       0x12 ../../../../src/kernel/source/nrk_stack_check.o
 .comment       0x0000000000000000       0x12 ../../../../src/kernel/source/nrk_events.o
 .comment       0x0000000000000000       0x12 ../../../../src/kernel/source/nrk_task.o
 .comment       0x0000000000000000       0x12 ../../../../src/kernel/source/nrk_time.o
 .comment       0x0000000000000000       0x12 ../../../../src/kernel/source/nrk_idle_task.o
 .comment       0x0000000000000000       0x12 ../../../../src/kernel/source/nrk_scheduler.o
 .comment       0x0000000000000000       0x12 ../../../../src/kernel/source/nrk_driver.o
 .comment       0x0000000000000000       0x12 ../../../../src/kernel/source/nrk_reserve.o
 .comment       0x0000000000000000       0x12 ../../../../src/kernel/source/nrk_sw_wdt.o
 .comment       0x0000000000000000       0x12 ../../../../src/kernel/hal/atmega128rfa1/nrk_timer.o
 .comment       0x0000000000000000       0x12 ../../../../src/kernel/hal/atmega128rfa1/nrk_status.o
 .comment       0x0000000000000000       0x12 ../../../../src/kernel/hal/atmega128rfa1/nrk_ext_int.o
 .comment       0x0000000000000000       0x12 ../../../../src/kernel/hal/atmega128rfa1/nrk_watchdog.o
 .comment       0x0000000000000000       0x12 ../../../../src/kernel/hal/atmega128rfa1/nrk_cpu.o
 .comment       0x0000000000000000       0x12 /usr/local/Cellar/avr-gcc/4.9.2/lib/gcc/avr/4.9.2/../../../../avr/lib/avr51/libprintf_min.a(vfprintf_min.o)
 .comment       0x0000000000000000       0x12 /usr/local/Cellar/avr-gcc/4.9.2/lib/gcc/avr/4.9.2/../../../../avr/lib/avr51/libc.a(fdevopen.o)
 .comment       0x0000000000000000       0x12 /usr/local/Cellar/avr-gcc/4.9.2/lib/gcc/avr/4.9.2/../../../../avr/lib/avr51/libc.a(fputc.o)
 .comment       0x0000000000000000       0x12 /usr/local/Cellar/avr-gcc/4.9.2/lib/gcc/avr/4.9.2/../../../../avr/lib/avr51/libc.a(iob.o)
 .comment       0x0000000000000000       0x12 /usr/local/Cellar/avr-gcc/4.9.2/lib/gcc/avr/4.9.2/../../../../avr/lib/avr51/libc.a(printf.o)
 .comment       0x0000000000000000       0x12 /usr/local/Cellar/avr-gcc/4.9.2/lib/gcc/avr/4.9.2/../../../../avr/lib/avr51/libc.a(putchar.o)
 .comment       0x0000000000000000       0x12 /usr/local/Cellar/avr-gcc/4.9.2/lib/gcc/avr/4.9.2/../../../../avr/lib/avr51/libc.a(puts.o)
 .comment       0x0000000000000000       0x12 /usr/local/Cellar/avr-gcc/4.9.2/lib/gcc/avr/4.9.2/../../../../avr/lib/avr51/libc.a(sprintf.o)
 .comment       0x0000000000000000       0x12 /usr/local/Cellar/avr-gcc/4.9.2/lib/gcc/avr/4.9.2/../../../../avr/lib/avr51/libc.a(calloc.o)
 .comment       0x0000000000000000       0x12 /usr/local/Cellar/avr-gcc/4.9.2/lib/gcc/avr/4.9.2/../../../../avr/lib/avr51/libc.a(malloc.o)

.note.gnu.build-id
 *(.note.gnu.build-id)

.debug
 *(.debug)

.line
 *(.line)

.debug_srcinfo
 *(.debug_srcinfo)

.debug_sfnames
 *(.debug_sfnames)

.debug_aranges
 *(.debug_aranges)

.debug_pubnames
 *(.debug_pubnames)

.debug_info     0x0000000000000000     0x1160
 *(.debug_info .gnu.linkonce.wi.*)
 .debug_info    0x0000000000000000     0x1160 /usr/local/Cellar/avr-gcc/4.9.2/lib/gcc/avr/4.9.2/../../../../avr/lib/avr51/crtm128rfa1.o

.debug_abbrev   0x0000000000000000     0x1072
 *(.debug_abbrev)
 .debug_abbrev  0x0000000000000000     0x1072 /usr/local/Cellar/avr-gcc/4.9.2/lib/gcc/avr/4.9.2/../../../../avr/lib/avr51/crtm128rfa1.o

.debug_line     0x0000000000000000       0x1d
 *(.debug_line .debug_line.* .debug_line_end)
 .debug_line    0x0000000000000000       0x1d /usr/local/Cellar/avr-gcc/4.9.2/lib/gcc/avr/4.9.2/../../../../avr/lib/avr51/crtm128rfa1.o

.debug_frame
 *(.debug_frame)

.debug_str      0x0000000000000000      0x6de
 *(.debug_str)
 .debug_str     0x0000000000000000      0x6de /usr/local/Cellar/avr-gcc/4.9.2/lib/gcc/avr/4.9.2/../../../../avr/lib/avr51/crtm128rfa1.o

.debug_loc
 *(.debug_loc)

.debug_macinfo
 *(.debug_macinfo)

.debug_weaknames
 *(.debug_weaknames)

.debug_funcnames
 *(.debug_funcnames)

.debug_typenames
 *(.debug_typenames)

.debug_varnames
 *(.debug_varnames)

.debug_pubtypes
 *(.debug_pubtypes)

.debug_ranges
 *(.debug_ranges)

.debug_macro
 *(.debug_macro)
OUTPUT(main.elf elf32-avr)
LOAD linker stubs

Cross Reference Table

Symbol                                            File