Archive member included because of file (symbol)

/usr/local/Cellar/avr-gcc/4.9.2/lib/gcc/avr/4.9.2/../../../../avr/lib/avr51/libprintf_min.a(vfprintf_min.o)
                              (vfprintf)
/usr/local/Cellar/avr-gcc/4.9.2/lib/gcc/avr/4.9.2/avr51/libgcc.a(_muluhisi3.o)
                              ../../../../src/kernel/source/nrk_time.o (__muluhisi3)
/usr/local/Cellar/avr-gcc/4.9.2/lib/gcc/avr/4.9.2/avr51/libgcc.a(_mulsi3.o)
                              ../../../../src/kernel/source/nrk_time.o (__mulsi3)
/usr/local/Cellar/avr-gcc/4.9.2/lib/gcc/avr/4.9.2/avr51/libgcc.a(_udivmodsi4.o)
                              ../../../../src/kernel/source/nrk_time.o (__udivmodsi4)
/usr/local/Cellar/avr-gcc/4.9.2/lib/gcc/avr/4.9.2/avr51/libgcc.a(_udivdi3.o)
                              ../../../../src/kernel/source/nrk_time.o (__udivdi3)
/usr/local/Cellar/avr-gcc/4.9.2/lib/gcc/avr/4.9.2/avr51/libgcc.a(_udivmod64.o)
                              /usr/local/Cellar/avr-gcc/4.9.2/lib/gcc/avr/4.9.2/avr51/libgcc.a(_udivdi3.o) (__udivmod64)
/usr/local/Cellar/avr-gcc/4.9.2/lib/gcc/avr/4.9.2/avr51/libgcc.a(_exit.o)
                              /usr/local/Cellar/avr-gcc/4.9.2/lib/gcc/avr/4.9.2/../../../../avr/lib/avr51/crtm128rfa1.o (exit)
/usr/local/Cellar/avr-gcc/4.9.2/lib/gcc/avr/4.9.2/avr51/libgcc.a(_tablejump2.o)
                              ../../../../src/platform/firefly3/source/ulib.o (__tablejump2__)
/usr/local/Cellar/avr-gcc/4.9.2/lib/gcc/avr/4.9.2/avr51/libgcc.a(_copy_data.o)
                              main.o (__do_copy_data)
/usr/local/Cellar/avr-gcc/4.9.2/lib/gcc/avr/4.9.2/avr51/libgcc.a(_clear_bss.o)
                              main.o (__do_clear_bss)
/usr/local/Cellar/avr-gcc/4.9.2/lib/gcc/avr/4.9.2/avr51/libgcc.a(_umulhisi3.o)
                              /usr/local/Cellar/avr-gcc/4.9.2/lib/gcc/avr/4.9.2/avr51/libgcc.a(_muluhisi3.o) (__umulhisi3)
/usr/local/Cellar/avr-gcc/4.9.2/lib/gcc/avr/4.9.2/../../../../avr/lib/avr51/libc.a(strchr_P.o)
                              /usr/local/Cellar/avr-gcc/4.9.2/lib/gcc/avr/4.9.2/../../../../avr/lib/avr51/libprintf_min.a(vfprintf_min.o) (strchr_P)
/usr/local/Cellar/avr-gcc/4.9.2/lib/gcc/avr/4.9.2/../../../../avr/lib/avr51/libc.a(memcpy.o)
                              ../../../../src/radio/rf231_soc/source/basic_rf.o (memcpy)
/usr/local/Cellar/avr-gcc/4.9.2/lib/gcc/avr/4.9.2/../../../../avr/lib/avr51/libc.a(strncmp.o)
                              ../../../../src/radio/rf231_soc/source/basic_rf.o (strncmp)
/usr/local/Cellar/avr-gcc/4.9.2/lib/gcc/avr/4.9.2/../../../../avr/lib/avr51/libc.a(fdevopen.o)
                              ../../../../src/platform/firefly3/source/ulib.o (fdevopen)
/usr/local/Cellar/avr-gcc/4.9.2/lib/gcc/avr/4.9.2/../../../../avr/lib/avr51/libc.a(fputc.o)
                              ../../../../src/platform/firefly3/source/ulib.o (fputc)
/usr/local/Cellar/avr-gcc/4.9.2/lib/gcc/avr/4.9.2/../../../../avr/lib/avr51/libc.a(iob.o)
                              ../../../../src/platform/firefly3/source/ulib.o (__iob)
/usr/local/Cellar/avr-gcc/4.9.2/lib/gcc/avr/4.9.2/../../../../avr/lib/avr51/libc.a(printf.o)
                              ../../../../src/radio/rf231_soc/source/basic_rf.o (printf)
/usr/local/Cellar/avr-gcc/4.9.2/lib/gcc/avr/4.9.2/../../../../avr/lib/avr51/libc.a(putchar.o)
                              ../../../../src/radio/rf231_soc/source/basic_rf.o (putchar)
/usr/local/Cellar/avr-gcc/4.9.2/lib/gcc/avr/4.9.2/../../../../avr/lib/avr51/libc.a(puts.o)
                              main.o (puts)
/usr/local/Cellar/avr-gcc/4.9.2/lib/gcc/avr/4.9.2/../../../../avr/lib/avr51/libc.a(sprintf.o)
                              ../../../../src/kernel/source/nrk_error.o (sprintf)
/usr/local/Cellar/avr-gcc/4.9.2/lib/gcc/avr/4.9.2/../../../../avr/lib/avr51/libc.a(ultoa_invert.o)
                              /usr/local/Cellar/avr-gcc/4.9.2/lib/gcc/avr/4.9.2/../../../../avr/lib/avr51/libprintf_min.a(vfprintf_min.o) (__ultoa_invert)
/usr/local/Cellar/avr-gcc/4.9.2/lib/gcc/avr/4.9.2/../../../../avr/lib/avr51/libc.a(eerd_byte_atmega128rfa1.o)
                              ../../../../src/platform/firefly3/source/nrk_eeprom.o (__eerd_byte_m128rfa1)
/usr/local/Cellar/avr-gcc/4.9.2/lib/gcc/avr/4.9.2/../../../../avr/lib/avr51/libc.a(eewr_byte_atmega128rfa1.o)
                              ../../../../src/platform/firefly3/source/nrk_eeprom.o (__eewr_byte_m128rfa1)
/usr/local/Cellar/avr-gcc/4.9.2/lib/gcc/avr/4.9.2/../../../../avr/lib/avr51/libc.a(calloc.o)
                              /usr/local/Cellar/avr-gcc/4.9.2/lib/gcc/avr/4.9.2/../../../../avr/lib/avr51/libc.a(fdevopen.o) (calloc)
/usr/local/Cellar/avr-gcc/4.9.2/lib/gcc/avr/4.9.2/../../../../avr/lib/avr51/libc.a(malloc.o)
                              /usr/local/Cellar/avr-gcc/4.9.2/lib/gcc/avr/4.9.2/../../../../avr/lib/avr51/libc.a(calloc.o) (malloc)
/usr/local/Cellar/avr-gcc/4.9.2/lib/gcc/avr/4.9.2/../../../../avr/lib/avr51/libc.a(memset.o)
[...]
Memory Configuration

Name             Origin             Length             Attributes
text             0x0000000000000000 0x0000000000020000 xr
data             0x0000000000800100 0x000000000000ff00 rw !x
eeprom           0x0000000000810000 0x0000000000010000 rw !x
fuse             0x0000000000820000 0x0000000000000400 rw !x
lock             0x0000000000830000 0x0000000000000400 rw !x
signature        0x0000000000840000 0x0000000000000400 rw !x
*default*        0x0000000000000000 0xffffffffffffffff

Linker script and memory map

Address of section .data set to 0x800200
LOAD /usr/local/Cellar/avr-gcc/4.9.2/lib/gcc/avr/4.9.2/../../../../avr/lib/avr51/crtm128rfa1.o
LOAD main.o
LOAD ../../../../src/radio/rf231_soc/source/basic_rf.o
LOAD ../../../../src/platform/firefly3/source/ulib.o
LOAD ../../../../src/platform/firefly3/source/hal_wait.o
LOAD ../../../../src/platform/firefly3/source/nrk_eeprom.o
LOAD ../../../../src/kernel/source/nrk.o
LOAD ../../../../src/kernel/source/nrk_stats.o
LOAD ../../../../src/kernel/source/nrk_error.o
LOAD ../../../../src/kernel/source/nrk_stack_check.o
LOAD ../../../../src/kernel/source/nrk_events.o
LOAD ../../../../src/kernel/source/nrk_task.o
LOAD ../../../../src/kernel/source/nrk_time.o
LOAD ../../../../src/kernel/source/nrk_idle_task.o
LOAD ../../../../src/kernel/source/nrk_scheduler.o
LOAD ../../../../src/kernel/source/nrk_driver.o
LOAD ../../../../src/kernel/source/nrk_reserve.o
LOAD ../../../../src/kernel/source/nrk_sw_wdt.o
LOAD ../../../../src/kernel/hal/atmega128rfa1/nrk_timer.o
LOAD ../../../../src/kernel/hal/atmega128rfa1/nrk_status.o
LOAD ../../../../src/kernel/hal/atmega128rfa1/nrk_ext_int.o
LOAD ../../../../src/kernel/hal/atmega128rfa1/nrk_watchdog.o
LOAD ../../../../src/kernel/hal/atmega128rfa1/nrk_cpu.o
LOAD ../../../../src/kernel/hal/atmega128rfa1/atmel_hw_specific.o
LOAD /usr/local/Cellar/avr-gcc/4.9.2/lib/gcc/avr/4.9.2/../../../../avr/lib/avr51/libprintf_min.a
LOAD /usr/local/Cellar/avr-gcc/4.9.2/lib/gcc/avr/4.9.2/../../../../avr/lib/avr51/libm.a
START GROUP
LOAD /usr/local/Cellar/avr-gcc/4.9.2/lib/gcc/avr/4.9.2/avr51/libgcc.a
LOAD /usr/local/Cellar/avr-gcc/4.9.2/lib/gcc/avr/4.9.2/../../../../avr/lib/avr51/libm.a
LOAD /usr/local/Cellar/avr-gcc/4.9.2/lib/gcc/avr/4.9.2/../../../../avr/lib/avr51/libc.a
END GROUP

.hash
 *(.hash)

.dynsym
 *(.dynsym)

.dynstr
 *(.dynstr)

.gnu.version
 *(.gnu.version)

.gnu.version_d
 *(.gnu.version_d)

.gnu.version_r
 *(.gnu.version_r)

.rel.init
 *(.rel.init)

.rela.init
 *(.rela.init)

.rel.text
 *(.rel.text)
 *(.rel.text.*)
 *(.rel.gnu.linkonce.t*)

.rela.text
 *(.rela.text)
 *(.rela.text.*)
 *(.rela.gnu.linkonce.t*)

.rel.fini
 *(.rel.fini)

.rela.fini
 *(.rela.fini)

.rel.rodata
 *(.rel.rodata)
 *(.rel.rodata.*)
 *(.rel.gnu.linkonce.r*)

.rela.rodata
 *(.rela.rodata)
 *(.rela.rodata.*)
 *(.rela.gnu.linkonce.r*)

.rel.data
 *(.rel.data)
 *(.rel.data.*)
 *(.rel.gnu.linkonce.d*)

.rela.data
 *(.rela.data)
 *(.rela.data.*)
 *(.rela.gnu.linkonce.d*)

.rel.ctors
 *(.rel.ctors)

.rela.ctors
 *(.rela.ctors)

.rel.dtors
 *(.rel.dtors)

.rela.dtors
 *(.rela.dtors)

.rel.got
 *(.rel.got)

.rela.got
 *(.rela.got)

.rel.bss
 *(.rel.bss)

.rela.bss
 *(.rela.bss)

.rel.plt
 *(.rel.plt)

.rela.plt
 *(.rela.plt)

.text           0x0000000000000000     0x4fbc
 *(.vectors)
 .vectors       0x0000000000000000      0x120 /usr/local/Cellar/avr-gcc/4.9.2/lib/gcc/avr/4.9.2/../../../../avr/lib/avr51/crtm128rfa1.o
                0x0000000000000000                __vectors
 *(.vectors)
 *(.progmem.gcc*)
 .progmem.gcc_sw_table
                0x0000000000000120       0x54 ../../../../src/platform/firefly3/source/ulib.o
 .progmem.gcc_sw_table
                0x0000000000000174       0x40 ../../../../src/kernel/source/nrk_error.o
                0x00000000000001b4                . = ALIGN (0x2)
                0x00000000000001b4                __trampolines_start = .
 *(.trampolines)
 .trampolines   0x00000000000001b4        0x0 linker stubs
 *(.trampolines*)
                0x00000000000001b4                __trampolines_end = .
 *(.progmem*)
 .progmem.data  0x00000000000001b4       0x15 ../../../../src/platform/firefly3/source/ulib.o
 .progmem.data  0x00000000000001c9      0x248 ../../../../src/kernel/source/nrk_error.o
 .progmem.data  0x0000000000000411        0xf ../../../../src/kernel/source/nrk_stack_check.o
 .progmem.data  0x0000000000000420       0x17 /usr/local/Cellar/avr-gcc/4.9.2/lib/gcc/avr/4.9.2/../../../../avr/lib/avr51/libprintf_min.a(vfprintf_min.o)
                0x0000000000000438                . = ALIGN (0x2)
 *fill*         0x0000000000000437        0x1 
 *(.jumptables)
 *(.jumptables*)
 *(.lowtext)
 *(.lowtext*)
                0x0000000000000438                __ctors_start = .
 *(.ctors)
                0x0000000000000438                __ctors_end = .
                0x0000000000000438                __dtors_start = .
 *(.dtors)
                0x0000000000000438                __dtors_end = .
 SORT(*)(.ctors)
 SORT(*)(.dtors)
 *(.init0)
 .init0         0x0000000000000438        0x0 /usr/local/Cellar/avr-gcc/4.9.2/lib/gcc/avr/4.9.2/../../../../avr/lib/avr51/crtm128rfa1.o
                0x0000000000000438                __init
 *(.init0)
 *(.init1)
 *(.init1)
 *(.init2)
 .init2         0x0000000000000438        0xc /usr/local/Cellar/avr-gcc/4.9.2/lib/gcc/avr/4.9.2/../../../../avr/lib/avr51/crtm128rfa1.o
 *(.init2)
 *(.init3)
 *(.init3)
 *(.init4)
 .init4         0x0000000000000444       0x1a /usr/local/Cellar/avr-gcc/4.9.2/lib/gcc/avr/4.9.2/avr51/libgcc.a(_copy_data.o)
                0x0000000000000444                __do_copy_data
 .init4         0x000000000000045e       0x10 /usr/local/Cellar/avr-gcc/4.9.2/lib/gcc/avr/4.9.2/avr51/libgcc.a(_clear_bss.o)
                0x000000000000045e                __do_clear_bss
 *(.init4)
 *(.init5)
 *(.init5)
 *(.init6)
 *(.init6)
 *(.init7)
 *(.init7)
 *(.init8)
 *(.init8)
 *(.init9)
 .init9         0x000000000000046e        0x8 /usr/local/Cellar/avr-gcc/4.9.2/lib/gcc/avr/4.9.2/../../../../avr/lib/avr51/crtm128rfa1.o
 *(.init9)
 *(.text)
 .text          0x0000000000000476        0x4 /usr/local/Cellar/avr-gcc/4.9.2/lib/gcc/avr/4.9.2/../../../../avr/lib/avr51/crtm128rfa1.o
                0x0000000000000476                __vector_65
                0x0000000000000476                __vector_22
                0x0000000000000476                __vector_28
                0x0000000000000476                __vector_67
                0x0000000000000476                __vector_71
                0x0000000000000476                __vector_34
                0x0000000000000476                __vector_24
                0x0000000000000476                __vector_12
                0x0000000000000476                __vector_55
                0x0000000000000476                __vector_69
                0x0000000000000476                __vector_46
                0x0000000000000476                __bad_interrupt
                0x0000000000000476                __vector_6
                0x0000000000000476                __vector_31
                0x0000000000000476                __vector_35
                0x0000000000000476                __vector_39
                0x0000000000000476                __vector_23
                0x0000000000000476                __vector_68
                0x0000000000000476                __vector_30
                0x0000000000000476                __vector_45
                0x0000000000000476                __vector_11
                0x0000000000000476                __vector_54
                0x0000000000000476                __vector_17
                0x0000000000000476                __vector_19
                0x0000000000000476                __vector_56
                0x0000000000000476                __vector_7
                0x0000000000000476                __vector_49
                0x0000000000000476                __vector_41
                0x0000000000000476                __vector_43
                0x0000000000000476                __vector_27
                0x0000000000000476                __vector_5
                0x0000000000000476                __vector_33
                0x0000000000000476                __vector_47
                0x0000000000000476                __vector_52
                0x0000000000000476                __vector_37
                0x0000000000000476                __vector_4
                0x0000000000000476                __vector_44
                0x0000000000000476                __vector_51
                0x0000000000000476                __vector_21
                0x0000000000000476                __vector_66
                0x0000000000000476                __vector_36
                0x0000000000000476                __vector_70
                0x0000000000000476                __vector_29
                0x0000000000000476                __vector_40
                0x0000000000000476                __vector_8
                0x0000000000000476                __vector_26
                0x0000000000000476                __vector_48
                0x0000000000000476                __vector_14
                0x0000000000000476                __vector_53
                0x0000000000000476                __vector_10
                0x0000000000000476                __vector_50
                0x0000000000000476                __vector_16
                0x0000000000000476                __vector_18
                0x0000000000000476                __vector_20
                0x0000000000000476                __vector_42
                0x0000000000000476                __vector_38
 .text          0x000000000000047a       0xd4 main.o
                0x000000000000047a                callback1
                0x0000000000000482                callback2
                0x0000000000000492                rx_task
                0x00000000000004e0                rf_rx_callback
                0x00000000000004e2                nrk_create_taskset
 .text          0x000000000000054e      0xa92 ../../../../src/radio/rf231_soc/source/basic_rf.o
                0x000000000000055e                set_wireless_prog
                0x0000000000000564                rf_enable_glossy
                0x000000000000056c                rf_disable_glossy
                0x0000000000000572                rf_power_down
                0x00000000000005be                rf_power_up
                0x00000000000005ea                rf_pll_on
                0x00000000000005f0                rf_tx_power
                0x0000000000000604                rf_addr_decode_enable
                0x0000000000000610                rf_addr_decode_disable
                0x000000000000061c                rf_auto_ack_enable
                0x0000000000000628                rf_auto_ack_disable
                0x0000000000000634                rf_addr_decode_set_my_mac
                0x0000000000000646                rf_set_rx
                0x0000000000000660                rx_start_callback
                0x000000000000066a                rx_end_callback
                0x0000000000000674                rf_init
                0x0000000000000754                rf_rx_on
                0x000000000000075a                rf_polling_rx_on
                0x0000000000000760                rf_rx_off
                0x000000000000076c                rf_tx_packet
                0x00000000000008e2                rf_tx_packet_resend
                0x0000000000000904                rf_cca_check
                0x0000000000000968                rf_rx_packet_nonblock
                0x0000000000000b3c                __vector_64
                0x0000000000000b5a                __vector_63
                0x0000000000000b7e                __vector_62
                0x0000000000000b9c                __vector_61
                0x0000000000000bba                __vector_59
                0x0000000000000c1a                __vector_58
                0x0000000000000c38                __vector_57
                0x0000000000000c56                rf_set_cca_thresh
                0x0000000000000c6a                rf_security_last_pkt_status
                0x0000000000000c6e                rf_security_set_ctr_counter
                0x0000000000000c70                rf_security_set_key
                0x0000000000000c72                rf_security_disable
                0x0000000000000c74                rf_tx_tdma_packet
                0x0000000000000c78                rf_get_sem
                0x0000000000000c82                rf_flush_rx_fifo
                0x0000000000000c84                rf_busy
                0x0000000000000c88                rf_rx_check_fifop
                0x0000000000000c8c                rf_rx_check_sfd
                0x0000000000000c90                rf_carrier_on
                0x0000000000000c92                rf_carrier_off
                0x0000000000000c94                rf_test_mode
                0x0000000000000c96                rf_data_mode
                0x0000000000000c98                rf_rx_set_serial
                0x0000000000000c9a                rf_tx_set_serial
                0x0000000000000c9c                rf_set_preamble_length
                0x0000000000000c9e                rf_set_cca_mode
                0x0000000000000ca0                rf_cc2591_tx_on
                0x0000000000000cb0                rf_cc2591_rx_on
                0x0000000000000cc0                rf_glossy_interrupt
                0x0000000000000d9a                __vector_60
                0x0000000000000e32                aes_setkey
                0x0000000000000e76                aes_encrypt
                0x0000000000000f14                aes_decrypt
 .text          0x0000000000000fe0      0x926 ../../../../src/platform/firefly3/source/ulib.o
                0x0000000000000fe0                putc0
                0x0000000000000ff8                __vector_25
                0x000000000000109e                nrk_uart_data_ready
                0x00000000000010d0                nrk_uart_rx_signal_get
                0x00000000000010e4                nrk_kprintf
                0x000000000000110e                getc0
                0x0000000000001178                PORT_INIT
                0x000000000000118c                nrk_setup_ports
                0x0000000000001190                nrk_gpio_set
                0x0000000000001272                nrk_gpio_clr
                0x0000000000001362                nrk_gpio_get
                0x00000000000013b6                nrk_gpio_toggle
                0x00000000000015cc                nrk_gpio_direction
                0x0000000000001780                nrk_get_button
                0x0000000000001794                nrk_led_toggle
                0x00000000000017c2                nrk_led_clr
                0x00000000000017f0                nrk_led_set
                0x000000000000181e                nrk_gpio_pullups
                0x0000000000001832                putc1
                0x0000000000001840                setup_uart0
                0x000000000000186a                setup_uart1
                0x0000000000001894                nrk_setup_uart
                0x00000000000018ee                getc1
 .text          0x0000000000001906        0xe ../../../../src/platform/firefly3/source/hal_wait.o
                0x0000000000001906                halWait
 .text          0x0000000000001914      0x13e ../../../../src/platform/firefly3/source/nrk_eeprom.o
                0x0000000000001914                nrk_eeprom_read_byte
                0x0000000000001918                nrk_eeprom_write_byte
                0x000000000000191e                read_eeprom_mac_address
                0x000000000000198a                read_eeprom_channel
                0x00000000000019a2                write_eeprom_load_img_pages
                0x00000000000019b2                read_eeprom_load_img_pages
                0x00000000000019ca                read_eeprom_aes_key
                0x00000000000019fa                write_eeprom_aes_key
                0x0000000000001a2a                read_eeprom_current_image_checksum
                0x0000000000001a42                write_eeprom_current_image_checksum
 .text          0x0000000000001a52      0x3a6 ../../../../src/kernel/source/nrk.o
                0x0000000000001a52                nrk_int_disable
                0x0000000000001a56                nrk_int_enable
                0x0000000000001a5a                nrk_halt
                0x0000000000001a60                nrk_init
                0x0000000000001c00                nrk_start
                0x0000000000001c82                nrk_TCB_init
                0x0000000000001dee                _nrk_timer_tick
                0x0000000000001df2                nrk_version
 .text          0x0000000000001df8        0x0 ../../../../src/kernel/source/nrk_stats.o
 .text          0x0000000000001df8      0x382 ../../../../src/kernel/source/nrk_error.o
                0x0000000000001df8                _nrk_errno_set
                0x0000000000001e04                nrk_errno_get
                0x0000000000001e10                nrk_error_get
                0x0000000000001e28                nrk_error_print
                0x0000000000001f3c                clear_regs
                0x0000000000001f9c                nrk_error_handle
                0x0000000000001fce                nrk_error_add
                0x0000000000001fe8                nrk_kernel_error_add
                0x0000000000001ff8                pause
                0x0000000000002022                blink_dash
                0x0000000000002042                blink_dot
                0x000000000000205a                blink_morse_code_error
 .text          0x000000000000217a      0x1da ../../../../src/kernel/source/nrk_stack_check.o
                0x000000000000217a                dump_stack_info
                0x00000000000022d4                nrk_stack_check
                0x000000000000231e                nrk_stack_check_pid
 .text          0x0000000000002354      0x648 ../../../../src/kernel/source/nrk_events.o
                0x0000000000002354                nrk_signal_create
                0x00000000000023c6                nrk_signal_get_registered_mask
                0x00000000000023d8                nrk_signal_delete
                0x00000000000024f6                nrk_signal_unregister
                0x0000000000002574                nrk_signal_register
                0x00000000000025d8                nrk_event_signal
                0x00000000000026ba                nrk_event_wait
                0x000000000000272e                nrk_sem_create
                0x0000000000002782                nrk_get_resource_index
                0x00000000000027a8                nrk_sem_query
                0x00000000000027dc                nrk_sem_pend
                0x000000000000289a                nrk_sem_post
                0x0000000000002956                nrk_sem_delete
 .text          0x000000000000299c      0x69c ../../../../src/kernel/source/nrk_task.o
                0x000000000000299c                nrk_get_high_ready_task_ID
                0x00000000000029a8                nrk_print_readyQ
                0x00000000000029be                nrk_add_to_readyQ
                0x0000000000002b16                nrk_rem_from_readyQ
                0x0000000000002bb6                nrk_activate_task
                0x0000000000002c4c                nrk_set_next_wakeup
                0x0000000000002cc6                _nrk_wait_for_scheduler
                0x0000000000002cda                nrk_wait_until_next_period
                0x0000000000002d2e                nrk_terminate_task
                0x0000000000002d50                nrk_wait_until_next_n_periods
                0x0000000000002db0                nrk_wait_ticks
                0x0000000000002e28                nrk_wait_until_ticks
                0x0000000000002e86                nrk_wait_until_nw
                0x0000000000002ed2                nrk_wait
                0x0000000000002f80                nrk_wait_until
                0x000000000000302c                nrk_get_pid
 .text          0x0000000000003038      0x504 ../../../../src/kernel/source/nrk_time.o
                0x0000000000003038                nrk_time_get
                0x00000000000030f2                nrk_time_sub
                0x000000000000320a                nrk_time_compact_nanos
                0x000000000000324c                nrk_time_add
                0x0000000000003302                nrk_time_set
                0x0000000000003318                _nrk_time_to_ticks
                0x00000000000033fa                _nrk_ticks_to_time
                0x0000000000003468                _nrk_time_to_ticks_long
 .text          0x000000000000353c       0x34 ../../../../src/kernel/source/nrk_idle_task.o
                0x000000000000353c                nrk_idle_task
 .text          0x0000000000003570      0x52c ../../../../src/kernel/source/nrk_scheduler.o
                0x0000000000003570                _nrk_scheduler
 .text          0x0000000000003a9c      0x1dc ../../../../src/kernel/source/nrk_driver.o
                0x0000000000003a9c                nrk_register_driver
                0x0000000000003ac6                nrk_open
                0x0000000000003b54                nrk_close
                0x0000000000003b90                nrk_write
                0x0000000000003bca                nrk_read
                0x0000000000003c04                nrk_set_status
                0x0000000000003c3e                nrk_get_status
 .text          0x0000000000003c78        0x0 ../../../../src/kernel/source/nrk_reserve.o
 .text          0x0000000000003c78        0x0 ../../../../src/kernel/source/nrk_sw_wdt.o
 .text          0x0000000000003c78      0x394 ../../../../src/kernel/hal/atmega128rfa1/nrk_timer.o
                0x0000000000003c78                nrk_spin_wait_us
                0x0000000000003c96                _nrk_precision_os_timer_stop
                0x0000000000003c9c                _nrk_precision_os_timer_start
                0x0000000000003cb0                _nrk_precision_os_timer_reset
                0x0000000000003cba                _nrk_precision_os_timer_get
                0x0000000000003cde                _nrk_high_speed_timer_stop
                0x0000000000003ce4                _nrk_high_speed_timer_start
                0x0000000000003cec                _nrk_high_speed_timer_reset
                0x0000000000003cfc                _nrk_high_speed_timer_get
                0x0000000000003d20                nrk_high_speed_timer_wait
                0x0000000000003d80                _nrk_os_timer_stop
                0x0000000000003d96                _nrk_os_timer_set
                0x0000000000003d9c                _nrk_os_timer_start
                0x0000000000003dae                _nrk_os_timer_reset
                0x0000000000003dc2                _nrk_setup_timer
                0x0000000000003e48                _nrk_get_next_wakeup
                0x0000000000003e50                _nrk_set_next_wakeup
                0x0000000000003e58                nrk_timer_int_stop
                0x0000000000003e64                nrk_timer_int_reset
                0x0000000000003e78                nrk_timer_int_read
                0x0000000000003e8c                nrk_timer_int_start
                0x0000000000003e9e                nrk_timer_int_configure
                0x0000000000003f14                _nrk_os_timer_get
                0x0000000000003f1a                __vector_default
                0x0000000000003f2e                __vector_13
                0x0000000000003f2e                __vector_15
                0x0000000000003f94                __vector_32
                0x0000000000003ff8                SIG_OUTPUT_COMPARE1A
 .text          0x000000000000400c       0x4c ../../../../src/kernel/hal/atmega128rfa1/nrk_status.o
                0x000000000000400c                _nrk_startup_error
 .text          0x0000000000004058      0x3a8 ../../../../src/kernel/hal/atmega128rfa1/nrk_ext_int.o
                0x0000000000004058                nrk_ext_int_enable
                0x00000000000040da                nrk_ext_int_disable
                0x000000000000415c                nrk_ext_int_configure
                0x0000000000004270                __vector_9
                0x00000000000042d4                __vector_1
                0x0000000000004338                __vector_2
                0x000000000000439c                __vector_3
 .text          0x0000000000004400       0x4c ../../../../src/kernel/hal/atmega128rfa1/nrk_watchdog.o
                0x0000000000004400                nrk_watchdog_disable
                0x000000000000441c                nrk_watchdog_enable
                0x000000000000443a                nrk_watchdog_check
                0x0000000000004448                nrk_watchdog_reset
 .text          0x000000000000444c      0x124 ../../../../src/kernel/hal/atmega128rfa1/nrk_cpu.o
                0x000000000000444c                nrk_battery_save
                0x000000000000444e                nrk_sleep
                0x0000000000004466                nrk_idle
                0x000000000000447c                nrk_task_set_entry_function
                0x0000000000004484                nrk_task_set_stk
                0x00000000000044c0                nrk_task_stk_init
                0x000000000000453c                nrk_stack_pointer_init
                0x000000000000455a                nrk_stack_pointer_restore
                0x0000000000004568                nrk_target_start
 .text          0x0000000000004570       0x56 ../../../../src/kernel/hal/atmega128rfa1/atmel_hw_specific.o
                0x0000000000004570                nrk_start_high_ready_task
 .text          0x00000000000045c6        0x0 /usr/local/Cellar/avr-gcc/4.9.2/lib/gcc/avr/4.9.2/../../../../avr/lib/avr51/libprintf_min.a(vfprintf_min.o)
 .text          0x00000000000045c6        0x0 /usr/local/Cellar/avr-gcc/4.9.2/lib/gcc/avr/4.9.2/avr51/libgcc.a(_muluhisi3.o)
 .text          0x00000000000045c6        0x0 /usr/local/Cellar/avr-gcc/4.9.2/lib/gcc/avr/4.9.2/avr51/libgcc.a(_mulsi3.o)
 .text          0x00000000000045c6        0x0 /usr/local/Cellar/avr-gcc/4.9.2/lib/gcc/avr/4.9.2/avr51/libgcc.a(_udivmodsi4.o)
 .text          0x00000000000045c6        0x0 /usr/local/Cellar/avr-gcc/4.9.2/lib/gcc/avr/4.9.2/avr51/libgcc.a(_udivdi3.o)
 .text          0x00000000000045c6        0x0 /usr/local/Cellar/avr-gcc/4.9.2/lib/gcc/avr/4.9.2/avr51/libgcc.a(_udivmod64.o)
 .text          0x00000000000045c6        0x0 /usr/local/Cellar/avr-gcc/4.9.2/lib/gcc/avr/4.9.2/avr51/libgcc.a(_exit.o)
 .text          0x00000000000045c6        0x0 /usr/local/Cellar/avr-gcc/4.9.2/lib/gcc/avr/4.9.2/avr51/libgcc.a(_tablejump2.o)
 .text          0x00000000000045c6        0x0 /usr/local/Cellar/avr-gcc/4.9.2/lib/gcc/avr/4.9.2/avr51/libgcc.a(_copy_data.o)
 .text          0x00000000000045c6        0x0 /usr/local/Cellar/avr-gcc/4.9.2/lib/gcc/avr/4.9.2/avr51/libgcc.a(_clear_bss.o)
 .text          0x00000000000045c6        0x0 /usr/local/Cellar/avr-gcc/4.9.2/lib/gcc/avr/4.9.2/avr51/libgcc.a(_umulhisi3.o)
 .text          0x00000000000045c6        0x0 /usr/local/Cellar/avr-gcc/4.9.2/lib/gcc/avr/4.9.2/../../../../avr/lib/avr51/libc.a(strchr_P.o)
 .text          0x00000000000045c6        0x0 /usr/local/Cellar/avr-gcc/4.9.2/lib/gcc/avr/4.9.2/../../../../avr/lib/avr51/libc.a(memcpy.o)
 .text          0x00000000000045c6        0x0 /usr/local/Cellar/avr-gcc/4.9.2/lib/gcc/avr/4.9.2/../../../../avr/lib/avr51/libc.a(strncmp.o)
 .text          0x00000000000045c6        0x0 /usr/local/Cellar/avr-gcc/4.9.2/lib/gcc/avr/4.9.2/../../../../avr/lib/avr51/libc.a(fdevopen.o)
 .text          0x00000000000045c6        0x0 /usr/local/Cellar/avr-gcc/4.9.2/lib/gcc/avr/4.9.2/../../../../avr/lib/avr51/libc.a(fputc.o)
 .text          0x00000000000045c6        0x0 /usr/local/Cellar/avr-gcc/4.9.2/lib/gcc/avr/4.9.2/../../../../avr/lib/avr51/libc.a(iob.o)
 .text          0x00000000000045c6        0x0 /usr/local/Cellar/avr-gcc/4.9.2/lib/gcc/avr/4.9.2/../../../../avr/lib/avr51/libc.a(printf.o)
 .text          0x00000000000045c6        0x0 /usr/local/Cellar/avr-gcc/4.9.2/lib/gcc/avr/4.9.2/../../../../avr/lib/avr51/libc.a(putchar.o)
 .text          0x00000000000045c6        0x0 /usr/local/Cellar/avr-gcc/4.9.2/lib/gcc/avr/4.9.2/../../../../avr/lib/avr51/libc.a(puts.o)
 .text          0x00000000000045c6        0x0 /usr/local/Cellar/avr-gcc/4.9.2/lib/gcc/avr/4.9.2/../../../../avr/lib/avr51/libc.a(sprintf.o)
 .text          0x00000000000045c6        0x0 /usr/local/Cellar/avr-gcc/4.9.2/lib/gcc/avr/4.9.2/../../../../avr/lib/avr51/libc.a(ultoa_invert.o)
 .text          0x00000000000045c6        0x0 /usr/local/Cellar/avr-gcc/4.9.2/lib/gcc/avr/4.9.2/../../../../avr/lib/avr51/libc.a(eerd_byte_atmega128rfa1.o)
 .text          0x00000000000045c6        0x0 /usr/local/Cellar/avr-gcc/4.9.2/lib/gcc/avr/4.9.2/../../../../avr/lib/avr51/libc.a(eewr_byte_atmega128rfa1.o)
 .text          0x00000000000045c6        0x0 /usr/local/Cellar/avr-gcc/4.9.2/lib/gcc/avr/4.9.2/../../../../avr/lib/avr51/libc.a(calloc.o)
 .text          0x00000000000045c6        0x0 /usr/local/Cellar/avr-gcc/4.9.2/lib/gcc/avr/4.9.2/../../../../avr/lib/avr51/libc.a(malloc.o)
 .text          0x00000000000045c6        0x0 /usr/local/Cellar/avr-gcc/4.9.2/lib/gcc/avr/4.9.2/../../../../avr/lib/avr51/libc.a(memset.o)
                0x00000000000045c6                . = ALIGN (0x2)
 *(.text.*)
 .text.startup  0x00000000000045c6       0x36 main.o
                0x00000000000045c6                main
 .text.avr-libc
                0x00000000000045fc      0x28e /usr/local/Cellar/avr-gcc/4.9.2/lib/gcc/avr/4.9.2/../../../../avr/lib/avr51/libprintf_min.a(vfprintf_min.o)
                0x00000000000045fc                vfprintf
 .text.libgcc.mul
                0x000000000000488a       0x16 /usr/local/Cellar/avr-gcc/4.9.2/lib/gcc/avr/4.9.2/avr51/libgcc.a(_muluhisi3.o)
                0x000000000000488a                __muluhisi3
 .text.libgcc.div
                0x00000000000048a0        0x0 /usr/local/Cellar/avr-gcc/4.9.2/lib/gcc/avr/4.9.2/avr51/libgcc.a(_muluhisi3.o)
 .text.libgcc   0x00000000000048a0        0x0 /usr/local/Cellar/avr-gcc/4.9.2/lib/gcc/avr/4.9.2/avr51/libgcc.a(_muluhisi3.o)
 .text.libgcc.prologue
                0x00000000000048a0        0x0 /usr/local/Cellar/avr-gcc/4.9.2/lib/gcc/avr/4.9.2/avr51/libgcc.a(_muluhisi3.o)
 .text.libgcc.builtins
                0x00000000000048a0        0x0 /usr/local/Cellar/avr-gcc/4.9.2/lib/gcc/avr/4.9.2/avr51/libgcc.a(_muluhisi3.o)
 .text.libgcc.fmul
                0x00000000000048a0        0x0 /usr/local/Cellar/avr-gcc/4.9.2/lib/gcc/avr/4.9.2/avr51/libgcc.a(_muluhisi3.o)
 .text.libgcc.fixed
                0x00000000000048a0        0x0 /usr/local/Cellar/avr-gcc/4.9.2/lib/gcc/avr/4.9.2/avr51/libgcc.a(_muluhisi3.o)
 .text.libgcc.mul
                0x00000000000048a0       0x20 /usr/local/Cellar/avr-gcc/4.9.2/lib/gcc/avr/4.9.2/avr51/libgcc.a(_mulsi3.o)
                0x00000000000048a0                __mulsi3
 .text.libgcc.div
                0x00000000000048c0        0x0 /usr/local/Cellar/avr-gcc/4.9.2/lib/gcc/avr/4.9.2/avr51/libgcc.a(_mulsi3.o)
 .text.libgcc   0x00000000000048c0        0x0 /usr/local/Cellar/avr-gcc/4.9.2/lib/gcc/avr/4.9.2/avr51/libgcc.a(_mulsi3.o)
 .text.libgcc.prologue
                0x00000000000048c0        0x0 /usr/local/Cellar/avr-gcc/4.9.2/lib/gcc/avr/4.9.2/avr51/libgcc.a(_mulsi3.o)
 .text.libgcc.builtins
                0x00000000000048c0        0x0 /usr/local/Cellar/avr-gcc/4.9.2/lib/gcc/avr/4.9.2/avr51/libgcc.a(_mulsi3.o)
 .text.libgcc.fmul
                0x00000000000048c0        0x0 /usr/local/Cellar/avr-gcc/4.9.2/lib/gcc/avr/4.9.2/avr51/libgcc.a(_mulsi3.o)
 .text.libgcc.fixed
                0x00000000000048c0        0x0 /usr/local/Cellar/avr-gcc/4.9.2/lib/gcc/avr/4.9.2/avr51/libgcc.a(_mulsi3.o)
 .text.libgcc.mul
                0x00000000000048c0        0x0 /usr/local/Cellar/avr-gcc/4.9.2/lib/gcc/avr/4.9.2/avr51/libgcc.a(_udivmodsi4.o)
 .text.libgcc.div
                0x00000000000048c0       0x44 /usr/local/Cellar/avr-gcc/4.9.2/lib/gcc/avr/4.9.2/avr51/libgcc.a(_udivmodsi4.o)
                0x00000000000048c0                __udivmodsi4
 .text.libgcc   0x0000000000004904        0x0 /usr/local/Cellar/avr-gcc/4.9.2/lib/gcc/avr/4.9.2/avr51/libgcc.a(_udivmodsi4.o)
 .text.libgcc.prologue
                0x0000000000004904        0x0 /usr/local/Cellar/avr-gcc/4.9.2/lib/gcc/avr/4.9.2/avr51/libgcc.a(_udivmodsi4.o)
 .text.libgcc.builtins
                0x0000000000004904        0x0 /usr/local/Cellar/avr-gcc/4.9.2/lib/gcc/avr/4.9.2/avr51/libgcc.a(_udivmodsi4.o)
 .text.libgcc.fmul
                0x0000000000004904        0x0 /usr/local/Cellar/avr-gcc/4.9.2/lib/gcc/avr/4.9.2/avr51/libgcc.a(_udivmodsi4.o)
 .text.libgcc.fixed
                0x0000000000004904        0x0 /usr/local/Cellar/avr-gcc/4.9.2/lib/gcc/avr/4.9.2/avr51/libgcc.a(_udivmodsi4.o)
 .text.libgcc.mul
                0x0000000000004904        0x0 /usr/local/Cellar/avr-gcc/4.9.2/lib/gcc/avr/4.9.2/avr51/libgcc.a(_udivdi3.o)
 .text.libgcc.div
                0x0000000000004904       0x1c /usr/local/Cellar/avr-gcc/4.9.2/lib/gcc/avr/4.9.2/avr51/libgcc.a(_udivdi3.o)
                0x0000000000004904                __umoddi3
                0x0000000000004908                __udivdi3
                0x000000000000490a                __udivdi3_umoddi3
 .text.libgcc   0x0000000000004920        0x0 /usr/local/Cellar/avr-gcc/4.9.2/lib/gcc/avr/4.9.2/avr51/libgcc.a(_udivdi3.o)
 .text.libgcc.prologue
                0x0000000000004920        0x0 /usr/local/Cellar/avr-gcc/4.9.2/lib/gcc/avr/4.9.2/avr51/libgcc.a(_udivdi3.o)
 .text.libgcc.builtins
                0x0000000000004920        0x0 /usr/local/Cellar/avr-gcc/4.9.2/lib/gcc/avr/4.9.2/avr51/libgcc.a(_udivdi3.o)
 .text.libgcc.fmul
                0x0000000000004920        0x0 /usr/local/Cellar/avr-gcc/4.9.2/lib/gcc/avr/4.9.2/avr51/libgcc.a(_udivdi3.o)
 .text.libgcc.fixed
                0x0000000000004920        0x0 /usr/local/Cellar/avr-gcc/4.9.2/lib/gcc/avr/4.9.2/avr51/libgcc.a(_udivdi3.o)
 .text.libgcc.mul
                0x0000000000004920        0x0 /usr/local/Cellar/avr-gcc/4.9.2/lib/gcc/avr/4.9.2/avr51/libgcc.a(_udivmod64.o)
 .text.libgcc.div
                0x0000000000004920       0xa2 /usr/local/Cellar/avr-gcc/4.9.2/lib/gcc/avr/4.9.2/avr51/libgcc.a(_udivmod64.o)
                0x0000000000004920                __udivmod64
 .text.libgcc   0x00000000000049c2        0x0 /usr/local/Cellar/avr-gcc/4.9.2/lib/gcc/avr/4.9.2/avr51/libgcc.a(_udivmod64.o)
 .text.libgcc.prologue
                0x00000000000049c2        0x0 /usr/local/Cellar/avr-gcc/4.9.2/lib/gcc/avr/4.9.2/avr51/libgcc.a(_udivmod64.o)
 .text.libgcc.builtins
                0x00000000000049c2        0x0 /usr/local/Cellar/avr-gcc/4.9.2/lib/gcc/avr/4.9.2/avr51/libgcc.a(_udivmod64.o)
 .text.libgcc.fmul
                0x00000000000049c2        0x0 /usr/local/Cellar/avr-gcc/4.9.2/lib/gcc/avr/4.9.2/avr51/libgcc.a(_udivmod64.o)
 .text.libgcc.fixed
                0x00000000000049c2        0x0 /usr/local/Cellar/avr-gcc/4.9.2/lib/gcc/avr/4.9.2/avr51/libgcc.a(_udivmod64.o)
 .text.libgcc.mul
                0x00000000000049c2        0x0 /usr/local/Cellar/avr-gcc/4.9.2/lib/gcc/avr/4.9.2/avr51/libgcc.a(_exit.o)
 .text.libgcc.div
                0x00000000000049c2        0x0 /usr/local/Cellar/avr-gcc/4.9.2/lib/gcc/avr/4.9.2/avr51/libgcc.a(_exit.o)
 .text.libgcc   0x00000000000049c2        0x0 /usr/local/Cellar/avr-gcc/4.9.2/lib/gcc/avr/4.9.2/avr51/libgcc.a(_exit.o)
 .text.libgcc.prologue
                0x00000000000049c2        0x0 /usr/local/Cellar/avr-gcc/4.9.2/lib/gcc/avr/4.9.2/avr51/libgcc.a(_exit.o)
 .text.libgcc.builtins
                0x00000000000049c2        0x0 /usr/local/Cellar/avr-gcc/4.9.2/lib/gcc/avr/4.9.2/avr51/libgcc.a(_exit.o)
 .text.libgcc.fmul
                0x00000000000049c2        0x0 /usr/local/Cellar/avr-gcc/4.9.2/lib/gcc/avr/4.9.2/avr51/libgcc.a(_exit.o)
 .text.libgcc.fixed
                0x00000000000049c2        0x0 /usr/local/Cellar/avr-gcc/4.9.2/lib/gcc/avr/4.9.2/avr51/libgcc.a(_exit.o)
 .text.libgcc.mul
                0x00000000000049c2        0x0 /usr/local/Cellar/avr-gcc/4.9.2/lib/gcc/avr/4.9.2/avr51/libgcc.a(_tablejump2.o)
 .text.libgcc.div
                0x00000000000049c2        0x0 /usr/local/Cellar/avr-gcc/4.9.2/lib/gcc/avr/4.9.2/avr51/libgcc.a(_tablejump2.o)
 .text.libgcc   0x00000000000049c2       0x12 /usr/local/Cellar/avr-gcc/4.9.2/lib/gcc/avr/4.9.2/avr51/libgcc.a(_tablejump2.o)
                0x00000000000049c2                __tablejump2__
 .text.libgcc.prologue
                0x00000000000049d4        0x0 /usr/local/Cellar/avr-gcc/4.9.2/lib/gcc/avr/4.9.2/avr51/libgcc.a(_tablejump2.o)
 .text.libgcc.builtins
                0x00000000000049d4        0x0 /usr/local/Cellar/avr-gcc/4.9.2/lib/gcc/avr/4.9.2/avr51/libgcc.a(_tablejump2.o)
 .text.libgcc.fmul
                0x00000000000049d4        0x0 /usr/local/Cellar/avr-gcc/4.9.2/lib/gcc/avr/4.9.2/avr51/libgcc.a(_tablejump2.o)
 .text.libgcc.fixed
                0x00000000000049d4        0x0 /usr/local/Cellar/avr-gcc/4.9.2/lib/gcc/avr/4.9.2/avr51/libgcc.a(_tablejump2.o)
 .text.libgcc.mul
                0x00000000000049d4        0x0 /usr/local/Cellar/avr-gcc/4.9.2/lib/gcc/avr/4.9.2/avr51/libgcc.a(_copy_data.o)
 .text.libgcc.div
                0x00000000000049d4        0x0 /usr/local/Cellar/avr-gcc/4.9.2/lib/gcc/avr/4.9.2/avr51/libgcc.a(_copy_data.o)
 .text.libgcc   0x00000000000049d4        0x0 /usr/local/Cellar/avr-gcc/4.9.2/lib/gcc/avr/4.9.2/avr51/libgcc.a(_copy_data.o)
 .text.libgcc.prologue
                0x00000000000049d4        0x0 /usr/local/Cellar/avr-gcc/4.9.2/lib/gcc/avr/4.9.2/avr51/libgcc.a(_copy_data.o)
 .text.libgcc.builtins
                0x00000000000049d4        0x0 /usr/local/Cellar/avr-gcc/4.9.2/lib/gcc/avr/4.9.2/avr51/libgcc.a(_copy_data.o)
 .text.libgcc.fmul
                0x00000000000049d4        0x0 /usr/local/Cellar/avr-gcc/4.9.2/lib/gcc/avr/4.9.2/avr51/libgcc.a(_copy_data.o)
 .text.libgcc.fixed
                0x00000000000049d4        0x0 /usr/local/Cellar/avr-gcc/4.9.2/lib/gcc/avr/4.9.2/avr51/libgcc.a(_copy_data.o)
 .text.libgcc.mul
                0x00000000000049d4        0x0 /usr/local/Cellar/avr-gcc/4.9.2/lib/gcc/avr/4.9.2/avr51/libgcc.a(_clear_bss.o)
 .text.libgcc.div
                0x00000000000049d4        0x0 /usr/local/Cellar/avr-gcc/4.9.2/lib/gcc/avr/4.9.2/avr51/libgcc.a(_clear_bss.o)
 .text.libgcc   0x00000000000049d4        0x0 /usr/local/Cellar/avr-gcc/4.9.2/lib/gcc/avr/4.9.2/avr51/libgcc.a(_clear_bss.o)
 .text.libgcc.prologue
                0x00000000000049d4        0x0 /usr/local/Cellar/avr-gcc/4.9.2/lib/gcc/avr/4.9.2/avr51/libgcc.a(_clear_bss.o)
 .text.libgcc.builtins
                0x00000000000049d4        0x0 /usr/local/Cellar/avr-gcc/4.9.2/lib/gcc/avr/4.9.2/avr51/libgcc.a(_clear_bss.o)
 .text.libgcc.fmul
                0x00000000000049d4        0x0 /usr/local/Cellar/avr-gcc/4.9.2/lib/gcc/avr/4.9.2/avr51/libgcc.a(_clear_bss.o)
 .text.libgcc.fixed
                0x00000000000049d4        0x0 /usr/local/Cellar/avr-gcc/4.9.2/lib/gcc/avr/4.9.2/avr51/libgcc.a(_clear_bss.o)
 .text.libgcc.mul
                0x00000000000049d4       0x1e /usr/local/Cellar/avr-gcc/4.9.2/lib/gcc/avr/4.9.2/avr51/libgcc.a(_umulhisi3.o)
                0x00000000000049d4                __umulhisi3
 .text.libgcc.div
                0x00000000000049f2        0x0 /usr/local/Cellar/avr-gcc/4.9.2/lib/gcc/avr/4.9.2/avr51/libgcc.a(_umulhisi3.o)
 .text.libgcc   0x00000000000049f2        0x0 /usr/local/Cellar/avr-gcc/4.9.2/lib/gcc/avr/4.9.2/avr51/libgcc.a(_umulhisi3.o)
 .text.libgcc.prologue
                0x00000000000049f2        0x0 /usr/local/Cellar/avr-gcc/4.9.2/lib/gcc/avr/4.9.2/avr51/libgcc.a(_umulhisi3.o)
 .text.libgcc.builtins
                0x00000000000049f2        0x0 /usr/local/Cellar/avr-gcc/4.9.2/lib/gcc/avr/4.9.2/avr51/libgcc.a(_umulhisi3.o)
 .text.libgcc.fmul
                0x00000000000049f2        0x0 /usr/local/Cellar/avr-gcc/4.9.2/lib/gcc/avr/4.9.2/avr51/libgcc.a(_umulhisi3.o)
 .text.libgcc.fixed
                0x00000000000049f2        0x0 /usr/local/Cellar/avr-gcc/4.9.2/lib/gcc/avr/4.9.2/avr51/libgcc.a(_umulhisi3.o)
 .text.avr-libc
                0x00000000000049f2       0x16 /usr/local/Cellar/avr-gcc/4.9.2/lib/gcc/avr/4.9.2/../../../../avr/lib/avr51/libc.a(strchr_P.o)
                0x00000000000049f2                strchr_P
 .text.avr-libc
                0x0000000000004a08       0x12 /usr/local/Cellar/avr-gcc/4.9.2/lib/gcc/avr/4.9.2/../../../../avr/lib/avr51/libc.a(memcpy.o)
                0x0000000000004a08                memcpy
 .text.avr-libc
                0x0000000000004a1a       0x1c /usr/local/Cellar/avr-gcc/4.9.2/lib/gcc/avr/4.9.2/../../../../avr/lib/avr51/libc.a(strncmp.o)
                0x0000000000004a1a                strncmp
 .text.avr-libc
                0x0000000000004a36       0x96 /usr/local/Cellar/avr-gcc/4.9.2/lib/gcc/avr/4.9.2/../../../../avr/lib/avr51/libc.a(fdevopen.o)
                0x0000000000004a36                fdevopen
 .text.avr-libc
                0x0000000000004acc       0x70 /usr/local/Cellar/avr-gcc/4.9.2/lib/gcc/avr/4.9.2/../../../../avr/lib/avr51/libc.a(fputc.o)
                0x0000000000004acc                fputc
 .text.avr-libc
                0x0000000000004b3c       0x28 /usr/local/Cellar/avr-gcc/4.9.2/lib/gcc/avr/4.9.2/../../../../avr/lib/avr51/libc.a(printf.o)
                0x0000000000004b3c                printf
 .text.avr-libc
                0x0000000000004b64        0xc /usr/local/Cellar/avr-gcc/4.9.2/lib/gcc/avr/4.9.2/../../../../avr/lib/avr51/libc.a(putchar.o)
                0x0000000000004b64                putchar
 .text.avr-libc
                0x0000000000004b70       0x60 /usr/local/Cellar/avr-gcc/4.9.2/lib/gcc/avr/4.9.2/../../../../avr/lib/avr51/libc.a(puts.o)
                0x0000000000004b70                puts
 .text.avr-libc
                0x0000000000004bd0       0x60 /usr/local/Cellar/avr-gcc/4.9.2/lib/gcc/avr/4.9.2/../../../../avr/lib/avr51/libc.a(sprintf.o)
                0x0000000000004bd0                sprintf
 .text.avr-libc
                0x0000000000004c30       0xbc /usr/local/Cellar/avr-gcc/4.9.2/lib/gcc/avr/4.9.2/../../../../avr/lib/avr51/libc.a(ultoa_invert.o)
                0x0000000000004c30                __ultoa_invert
 .text.avr-libc
                0x0000000000004cec       0x10 /usr/local/Cellar/avr-gcc/4.9.2/lib/gcc/avr/4.9.2/../../../../avr/lib/avr51/libc.a(eerd_byte_atmega128rfa1.o)
                0x0000000000004cec                __eerd_byte_m128rfa1
 .text.avr-libc
                0x0000000000004cfc       0x1c /usr/local/Cellar/avr-gcc/4.9.2/lib/gcc/avr/4.9.2/../../../../avr/lib/avr51/libc.a(eewr_byte_atmega128rfa1.o)
                0x0000000000004cfc                __eewr_byte_m128rfa1
                0x0000000000004cfe                __eewr_r18_m128rfa1
 .text.avr-libc
                0x0000000000004d18       0x38 /usr/local/Cellar/avr-gcc/4.9.2/lib/gcc/avr/4.9.2/../../../../avr/lib/avr51/libc.a(calloc.o)
                0x0000000000004d18                calloc
 .text.avr-libc
                0x0000000000004d50      0x25a /usr/local/Cellar/avr-gcc/4.9.2/lib/gcc/avr/4.9.2/../../../../avr/lib/avr51/libc.a(malloc.o)
                0x0000000000004d50                malloc
                0x0000000000004e7a                free
 .text.avr-libc
                0x0000000000004faa        0xe /usr/local/Cellar/avr-gcc/4.9.2/lib/gcc/avr/4.9.2/../../../../avr/lib/avr51/libc.a(memset.o)
                0x0000000000004faa                memset
                0x0000000000004fb8                . = ALIGN (0x2)
 *(.fini9)
 .fini9         0x0000000000004fb8        0x0 /usr/local/Cellar/avr-gcc/4.9.2/lib/gcc/avr/4.9.2/avr51/libgcc.a(_exit.o)
                0x0000000000004fb8                exit
                0x0000000000004fb8                _exit
 *(.fini9)
 *(.fini8)
 *(.fini8)
 *(.fini7)
 *(.fini7)
 *(.fini6)
 *(.fini6)
 *(.fini5)
 *(.fini5)
 *(.fini4)
 *(.fini4)
 *(.fini3)
 *(.fini3)
 *(.fini2)
 *(.fini2)
 *(.fini1)
 *(.fini1)
 *(.fini0)
 .fini0         0x0000000000004fb8        0x4 /usr/local/Cellar/avr-gcc/4.9.2/lib/gcc/avr/4.9.2/avr51/libgcc.a(_exit.o)
 *(.fini0)
                0x0000000000004fbc                _etext = .

.data           0x0000000000800200      0x17a load address 0x0000000000004fbc
                0x0000000000800200                PROVIDE (__data_start, .)
 *(.data)
 .data          0x0000000000800200        0x0 /usr/local/Cellar/avr-gcc/4.9.2/lib/gcc/avr/4.9.2/../../../../avr/lib/avr51/crtm128rfa1.o
 .data          0x0000000000800200        0x0 main.o
 .data          0x0000000000800200       0x10 ../../../../src/radio/rf231_soc/source/basic_rf.o
                0x0000000000800200                reset_val
 .data          0x0000000000800210        0x0 ../../../../src/platform/firefly3/source/ulib.o
 .data          0x0000000000800210        0x0 ../../../../src/platform/firefly3/source/hal_wait.o
 .data          0x0000000000800210        0x0 ../../../../src/platform/firefly3/source/nrk_eeprom.o
 .data          0x0000000000800210        0x0 ../../../../src/kernel/source/nrk.o
 .data          0x0000000000800210        0x0 ../../../../src/kernel/source/nrk_stats.o
 .data          0x0000000000800210        0x0 ../../../../src/kernel/source/nrk_error.o
 .data          0x0000000000800210        0x0 ../../../../src/kernel/source/nrk_stack_check.o
 .data          0x0000000000800210        0x0 ../../../../src/kernel/source/nrk_events.o
 .data          0x0000000000800210        0x0 ../../../../src/kernel/source/nrk_task.o
 .data          0x0000000000800210        0x0 ../../../../src/kernel/source/nrk_time.o
 .data          0x0000000000800210        0x0 ../../../../src/kernel/source/nrk_idle_task.o
 .data          0x0000000000800210        0x0 ../../../../src/kernel/source/nrk_scheduler.o
 .data          0x0000000000800210        0x0 ../../../../src/kernel/source/nrk_driver.o
 .data          0x0000000000800210        0x0 ../../../../src/kernel/source/nrk_reserve.o
 .data          0x0000000000800210        0x0 ../../../../src/kernel/source/nrk_sw_wdt.o
 .data          0x0000000000800210        0x0 ../../../../src/kernel/hal/atmega128rfa1/nrk_timer.o
 .data          0x0000000000800210        0x0 ../../../../src/kernel/hal/atmega128rfa1/nrk_status.o
 .data          0x0000000000800210        0x0 ../../../../src/kernel/hal/atmega128rfa1/nrk_ext_int.o
 .data          0x0000000000800210        0x0 ../../../../src/kernel/hal/atmega128rfa1/nrk_watchdog.o
 .data          0x0000000000800210        0x0 ../../../../src/kernel/hal/atmega128rfa1/nrk_cpu.o
 .data          0x0000000000800210        0x0 ../../../../src/kernel/hal/atmega128rfa1/atmel_hw_specific.o
 .data          0x0000000000800210        0x0 /usr/local/Cellar/avr-gcc/4.9.2/lib/gcc/avr/4.9.2/../../../../avr/lib/avr51/libprintf_min.a(vfprintf_min.o)
 .data          0x0000000000800210        0x0 /usr/local/Cellar/avr-gcc/4.9.2/lib/gcc/avr/4.9.2/avr51/libgcc.a(_muluhisi3.o)
 .data          0x0000000000800210        0x0 /usr/local/Cellar/avr-gcc/4.9.2/lib/gcc/avr/4.9.2/avr51/libgcc.a(_mulsi3.o)
 .data          0x0000000000800210        0x0 /usr/local/Cellar/avr-gcc/4.9.2/lib/gcc/avr/4.9.2/avr51/libgcc.a(_udivmodsi4.o)
 .data          0x0000000000800210        0x0 /usr/local/Cellar/avr-gcc/4.9.2/lib/gcc/avr/4.9.2/avr51/libgcc.a(_udivdi3.o)
 .data          0x0000000000800210        0x0 /usr/local/Cellar/avr-gcc/4.9.2/lib/gcc/avr/4.9.2/avr51/libgcc.a(_udivmod64.o)
 .data          0x0000000000800210        0x0 /usr/local/Cellar/avr-gcc/4.9.2/lib/gcc/avr/4.9.2/avr51/libgcc.a(_exit.o)
 .data          0x0000000000800210        0x0 /usr/local/Cellar/avr-gcc/4.9.2/lib/gcc/avr/4.9.2/avr51/libgcc.a(_tablejump2.o)
 .data          0x0000000000800210        0x0 /usr/local/Cellar/avr-gcc/4.9.2/lib/gcc/avr/4.9.2/avr51/libgcc.a(_copy_data.o)
 .data          0x0000000000800210        0x0 /usr/local/Cellar/avr-gcc/4.9.2/lib/gcc/avr/4.9.2/avr51/libgcc.a(_clear_bss.o)
 .data          0x0000000000800210        0x0 /usr/local/Cellar/avr-gcc/4.9.2/lib/gcc/avr/4.9.2/avr51/libgcc.a(_umulhisi3.o)
 .data          0x0000000000800210        0x0 /usr/local/Cellar/avr-gcc/4.9.2/lib/gcc/avr/4.9.2/../../../../avr/lib/avr51/libc.a(strchr_P.o)
 .data          0x0000000000800210        0x0 /usr/local/Cellar/avr-gcc/4.9.2/lib/gcc/avr/4.9.2/../../../../avr/lib/avr51/libc.a(memcpy.o)
 .data          0x0000000000800210        0x0 /usr/local/Cellar/avr-gcc/4.9.2/lib/gcc/avr/4.9.2/../../../../avr/lib/avr51/libc.a(strncmp.o)
 .data          0x0000000000800210        0x0 /usr/local/Cellar/avr-gcc/4.9.2/lib/gcc/avr/4.9.2/../../../../avr/lib/avr51/libc.a(fdevopen.o)
 .data          0x0000000000800210        0x0 /usr/local/Cellar/avr-gcc/4.9.2/lib/gcc/avr/4.9.2/../../../../avr/lib/avr51/libc.a(fputc.o)
 .data          0x0000000000800210        0x0 /usr/local/Cellar/avr-gcc/4.9.2/lib/gcc/avr/4.9.2/../../../../avr/lib/avr51/libc.a(iob.o)
 .data          0x0000000000800210        0x0 /usr/local/Cellar/avr-gcc/4.9.2/lib/gcc/avr/4.9.2/../../../../avr/lib/avr51/libc.a(printf.o)
 .data          0x0000000000800210        0x0 /usr/local/Cellar/avr-gcc/4.9.2/lib/gcc/avr/4.9.2/../../../../avr/lib/avr51/libc.a(putchar.o)
 .data          0x0000000000800210        0x0 /usr/local/Cellar/avr-gcc/4.9.2/lib/gcc/avr/4.9.2/../../../../avr/lib/avr51/libc.a(puts.o)
 .data          0x0000000000800210        0x0 /usr/local/Cellar/avr-gcc/4.9.2/lib/gcc/avr/4.9.2/../../../../avr/lib/avr51/libc.a(sprintf.o)
 .data          0x0000000000800210        0x0 /usr/local/Cellar/avr-gcc/4.9.2/lib/gcc/avr/4.9.2/../../../../avr/lib/avr51/libc.a(ultoa_invert.o)
 .data          0x0000000000800210        0x0 /usr/local/Cellar/avr-gcc/4.9.2/lib/gcc/avr/4.9.2/../../../../avr/lib/avr51/libc.a(eerd_byte_atmega128rfa1.o)
 .data          0x0000000000800210        0x0 /usr/local/Cellar/avr-gcc/4.9.2/lib/gcc/avr/4.9.2/../../../../avr/lib/avr51/libc.a(eewr_byte_atmega128rfa1.o)
 .data          0x0000000000800210        0x0 /usr/local/Cellar/avr-gcc/4.9.2/lib/gcc/avr/4.9.2/../../../../avr/lib/avr51/libc.a(calloc.o)
 .data          0x0000000000800210        0x6 /usr/local/Cellar/avr-gcc/4.9.2/lib/gcc/avr/4.9.2/../../../../avr/lib/avr51/libc.a(malloc.o)
                0x0000000000800210                __malloc_heap_end
                0x0000000000800212                __malloc_heap_start
                0x0000000000800214                __malloc_margin
 .data          0x0000000000800216        0x0 /usr/local/Cellar/avr-gcc/4.9.2/lib/gcc/avr/4.9.2/../../../../avr/lib/avr51/libc.a(memset.o)
 *(.data*)
 *(.rodata)
 .rodata        0x0000000000800216       0x51 ../../../../src/platform/firefly3/source/ulib.o
                0x0000000000800216                NRK_ADC_INPUT_7
                0x0000000000800217                NRK_ADC_INPUT_6
                0x0000000000800218                NRK_ADC_INPUT_5
                0x0000000000800219                NRK_ADC_INPUT_4
                0x000000000080021a                NRK_ADC_INPUT_3
                0x000000000080021b                NRK_ADC_INPUT_2
                0x000000000080021c                NRK_ADC_INPUT_1
                0x000000000080021d                NRK_ADC_INPUT_0
                0x000000000080021e                NRK_PORTF_7
                0x000000000080021f                NRK_PORTF_6
                0x0000000000800220                NRK_PORTF_5
                0x0000000000800221                NRK_PORTF_4
                0x0000000000800222                NRK_PORTF_3
                0x0000000000800223                NRK_PORTF_2
                0x0000000000800224                NRK_PORTF_1
                0x0000000000800225                NRK_PORTF_0
                0x0000000000800226                NRK_PORTG_5
                0x0000000000800227                NRK_PORTG_4
                0x0000000000800228                NRK_PORTG_3
                0x0000000000800229                NRK_PORTG_2
                0x000000000080022a                NRK_PORTG_1
                0x000000000080022b                NRK_PORTG_0
                0x000000000080022c                NRK_ANT_1
                0x000000000080022d                NRK_ANT_0
                0x000000000080022e                NRK_UART0_TXD
                0x000000000080022f                NRK_UART0_RXD
                0x0000000000800230                NRK_PORTE_7
                0x0000000000800231                NRK_PORTE_6
                0x0000000000800232                NRK_PORTE_5
                0x0000000000800233                NRK_PORTE_4
                0x0000000000800234                NRK_PORTE_3
                0x0000000000800235                NRK_PORTE_2
                0x0000000000800236                NRK_PORTE_1
                0x0000000000800237                NRK_PORTE_0
                0x0000000000800238                NRK_LED_3
                0x0000000000800239                NRK_LED_2
                0x000000000080023a                NRK_LED_1
                0x000000000080023b                NRK_LED_0
                0x000000000080023c                NRK_UART1_TXD
                0x000000000080023d                NRK_UART1_RXD
                0x000000000080023e                NRK_BUTTON
                0x000000000080023f                NRK_PORTD_7
                0x0000000000800240                NRK_PORTD_6
                0x0000000000800241                NRK_PORTD_5
                0x0000000000800242                NRK_PORTD_4
                0x0000000000800243                NRK_PORTD_3
                0x0000000000800244                NRK_PORTD_2
                0x0000000000800245                NRK_PORTD_1
                0x0000000000800246                NRK_PORTD_0
                0x0000000000800247                NRK_PORTC_7
                0x0000000000800248                NRK_PORTC_6
                0x0000000000800249                NRK_PORTC_5
                0x000000000080024a                NRK_PORTC_4
                0x000000000080024b                NRK_PORTC_3
                0x000000000080024c                NRK_PORTC_2
                0x000000000080024d                NRK_PORTC_1
                0x000000000080024e                NRK_PORTC_0
                0x000000000080024f                NRK_PORTB_7
                0x0000000000800250                NRK_PORTB_6
                0x0000000000800251                NRK_PORTB_5
                0x0000000000800252                NRK_PORTB_4
                0x0000000000800253                NRK_PORTB_3
                0x0000000000800254                NRK_PORTB_2
                0x0000000000800255                NRK_PORTB_1
                0x0000000000800256                NRK_PORTB_0
                0x0000000000800257                NRK_MISO
                0x0000000000800258                NRK_MOSI
                0x0000000000800259                NRK_SCK
                0x000000000080025a                NRK_SPI_SS
                0x000000000080025b                NRK_DEBUG_3
                0x000000000080025c                NRK_DEBUG_2
                0x000000000080025d                NRK_DEBUG_1
                0x000000000080025e                NRK_DEBUG_0
                0x000000000080025f                NRK_PORTA_7
                0x0000000000800260                NRK_PORTA_6
                0x0000000000800261                NRK_PORTA_5
                0x0000000000800262                NRK_PORTA_4
                0x0000000000800263                NRK_PORTA_3
                0x0000000000800264                NRK_PORTA_2
                0x0000000000800265                NRK_PORTA_1
                0x0000000000800266                NRK_PORTA_0
 *(.rodata*)
 .rodata.str1.1
                0x0000000000800267       0x4b main.o
 .rodata.str1.1
                0x00000000008002b2       0x83 ../../../../src/radio/rf231_soc/source/basic_rf.o
 .rodata.str1.1
                0x0000000000800335        0x3 ../../../../src/kernel/source/nrk_error.o
 .rodata.str1.1
                0x0000000000800338       0x41 ../../../../src/kernel/source/nrk_stack_check.o
                                         0x4e (size before relaxing)
 *(.gnu.linkonce.d*)
                0x000000000080037a                . = ALIGN (0x2)
 *fill*         0x0000000000800379        0x1 
                0x000000000080037a                _edata = .
                0x000000000080037a                PROVIDE (__data_end, .)

.bss            0x000000000080037a      0x426
                0x000000000080037a                PROVIDE (__bss_start, .)
 *(.bss)
 .bss           0x000000000080037a        0x0 /usr/local/Cellar/avr-gcc/4.9.2/lib/gcc/avr/4.9.2/../../../../avr/lib/avr51/crtm128rfa1.o
 .bss           0x000000000080037a        0x2 main.o
                0x000000000080037a                packet_ready
                0x000000000080037b                packet_len
 .bss           0x000000000080037c        0x5 ../../../../src/radio/rf231_soc/source/basic_rf.o
                0x000000000080037c                wireless_prog
                0x000000000080037d                rx_end_func
                0x000000000080037f                rx_start_func
 .bss           0x0000000000800381       0x65 ../../../../src/platform/firefly3/source/ulib.o
 .bss           0x00000000008003e6        0x0 ../../../../src/platform/firefly3/source/hal_wait.o
 .bss           0x00000000008003e6        0x0 ../../../../src/platform/firefly3/source/nrk_eeprom.o
 .bss           0x00000000008003e6        0x0 ../../../../src/kernel/source/nrk.o
 .bss           0x00000000008003e6        0x0 ../../../../src/kernel/source/nrk_stats.o
 .bss           0x00000000008003e6        0x0 ../../../../src/kernel/source/nrk_error.o
 .bss           0x00000000008003e6        0x0 ../../../../src/kernel/source/nrk_stack_check.o
 .bss           0x00000000008003e6        0x0 ../../../../src/kernel/source/nrk_events.o
 .bss           0x00000000008003e6        0x0 ../../../../src/kernel/source/nrk_task.o
 .bss           0x00000000008003e6        0x0 ../../../../src/kernel/source/nrk_time.o
 .bss           0x00000000008003e6        0x0 ../../../../src/kernel/source/nrk_idle_task.o
 .bss           0x00000000008003e6        0x0 ../../../../src/kernel/source/nrk_scheduler.o
 .bss           0x00000000008003e6        0x0 ../../../../src/kernel/source/nrk_driver.o
 .bss           0x00000000008003e6        0x0 ../../../../src/kernel/source/nrk_reserve.o
 .bss           0x00000000008003e6        0x0 ../../../../src/kernel/source/nrk_sw_wdt.o
 .bss           0x00000000008003e6        0x0 ../../../../src/kernel/hal/atmega128rfa1/nrk_timer.o
 .bss           0x00000000008003e6        0x0 ../../../../src/kernel/hal/atmega128rfa1/nrk_status.o
 .bss           0x00000000008003e6        0x0 ../../../../src/kernel/hal/atmega128rfa1/nrk_ext_int.o
 .bss           0x00000000008003e6        0x0 ../../../../src/kernel/hal/atmega128rfa1/nrk_watchdog.o
 .bss           0x00000000008003e6        0x0 ../../../../src/kernel/hal/atmega128rfa1/nrk_cpu.o
 .bss           0x00000000008003e6        0x0 ../../../../src/kernel/hal/atmega128rfa1/atmel_hw_specific.o
 .bss           0x00000000008003e6        0x0 /usr/local/Cellar/avr-gcc/4.9.2/lib/gcc/avr/4.9.2/../../../../avr/lib/avr51/libprintf_min.a(vfprintf_min.o)
 .bss           0x00000000008003e6        0x0 /usr/local/Cellar/avr-gcc/4.9.2/lib/gcc/avr/4.9.2/avr51/libgcc.a(_muluhisi3.o)
 .bss           0x00000000008003e6        0x0 /usr/local/Cellar/avr-gcc/4.9.2/lib/gcc/avr/4.9.2/avr51/libgcc.a(_mulsi3.o)
 .bss           0x00000000008003e6        0x0 /usr/local/Cellar/avr-gcc/4.9.2/lib/gcc/avr/4.9.2/avr51/libgcc.a(_udivmodsi4.o)
 .bss           0x00000000008003e6        0x0 /usr/local/Cellar/avr-gcc/4.9.2/lib/gcc/avr/4.9.2/avr51/libgcc.a(_udivdi3.o)
 .bss           0x00000000008003e6        0x0 /usr/local/Cellar/avr-gcc/4.9.2/lib/gcc/avr/4.9.2/avr51/libgcc.a(_udivmod64.o)
 .bss           0x00000000008003e6        0x0 /usr/local/Cellar/avr-gcc/4.9.2/lib/gcc/avr/4.9.2/avr51/libgcc.a(_exit.o)
 .bss           0x00000000008003e6        0x0 /usr/local/Cellar/avr-gcc/4.9.2/lib/gcc/avr/4.9.2/avr51/libgcc.a(_tablejump2.o)
 .bss           0x00000000008003e6        0x0 /usr/local/Cellar/avr-gcc/4.9.2/lib/gcc/avr/4.9.2/avr51/libgcc.a(_copy_data.o)
 .bss           0x00000000008003e6        0x0 /usr/local/Cellar/avr-gcc/4.9.2/lib/gcc/avr/4.9.2/avr51/libgcc.a(_clear_bss.o)
 .bss           0x00000000008003e6        0x0 /usr/local/Cellar/avr-gcc/4.9.2/lib/gcc/avr/4.9.2/avr51/libgcc.a(_umulhisi3.o)
 .bss           0x00000000008003e6        0x0 /usr/local/Cellar/avr-gcc/4.9.2/lib/gcc/avr/4.9.2/../../../../avr/lib/avr51/libc.a(strchr_P.o)
 .bss           0x00000000008003e6        0x0 /usr/local/Cellar/avr-gcc/4.9.2/lib/gcc/avr/4.9.2/../../../../avr/lib/avr51/libc.a(memcpy.o)
 .bss           0x00000000008003e6        0x0 /usr/local/Cellar/avr-gcc/4.9.2/lib/gcc/avr/4.9.2/../../../../avr/lib/avr51/libc.a(strncmp.o)
 .bss           0x00000000008003e6        0x0 /usr/local/Cellar/avr-gcc/4.9.2/lib/gcc/avr/4.9.2/../../../../avr/lib/avr51/libc.a(fdevopen.o)
 .bss           0x00000000008003e6        0x0 /usr/local/Cellar/avr-gcc/4.9.2/lib/gcc/avr/4.9.2/../../../../avr/lib/avr51/libc.a(fputc.o)
 .bss           0x00000000008003e6        0x0 /usr/local/Cellar/avr-gcc/4.9.2/lib/gcc/avr/4.9.2/../../../../avr/lib/avr51/libc.a(iob.o)
 .bss           0x00000000008003e6        0x0 /usr/local/Cellar/avr-gcc/4.9.2/lib/gcc/avr/4.9.2/../../../../avr/lib/avr51/libc.a(printf.o)
 .bss           0x00000000008003e6        0x0 /usr/local/Cellar/avr-gcc/4.9.2/lib/gcc/avr/4.9.2/../../../../avr/lib/avr51/libc.a(putchar.o)
 .bss           0x00000000008003e6        0x0 /usr/local/Cellar/avr-gcc/4.9.2/lib/gcc/avr/4.9.2/../../../../avr/lib/avr51/libc.a(puts.o)
 .bss           0x00000000008003e6        0x0 /usr/local/Cellar/avr-gcc/4.9.2/lib/gcc/avr/4.9.2/../../../../avr/lib/avr51/libc.a(sprintf.o)
 .bss           0x00000000008003e6        0x0 /usr/local/Cellar/avr-gcc/4.9.2/lib/gcc/avr/4.9.2/../../../../avr/lib/avr51/libc.a(ultoa_invert.o)
 .bss           0x00000000008003e6        0x0 /usr/local/Cellar/avr-gcc/4.9.2/lib/gcc/avr/4.9.2/../../../../avr/lib/avr51/libc.a(eerd_byte_atmega128rfa1.o)
 .bss           0x00000000008003e6        0x0 /usr/local/Cellar/avr-gcc/4.9.2/lib/gcc/avr/4.9.2/../../../../avr/lib/avr51/libc.a(eewr_byte_atmega128rfa1.o)
 .bss           0x00000000008003e6        0x0 /usr/local/Cellar/avr-gcc/4.9.2/lib/gcc/avr/4.9.2/../../../../avr/lib/avr51/libc.a(calloc.o)
 .bss           0x00000000008003e6        0x0 /usr/local/Cellar/avr-gcc/4.9.2/lib/gcc/avr/4.9.2/../../../../avr/lib/avr51/libc.a(malloc.o)
 .bss           0x00000000008003e6        0x0 /usr/local/Cellar/avr-gcc/4.9.2/lib/gcc/avr/4.9.2/../../../../avr/lib/avr51/libc.a(memset.o)
 *(.bss*)
 *(COMMON)
 COMMON         0x00000000008003e6      0x280 main.o
                0x00000000008003e6                app_timer0_callback
                0x00000000008003e8                error_task
                0x00000000008003e9                _nrk_time_trigger
                0x00000000008003ea                rfRxInfo
                0x00000000008003f6                rx_task_stack
                0x00000000008004f6                _nrk_signal_list
                0x00000000008004fa                rx_buf
                0x000000000080056e                nrk_kernel_stk_ptr
                0x0000000000800570                RX_TASK
                0x0000000000800593                buf
                0x00000000008005e3                app_timer0_prescale
                0x00000000008005e4                _nrk_prev_timer_val
                0x00000000008005e5                error_num
                0x00000000008005e6                nrk_idle_task_stk
 COMMON         0x0000000000800666       0x3b ../../../../src/radio/rf231_soc/source/basic_rf.o
                0x0000000000800666                rx_ctr
                0x000000000080066a                radio_sem
                0x000000000080066c                use_glossy
                0x000000000080066d                mdmctrl0
                0x000000000080066f                rfSettings
                0x0000000000800678                tx_done
                0x0000000000800679                ekey
                0x0000000000800689                rf_ready
                0x000000000080068a                dkey
                0x000000000080069a                tx_ctr
                0x00000000008006a0                rx_ready
 COMMON         0x00000000008006a1       0xe6 ../../../../src/kernel/source/nrk.o
                0x00000000008006a1                _free_node
                0x00000000008006a3                nrk_task_TCB
                0x000000000080074f                next_next_wakeup
                0x0000000000800751                nrk_sem_list
                0x000000000080075a                nrk_task_init_cnt
                0x000000000080075b                nrk_wakeup_signal
                0x000000000080075c                nrk_high_ready_TCB
                0x000000000080075e                nrk_cur_task_prio
                0x000000000080075f                _nrk_cpu_state
                0x0000000000800760                _head_node
                0x0000000000800762                nrk_system_time
                0x000000000080076a                _nrk_resource_cnt
                0x000000000080076b                nrk_cur_task_TCB
                0x000000000080076d                nrk_high_ready_prio
                0x000000000080076e                _nrk_readyQ
 COMMON         0x0000000000800787        0x1 ../../../../src/kernel/source/nrk_scheduler.o
                0x0000000000800787                t
 COMMON         0x0000000000800788        0x6 ../../../../src/kernel/source/nrk_driver.o
                0x0000000000800788                _nrk_driver_count
                0x0000000000800789                nrk_drivers
                0x000000000080078d                nrk_driver_init
 COMMON         0x000000000080078e        0x8 ../../../../src/kernel/hal/atmega128rfa1/nrk_ext_int.o
                0x000000000080078e                ext_int1_callback
                0x0000000000800790                ext_int0_callback
                0x0000000000800792                ext_int2_callback
                0x0000000000800794                pc_int0_callback
 COMMON         0x0000000000800796        0x6 /usr/local/Cellar/avr-gcc/4.9.2/lib/gcc/avr/4.9.2/../../../../avr/lib/avr51/libc.a(iob.o)
                0x0000000000800796                __iob
 COMMON         0x000000000080079c        0x4 /usr/local/Cellar/avr-gcc/4.9.2/lib/gcc/avr/4.9.2/../../../../avr/lib/avr51/libc.a(malloc.o)
                0x000000000080079c                __brkval
                0x000000000080079e                __flp
                0x00000000008007a0                PROVIDE (__bss_end, .)
                0x0000000000004fbc                __data_load_start = LOADADDR (.data)
                0x0000000000005136                __data_load_end = (__data_load_start + SIZEOF (.data))

.noinit         0x00000000008007a0        0x0
                0x00000000008007a0                PROVIDE (__noinit_start, .)
 *(.noinit*)
                0x00000000008007a0                PROVIDE (__noinit_end, .)
                0x00000000008007a0                _end = .
                0x00000000008007a0                PROVIDE (__heap_start, .)

.eeprom         0x0000000000810000        0x0
 *(.eeprom*)
                0x0000000000810000                __eeprom_end = .

.fuse
 *(.fuse)
 *(.lfuse)
 *(.hfuse)
 *(.efuse)

.lock
 *(.lock*)

.signature
 *(.signature*)

.stab           0x0000000000000000     0xff0c
 *(.stab)
 .stab          0x0000000000000000     0x1368 main.o
 .stab          0x0000000000001368     0x22bc ../../../../src/radio/rf231_soc/source/basic_rf.o
                                       0x2d6c (size before relaxing)
 .stab          0x0000000000003624     0x1758 ../../../../src/platform/firefly3/source/ulib.o
                                       0x21fc (size before relaxing)
 .stab          0x0000000000004d7c      0x378 ../../../../src/platform/firefly3/source/hal_wait.o
                                        0xd50 (size before relaxing)
 .stab          0x00000000000050f4      0x7ec ../../../../src/platform/firefly3/source/nrk_eeprom.o
                                       0x1278 (size before relaxing)
 .stab          0x00000000000058e0      0xbb8 ../../../../src/kernel/source/nrk.o
                                       0x16c8 (size before relaxing)
 .stab          0x0000000000006498      0x420 ../../../../src/kernel/source/nrk_stats.o
                                        0xf54 (size before relaxing)
 .stab          0x00000000000068b8      0xdd4 ../../../../src/kernel/source/nrk_error.o
                                       0x1914 (size before relaxing)
 .stab          0x000000000000768c      0x624 ../../../../src/kernel/source/nrk_stack_check.o
                                       0x1158 (size before relaxing)
 .stab          0x0000000000007cb0     0x105c ../../../../src/kernel/source/nrk_events.o
                                       0x1ba8 (size before relaxing)
 .stab          0x0000000000008d0c     0x10e0 ../../../../src/kernel/source/nrk_task.o
                                       0x1c2c (size before relaxing)
 .stab          0x0000000000009dec      0x930 ../../../../src/kernel/source/nrk_time.o
                                       0x147c (size before relaxing)
 .stab          0x000000000000a71c      0x48c ../../../../src/kernel/source/nrk_idle_task.o
                                        0xfd8 (size before relaxing)
 .stab          0x000000000000aba8      0x954 ../../../../src/kernel/source/nrk_scheduler.o
                                       0x14a0 (size before relaxing)
 .stab          0x000000000000b4fc      0x870 ../../../../src/kernel/source/nrk_driver.o
                                       0x13e0 (size before relaxing)
 .stab          0x000000000000bd6c      0x264 ../../../../src/kernel/source/nrk_reserve.o
                                        0x270 (size before relaxing)
 .stab          0x000000000000bfd0      0x390 ../../../../src/kernel/source/nrk_sw_wdt.o
                                        0xec4 (size before relaxing)
 .stab          0x000000000000c360     0x111c ../../../../src/kernel/hal/atmega128rfa1/nrk_timer.o
                                       0x1c5c (size before relaxing)
 .stab          0x000000000000d47c      0x474 ../../../../src/kernel/hal/atmega128rfa1/nrk_status.o
                                        0xf18 (size before relaxing)
 .stab          0x000000000000d8f0      0xa14 ../../../../src/kernel/hal/atmega128rfa1/nrk_ext_int.o
                                       0x14b8 (size before relaxing)
 .stab          0x000000000000e304      0x618 ../../../../src/kernel/hal/atmega128rfa1/nrk_watchdog.o
                                       0x1140 (size before relaxing)
 .stab          0x000000000000e91c      0x894 ../../../../src/kernel/hal/atmega128rfa1/nrk_cpu.o
                                       0x13d4 (size before relaxing)
 .stab          0x000000000000f1b0      0x204 ../../../../src/kernel/hal/atmega128rfa1/atmel_hw_specific.o
                                        0x210 (size before relaxing)
 .stab          0x000000000000f3b4       0xcc /usr/local/Cellar/avr-gcc/4.9.2/lib/gcc/avr/4.9.2/avr51/libgcc.a(_muluhisi3.o)
                                         0xd8 (size before relaxing)
 .stab          0x000000000000f480      0x108 /usr/local/Cellar/avr-gcc/4.9.2/lib/gcc/avr/4.9.2/avr51/libgcc.a(_mulsi3.o)
                                        0x114 (size before relaxing)
 .stab          0x000000000000f588      0x228 /usr/local/Cellar/avr-gcc/4.9.2/lib/gcc/avr/4.9.2/avr51/libgcc.a(_udivmodsi4.o)
                                        0x234 (size before relaxing)
 .stab          0x000000000000f7b0      0x150 /usr/local/Cellar/avr-gcc/4.9.2/lib/gcc/avr/4.9.2/avr51/libgcc.a(_udivdi3.o)
                                        0x15c (size before relaxing)
 .stab          0x000000000000f900      0x234 /usr/local/Cellar/avr-gcc/4.9.2/lib/gcc/avr/4.9.2/avr51/libgcc.a(_udivmod64.o)
                                        0x240 (size before relaxing)
 .stab          0x000000000000fb34       0x6c /usr/local/Cellar/avr-gcc/4.9.2/lib/gcc/avr/4.9.2/avr51/libgcc.a(_exit.o)
                                         0x78 (size before relaxing)
 .stab          0x000000000000fba0       0xc0 /usr/local/Cellar/avr-gcc/4.9.2/lib/gcc/avr/4.9.2/avr51/libgcc.a(_tablejump2.o)
                                         0xcc (size before relaxing)
 .stab          0x000000000000fc60       0xf0 /usr/local/Cellar/avr-gcc/4.9.2/lib/gcc/avr/4.9.2/avr51/libgcc.a(_copy_data.o)
                                         0xfc (size before relaxing)
 .stab          0x000000000000fd50       0xb4 /usr/local/Cellar/avr-gcc/4.9.2/lib/gcc/avr/4.9.2/avr51/libgcc.a(_clear_bss.o)
                                         0xc0 (size before relaxing)
 .stab          0x000000000000fe04      0x108 /usr/local/Cellar/avr-gcc/4.9.2/lib/gcc/avr/4.9.2/avr51/libgcc.a(_umulhisi3.o)
                                        0x114 (size before relaxing)

.stabstr        0x0000000000000000     0x8d94
 *(.stabstr)
 .stabstr       0x0000000000000000     0x8d94 main.o

.stab.excl
 *(.stab.excl)

.stab.exclstr
 *(.stab.exclstr)

.stab.index
 *(.stab.index)

.stab.indexstr
 *(.stab.indexstr)

.comment        0x0000000000000000       0x11
 *(.comment)
 .comment       0x0000000000000000       0x11 main.o
                                         0x12 (size before relaxing)
 .comment       0x0000000000000000       0x12 ../../../../src/radio/rf231_soc/source/basic_rf.o
 .comment       0x0000000000000000       0x12 ../../../../src/platform/firefly3/source/ulib.o
 .comment       0x0000000000000000       0x12 ../../../../src/platform/firefly3/source/hal_wait.o
 .comment       0x0000000000000000       0x12 ../../../../src/platform/firefly3/source/nrk_eeprom.o
 .comment       0x0000000000000000       0x12 ../../../../src/kernel/source/nrk.o
 .comment       0x0000000000000000       0x12 ../../../../src/kernel/source/nrk_stats.o
 .comment       0x0000000000000000       0x12 ../../../../src/kernel/source/nrk_error.o
 .comment       0x0000000000000000       0x12 ../../../../src/kernel/source/nrk_stack_check.o
 .comment       0x0000000000000000       0x12 ../../../../src/kernel/source/nrk_events.o
 .comment       0x0000000000000000       0x12 ../../../../src/kernel/source/nrk_task.o
 .comment       0x0000000000000000       0x12 ../../../../src/kernel/source/nrk_time.o
 .comment       0x0000000000000000       0x12 ../../../../src/kernel/source/nrk_idle_task.o
 .comment       0x0000000000000000       0x12 ../../../../src/kernel/source/nrk_scheduler.o
 .comment       0x0000000000000000       0x12 ../../../../src/kernel/source/nrk_driver.o
 .comment       0x0000000000000000       0x12 ../../../../src/kernel/source/nrk_reserve.o
 .comment       0x0000000000000000       0x12 ../../../../src/kernel/source/nrk_sw_wdt.o
 .comment       0x0000000000000000       0x12 ../../../../src/kernel/hal/atmega128rfa1/nrk_timer.o
 .comment       0x0000000000000000       0x12 ../../../../src/kernel/hal/atmega128rfa1/nrk_status.o
 .comment       0x0000000000000000       0x12 ../../../../src/kernel/hal/atmega128rfa1/nrk_ext_int.o
 .comment       0x0000000000000000       0x12 ../../../../src/kernel/hal/atmega128rfa1/nrk_watchdog.o
 .comment       0x0000000000000000       0x12 ../../../../src/kernel/hal/atmega128rfa1/nrk_cpu.o
 .comment       0x0000000000000000       0x12 /usr/local/Cellar/avr-gcc/4.9.2/lib/gcc/avr/4.9.2/../../../../avr/lib/avr51/libprintf_min.a(vfprintf_min.o)
 .comment       0x0000000000000000       0x12 /usr/local/Cellar/avr-gcc/4.9.2/lib/gcc/avr/4.9.2/../../../../avr/lib/avr51/libc.a(fdevopen.o)
 .comment       0x0000000000000000       0x12 /usr/local/Cellar/avr-gcc/4.9.2/lib/gcc/avr/4.9.2/../../../../avr/lib/avr51/libc.a(fputc.o)
 .comment       0x0000000000000000       0x12 /usr/local/Cellar/avr-gcc/4.9.2/lib/gcc/avr/4.9.2/../../../../avr/lib/avr51/libc.a(iob.o)
 .comment       0x0000000000000000       0x12 /usr/local/Cellar/avr-gcc/4.9.2/lib/gcc/avr/4.9.2/../../../../avr/lib/avr51/libc.a(printf.o)
 .comment       0x0000000000000000       0x12 /usr/local/Cellar/avr-gcc/4.9.2/lib/gcc/avr/4.9.2/../../../../avr/lib/avr51/libc.a(putchar.o)
 .comment       0x0000000000000000       0x12 /usr/local/Cellar/avr-gcc/4.9.2/lib/gcc/avr/4.9.2/../../../../avr/lib/avr51/libc.a(puts.o)
 .comment       0x0000000000000000       0x12 /usr/local/Cellar/avr-gcc/4.9.2/lib/gcc/avr/4.9.2/../../../../avr/lib/avr51/libc.a(sprintf.o)
 .comment       0x0000000000000000       0x12 /usr/local/Cellar/avr-gcc/4.9.2/lib/gcc/avr/4.9.2/../../../../avr/lib/avr51/libc.a(calloc.o)
 .comment       0x0000000000000000       0x12 /usr/local/Cellar/avr-gcc/4.9.2/lib/gcc/avr/4.9.2/../../../../avr/lib/avr51/libc.a(malloc.o)

.note.gnu.build-id
 *(.note.gnu.build-id)

.debug
 *(.debug)

.line
 *(.line)

.debug_srcinfo
 *(.debug_srcinfo)

.debug_sfnames
 *(.debug_sfnames)

.debug_aranges
 *(.debug_aranges)

.debug_pubnames
 *(.debug_pubnames)

.debug_info     0x0000000000000000     0x1160
 *(.debug_info .gnu.linkonce.wi.*)
 .debug_info    0x0000000000000000     0x1160 /usr/local/Cellar/avr-gcc/4.9.2/lib/gcc/avr/4.9.2/../../../../avr/lib/avr51/crtm128rfa1.o

.debug_abbrev   0x0000000000000000     0x1072
 *(.debug_abbrev)
 .debug_abbrev  0x0000000000000000     0x1072 /usr/local/Cellar/avr-gcc/4.9.2/lib/gcc/avr/4.9.2/../../../../avr/lib/avr51/crtm128rfa1.o

.debug_line     0x0000000000000000       0x1d
 *(.debug_line .debug_line.* .debug_line_end)
 .debug_line    0x0000000000000000       0x1d /usr/local/Cellar/avr-gcc/4.9.2/lib/gcc/avr/4.9.2/../../../../avr/lib/avr51/crtm128rfa1.o

.debug_frame
 *(.debug_frame)

.debug_str      0x0000000000000000      0x6de
 *(.debug_str)
 .debug_str     0x0000000000000000      0x6de /usr/local/Cellar/avr-gcc/4.9.2/lib/gcc/avr/4.9.2/../../../../avr/lib/avr51/crtm128rfa1.o

.debug_loc
 *(.debug_loc)

.debug_macinfo
 *(.debug_macinfo)

.debug_weaknames
 *(.debug_weaknames)

.debug_funcnames
 *(.debug_funcnames)

.debug_typenames
 *(.debug_typenames)

.debug_varnames
 *(.debug_varnames)

.debug_pubtypes
 *(.debug_pubtypes)

.debug_ranges
 *(.debug_ranges)

.debug_macro
 *(.debug_macro)
OUTPUT(main.elf elf32-avr)
LOAD linker stubs

Cross Reference Table

Symbol                                            File
NRK_ADC_INPUT_0                                   ../../../../src/platform/firefly3/source/ulib.o
NRK_ADC_INPUT_1                                   ../../../../src/platform/firefly3/source/ulib.o
NRK_ADC_INPUT_2                                   ../../../../src/platform/firefly3/source/ulib.o
NRK_ADC_INPUT_3                                   ../../../../src/platform/firefly3/source/ulib.o
NRK_ADC_INPUT_4                                   ../../../../src/platform/firefly3/source/ulib.o
NRK_ADC_INPUT_5                                   ../../../../src/platform/firefly3/source/ulib.o
NRK_ADC_INPUT_6                                   ../../../../src/platform/firefly3/source/ulib.o
NRK_ADC_INPUT_7                                   ../../../../src/platform/firefly3/source/ulib.o
NRK_ANT_0                                         ../../../../src/platform/firefly3/source/ulib.o
NRK_ANT_1                                         ../../../../src/platform/firefly3/source/ulib.o
NRK_BUTTON                                        ../../../../src/platform/firefly3/source/ulib.o
NRK_DEBUG_0                                       ../../../../src/platform/firefly3/source/ulib.o
NRK_DEBUG_1                                       ../../../../src/platform/firefly3/source/ulib.o
NRK_DEBUG_2                                       ../../../../src/platform/firefly3/source/ulib.o
NRK_DEBUG_3                                       ../../../../src/platform/firefly3/source/ulib.o
NRK_LED_0                                         ../../../../src/platform/firefly3/source/ulib.o
NRK_LED_1                                         ../../../../src/platform/firefly3/source/ulib.o
NRK_LED_2                                         ../../../../src/platform/firefly3/source/ulib.o
NRK_LED_3                                         ../../../../src/platform/firefly3/source/ulib.o
NRK_MISO                                          ../../../../src/platform/firefly3/source/ulib.o
NRK_MOSI                                          ../../../../src/platform/firefly3/source/ulib.o
NRK_PORTA_0                                       ../../../../src/platform/firefly3/source/ulib.o
NRK_PORTA_1                                       ../../../../src/platform/firefly3/source/ulib.o
NRK_PORTA_2                                       ../../../../src/platform/firefly3/source/ulib.o
NRK_PORTA_3                                       ../../../../src/platform/firefly3/source/ulib.o
NRK_PORTA_4                                       ../../../../src/platform/firefly3/source/ulib.o
NRK_PORTA_5                                       ../../../../src/platform/firefly3/source/ulib.o
NRK_PORTA_6                                       ../../../../src/platform/firefly3/source/ulib.o
NRK_PORTA_7                                       ../../../../src/platform/firefly3/source/ulib.o
NRK_PORTB_0                                       ../../../../src/platform/firefly3/source/ulib.o
NRK_PORTB_1                                       ../../../../src/platform/firefly3/source/ulib.o
NRK_PORTB_2                                       ../../../../src/platform/firefly3/source/ulib.o
NRK_PORTB_3                                       ../../../../src/platform/firefly3/source/ulib.o
NRK_PORTB_4                                       ../../../../src/platform/firefly3/source/ulib.o
NRK_PORTB_5                                       ../../../../src/platform/firefly3/source/ulib.o
NRK_PORTB_6                                       ../../../../src/platform/firefly3/source/ulib.o
NRK_PORTB_7                                       ../../../../src/platform/firefly3/source/ulib.o
NRK_PORTC_0                                       ../../../../src/platform/firefly3/source/ulib.o
NRK_PORTC_1                                       ../../../../src/platform/firefly3/source/ulib.o
NRK_PORTC_2                                       ../../../../src/platform/firefly3/source/ulib.o
NRK_PORTC_3                                       ../../../../src/platform/firefly3/source/ulib.o
NRK_PORTC_4                                       ../../../../src/platform/firefly3/source/ulib.o
NRK_PORTC_5                                       ../../../../src/platform/firefly3/source/ulib.o
NRK_PORTC_6                                       ../../../../src/platform/firefly3/source/ulib.o
NRK_PORTC_7                                       ../../../../src/platform/firefly3/source/ulib.o
NRK_PORTD_0                                       ../../../../src/platform/firefly3/source/ulib.o
NRK_PORTD_1                                       ../../../../src/platform/firefly3/source/ulib.o
NRK_PORTD_2                                       ../../../../src/platform/firefly3/source/ulib.o
NRK_PORTD_3                                       ../../../../src/platform/firefly3/source/ulib.o
NRK_PORTD_4                                       ../../../../src/platform/firefly3/source/ulib.o
NRK_PORTD_5                                       ../../../../src/platform/firefly3/source/ulib.o
NRK_PORTD_6                                       ../../../../src/platform/firefly3/source/ulib.o
NRK_PORTD_7                                       ../../../../src/platform/firefly3/source/ulib.o
NRK_PORTE_0                                       ../../../../src/platform/firefly3/source/ulib.o
NRK_PORTE_1                                       ../../../../src/platform/firefly3/source/ulib.o
NRK_PORTE_2                                       ../../../../src/platform/firefly3/source/ulib.o
NRK_PORTE_3                                       ../../../../src/platform/firefly3/source/ulib.o
NRK_PORTE_4                                       ../../../../src/platform/firefly3/source/ulib.o
NRK_PORTE_5                                       ../../../../src/platform/firefly3/source/ulib.o
NRK_PORTE_6                                       ../../../../src/platform/firefly3/source/ulib.o
NRK_PORTE_7                                       ../../../../src/platform/firefly3/source/ulib.o
NRK_PORTF_0                                       ../../../../src/platform/firefly3/source/ulib.o
NRK_PORTF_1                                       ../../../../src/platform/firefly3/source/ulib.o
NRK_PORTF_2                                       ../../../../src/platform/firefly3/source/ulib.o
NRK_PORTF_3                                       ../../../../src/platform/firefly3/source/ulib.o
NRK_PORTF_4                                       ../../../../src/platform/firefly3/source/ulib.o
NRK_PORTF_5                                       ../../../../src/platform/firefly3/source/ulib.o
NRK_PORTF_6                                       ../../../../src/platform/firefly3/source/ulib.o
NRK_PORTF_7                                       ../../../../src/platform/firefly3/source/ulib.o
NRK_PORTG_0                                       ../../../../src/platform/firefly3/source/ulib.o
NRK_PORTG_1                                       ../../../../src/platform/firefly3/source/ulib.o
NRK_PORTG_2                                       ../../../../src/platform/firefly3/source/ulib.o
NRK_PORTG_3                                       ../../../../src/platform/firefly3/source/ulib.o
NRK_PORTG_4                                       ../../../../src/platform/firefly3/source/ulib.o
NRK_PORTG_5                                       ../../../../src/platform/firefly3/source/ulib.o
NRK_SCK                                           ../../../../src/platform/firefly3/source/ulib.o
NRK_SPI_SS                                        ../../../../src/platform/firefly3/source/ulib.o
NRK_UART0_RXD                                     ../../../../src/platform/firefly3/source/ulib.o
NRK_UART0_TXD                                     ../../../../src/platform/firefly3/source/ulib.o
NRK_UART1_RXD                                     ../../../../src/platform/firefly3/source/ulib.o
NRK_UART1_TXD                                     ../../../../src/platform/firefly3/source/ulib.o
PORT_INIT                                         ../../../../src/platform/firefly3/source/ulib.o
RX_TASK                                           main.o
SIG_OUTPUT_COMPARE1A                              ../../../../src/kernel/hal/atmega128rfa1/nrk_timer.o
__bad_interrupt                                   /usr/local/Cellar/avr-gcc/4.9.2/lib/gcc/avr/4.9.2/../../../../avr/lib/avr51/crtm128rfa1.o
__brkval                                          /usr/local/Cellar/avr-gcc/4.9.2/lib/gcc/avr/4.9.2/../../../../avr/lib/avr51/libc.a(malloc.o)
__bss_end                                         /usr/local/Cellar/avr-gcc/4.9.2/lib/gcc/avr/4.9.2/avr51/libgcc.a(_clear_bss.o)
__bss_start                                       /usr/local/Cellar/avr-gcc/4.9.2/lib/gcc/avr/4.9.2/avr51/libgcc.a(_clear_bss.o)
__data_end                                        /usr/local/Cellar/avr-gcc/4.9.2/lib/gcc/avr/4.9.2/avr51/libgcc.a(_copy_data.o)
__data_load_start                                 /usr/local/Cellar/avr-gcc/4.9.2/lib/gcc/avr/4.9.2/avr51/libgcc.a(_copy_data.o)
__data_start                                      /usr/local/Cellar/avr-gcc/4.9.2/lib/gcc/avr/4.9.2/avr51/libgcc.a(_copy_data.o)
__do_clear_bss                                    /usr/local/Cellar/avr-gcc/4.9.2/lib/gcc/avr/4.9.2/avr51/libgcc.a(_clear_bss.o)
                                                  /usr/local/Cellar/avr-gcc/4.9.2/lib/gcc/avr/4.9.2/../../../../avr/lib/avr51/libc.a(malloc.o)
                                                  /usr/local/Cellar/avr-gcc/4.9.2/lib/gcc/avr/4.9.2/../../../../avr/lib/avr51/libc.a(iob.o)
                                                  ../../../../src/kernel/hal/atmega128rfa1/nrk_cpu.o
                                                  ../../../../src/kernel/hal/atmega128rfa1/nrk_watchdog.o
                                                  ../../../../src/kernel/hal/atmega128rfa1/nrk_ext_int.o
                                                  ../../../../src/kernel/hal/atmega128rfa1/nrk_status.o
                                                  ../../../../src/kernel/hal/atmega128rfa1/nrk_timer.o
                                                  ../../../../src/kernel/source/nrk_sw_wdt.o
                                                  ../../../../src/kernel/source/nrk_driver.o
                                                  ../../../../src/kernel/source/nrk_scheduler.o
                                                  ../../../../src/kernel/source/nrk_idle_task.o
                                                  ../../../../src/kernel/source/nrk_time.o
                                                  ../../../../src/kernel/source/nrk_task.o
                                                  ../../../../src/kernel/source/nrk_events.o
                                                  ../../../../src/kernel/source/nrk_stack_check.o
                                                  ../../../../src/kernel/source/nrk_error.o
                                                  ../../../../src/kernel/source/nrk_stats.o
                                                  ../../../../src/kernel/source/nrk.o
                                                  ../../../../src/platform/firefly3/source/nrk_eeprom.o
                                                  ../../../../src/platform/firefly3/source/ulib.o
                                                  ../../../../src/radio/rf231_soc/source/basic_rf.o
                                                  main.o
__do_copy_data                                    /usr/local/Cellar/avr-gcc/4.9.2/lib/gcc/avr/4.9.2/avr51/libgcc.a(_copy_data.o)
                                                  /usr/local/Cellar/avr-gcc/4.9.2/lib/gcc/avr/4.9.2/../../../../avr/lib/avr51/libc.a(malloc.o)
                                                  ../../../../src/kernel/source/nrk_stack_check.o
                                                  ../../../../src/kernel/source/nrk_error.o
                                                  ../../../../src/platform/firefly3/source/ulib.o
                                                  ../../../../src/radio/rf231_soc/source/basic_rf.o
                                                  main.o
__eerd_byte_m128rfa1                              /usr/local/Cellar/avr-gcc/4.9.2/lib/gcc/avr/4.9.2/../../../../avr/lib/avr51/libc.a(eerd_byte_atmega128rfa1.o)
                                                  ../../../../src/platform/firefly3/source/nrk_eeprom.o
__eewr_byte_m128rfa1                              /usr/local/Cellar/avr-gcc/4.9.2/lib/gcc/avr/4.9.2/../../../../avr/lib/avr51/libc.a(eewr_byte_atmega128rfa1.o)
                                                  ../../../../src/platform/firefly3/source/nrk_eeprom.o
__eewr_r18_m128rfa1                               /usr/local/Cellar/avr-gcc/4.9.2/lib/gcc/avr/4.9.2/../../../../avr/lib/avr51/libc.a(eewr_byte_atmega128rfa1.o)
__flp                                             /usr/local/Cellar/avr-gcc/4.9.2/lib/gcc/avr/4.9.2/../../../../avr/lib/avr51/libc.a(malloc.o)
__heap_end                                        /usr/local/Cellar/avr-gcc/4.9.2/lib/gcc/avr/4.9.2/../../../../avr/lib/avr51/crtm128rfa1.o
                                                  /usr/local/Cellar/avr-gcc/4.9.2/lib/gcc/avr/4.9.2/../../../../avr/lib/avr51/libc.a(malloc.o)
__heap_start                                      /usr/local/Cellar/avr-gcc/4.9.2/lib/gcc/avr/4.9.2/../../../../avr/lib/avr51/libc.a(malloc.o)
__init                                            /usr/local/Cellar/avr-gcc/4.9.2/lib/gcc/avr/4.9.2/../../../../avr/lib/avr51/crtm128rfa1.o
__iob                                             /usr/local/Cellar/avr-gcc/4.9.2/lib/gcc/avr/4.9.2/../../../../avr/lib/avr51/libc.a(iob.o)
                                                  /usr/local/Cellar/avr-gcc/4.9.2/lib/gcc/avr/4.9.2/../../../../avr/lib/avr51/libc.a(puts.o)
                                                  /usr/local/Cellar/avr-gcc/4.9.2/lib/gcc/avr/4.9.2/../../../../avr/lib/avr51/libc.a(putchar.o)
                                                  /usr/local/Cellar/avr-gcc/4.9.2/lib/gcc/avr/4.9.2/../../../../avr/lib/avr51/libc.a(printf.o)
                                                  /usr/local/Cellar/avr-gcc/4.9.2/lib/gcc/avr/4.9.2/../../../../avr/lib/avr51/libc.a(fdevopen.o)
                                                  ../../../../src/kernel/source/nrk_error.o
                                                  ../../../../src/platform/firefly3/source/ulib.o
__malloc_heap_end                                 /usr/local/Cellar/avr-gcc/4.9.2/lib/gcc/avr/4.9.2/../../../../avr/lib/avr51/libc.a(malloc.o)
__malloc_heap_start                               /usr/local/Cellar/avr-gcc/4.9.2/lib/gcc/avr/4.9.2/../../../../avr/lib/avr51/libc.a(malloc.o)
__malloc_margin                                   /usr/local/Cellar/avr-gcc/4.9.2/lib/gcc/avr/4.9.2/../../../../avr/lib/avr51/libc.a(malloc.o)
__mulsi3                                          /usr/local/Cellar/avr-gcc/4.9.2/lib/gcc/avr/4.9.2/avr51/libgcc.a(_mulsi3.o)
                                                  ../../../../src/kernel/source/nrk_time.o
__muluhisi3                                       /usr/local/Cellar/avr-gcc/4.9.2/lib/gcc/avr/4.9.2/avr51/libgcc.a(_muluhisi3.o)
                                                  /usr/local/Cellar/avr-gcc/4.9.2/lib/gcc/avr/4.9.2/avr51/libgcc.a(_mulsi3.o)
                                                  ../../../../src/kernel/source/nrk_scheduler.o
                                                  ../../../../src/kernel/source/nrk_time.o
__stack                                           /usr/local/Cellar/avr-gcc/4.9.2/lib/gcc/avr/4.9.2/../../../../avr/lib/avr51/crtm128rfa1.o
__tablejump2__                                    /usr/local/Cellar/avr-gcc/4.9.2/lib/gcc/avr/4.9.2/avr51/libgcc.a(_tablejump2.o)