Archive member included because of file (symbol)

/usr/local/Cellar/avr-gcc/4.9.2/lib/gcc/avr/4.9.2/../../../../avr/lib/avr51/libprintf_min.a(vfprintf_min.o)
                              (vfprintf)
/usr/local/Cellar/avr-gcc/4.9.2/lib/gcc/avr/4.9.2/avr51/libgcc.a(_muluhisi3.o)
                              ../../../../src/kernel/source/nrk_time.o (__muluhisi3)
/usr/local/Cellar/avr-gcc/4.9.2/lib/gcc/avr/4.9.2/avr51/libgcc.a(_mulsi3.o)
                              ../../../../src/kernel/source/nrk_time.o (__mulsi3)
/usr/local/Cellar/avr-gcc/4.9.2/lib/gcc/avr/4.9.2/avr51/libgcc.a(_udivmodsi4.o)
                              ../../../../src/kernel/source/nrk_time.o (__udivmodsi4)
/usr/local/Cellar/avr-gcc/4.9.2/lib/gcc/avr/4.9.2/avr51/libgcc.a(_udivdi3.o)
                              ../../../../src/kernel/source/nrk_time.o (__udivdi3)
/usr/local/Cellar/avr-gcc/4.9.2/lib/gcc/avr/4.9.2/avr51/libgcc.a(_udivmod64.o)
                              /usr/local/Cellar/avr-gcc/4.9.2/lib/gcc/avr/4.9.2/avr51/libgcc.a(_udivdi3.o) (__udivmod64)
/usr/local/Cellar/avr-gcc/4.9.2/lib/gcc/avr/4.9.2/avr51/libgcc.a(_exit.o)
                              /usr/local/Cellar/avr-gcc/4.9.2/lib/gcc/avr/4.9.2/../../../../avr/lib/avr51/crtm128rfa1.o (exit)
/usr/local/Cellar/avr-gcc/4.9.2/lib/gcc/avr/4.9.2/avr51/libgcc.a(_tablejump2.o)
                              ../../../../src/platform/firefly3/source/ulib.o (__tablejump2__)
/usr/local/Cellar/avr-gcc/4.9.2/lib/gcc/avr/4.9.2/avr51/libgcc.a(_copy_data.o)
                              main.o (__do_copy_data)
/usr/local/Cellar/avr-gcc/4.9.2/lib/gcc/avr/4.9.2/avr51/libgcc.a(_clear_bss.o)
                              main.o (__do_clear_bss)
/usr/local/Cellar/avr-gcc/4.9.2/lib/gcc/avr/4.9.2/avr51/libgcc.a(_ashldi3.o)
                              ../../../../src/kernel/source/nrk_time.o (__ashldi3)
/usr/local/Cellar/avr-gcc/4.9.2/lib/gcc/avr/4.9.2/avr51/libgcc.a(_ashrdi3.o)
                              ../../../../src/kernel/source/nrk_time.o (__lshrdi3)
/usr/local/Cellar/avr-gcc/4.9.2/lib/gcc/avr/4.9.2/avr51/libgcc.a(_adddi3.o)
                              ../../../../src/kernel/source/nrk_time.o (__adddi3)
/usr/local/Cellar/avr-gcc/4.9.2/lib/gcc/avr/4.9.2/avr51/libgcc.a(_subdi3.o)
                              ../../../../src/kernel/source/nrk_time.o (__subdi3)
/usr/local/Cellar/avr-gcc/4.9.2/lib/gcc/avr/4.9.2/avr51/libgcc.a(_umulhisi3.o)
                              /usr/local/Cellar/avr-gcc/4.9.2/lib/gcc/avr/4.9.2/avr51/libgcc.a(_muluhisi3.o) (__umulhisi3)
/usr/local/Cellar/avr-gcc/4.9.2/lib/gcc/avr/4.9.2/../../../../avr/lib/avr51/libc.a(strchr_P.o)
                              /usr/local/Cellar/avr-gcc/4.9.2/lib/gcc/avr/4.9.2/../../../../avr/lib/avr51/libprintf_min.a(vfprintf_min.o) (strchr_P)
/usr/local/Cellar/avr-gcc/4.9.2/lib/gcc/avr/4.9.2/../../../../avr/lib/avr51/libc.a(memcpy.o)
                              ../../../../src/radio/rf231_soc/source/basic_rf.o (memcpy)
/usr/local/Cellar/avr-gcc/4.9.2/lib/gcc/avr/4.9.2/../../../../avr/lib/avr51/libc.a(strncmp.o)
                              ../../../../src/radio/rf231_soc/source/basic_rf.o (strncmp)
/usr/local/Cellar/avr-gcc/4.9.2/lib/gcc/avr/4.9.2/../../../../avr/lib/avr51/libc.a(fdevopen.o)
                              ../../../../src/platform/firefly3/source/ulib.o (fdevopen)
/usr/local/Cellar/avr-gcc/4.9.2/lib/gcc/avr/4.9.2/../../../../avr/lib/avr51/libc.a(fputc.o)
                              ../../../../src/platform/firefly3/source/ulib.o (fputc)
/usr/local/Cellar/avr-gcc/4.9.2/lib/gcc/avr/4.9.2/../../../../avr/lib/avr51/libc.a(iob.o)
                              ../../../../src/platform/firefly3/source/ulib.o (__iob)
/usr/local/Cellar/avr-gcc/4.9.2/lib/gcc/avr/4.9.2/../../../../avr/lib/avr51/libc.a(printf.o)
                              ../../../../src/radio/rf231_soc/source/basic_rf.o (printf)
/usr/local/Cellar/avr-gcc/4.9.2/lib/gcc/avr/4.9.2/../../../../avr/lib/avr51/libc.a(putchar.o)
                              ../../../../src/radio/rf231_soc/source/basic_rf.o (putchar)
/usr/local/Cellar/avr-gcc/4.9.2/lib/gcc/avr/4.9.2/../../../../avr/lib/avr51/libc.a(puts.o)
                              main.o (puts)
/usr/local/Cellar/avr-gcc/4.9.2/lib/gcc/avr/4.9.2/../../../../avr/lib/avr51/libc.a(sprintf.o)
                              ../../../../src/kernel/source/nrk_error.o (sprintf)
/usr/local/Cellar/avr-gcc/4.9.2/lib/gcc/avr/4.9.2/../../../../avr/lib/avr51/libc.a(ultoa_invert.o)
                              /usr/local/Cellar/avr-gcc/4.9.2/lib/gcc/avr/4.9.2/../../../../avr/lib/avr51/libprintf_min.a(vfprintf_min.o) (__ultoa_invert)
/usr/local/Cellar/avr-gcc/4.9.2/lib/gcc/avr/4.9.2/../../../../avr/lib/avr51/libc.a(eerd_byte_atmega128rfa1.o)
                              ../../../../src/platform/firefly3/source/nrk_eeprom.o (__eerd_byte_m128rfa1)
/usr/local/Cellar/avr-gcc/4.9.2/lib/gcc/avr/4.9.2/../../../../avr/lib/avr51/libc.a(eewr_byte_atmega128rfa1.o)
[...]
Memory Configuration

Name             Origin             Length             Attributes
text             0x0000000000000000 0x0000000000020000 xr
data             0x0000000000800100 0x000000000000ff00 rw !x
eeprom           0x0000000000810000 0x0000000000010000 rw !x
fuse             0x0000000000820000 0x0000000000000400 rw !x
lock             0x0000000000830000 0x0000000000000400 rw !x
signature        0x0000000000840000 0x0000000000000400 rw !x
*default*        0x0000000000000000 0xffffffffffffffff

Linker script and memory map

Address of section .data set to 0x800200
LOAD /usr/local/Cellar/avr-gcc/4.9.2/lib/gcc/avr/4.9.2/../../../../avr/lib/avr51/crtm128rfa1.o
LOAD main.o
LOAD ../../../../src/radio/rf231_soc/source/basic_rf.o
LOAD ../../../../src/platform/firefly3/source/ulib.o
LOAD ../../../../src/platform/firefly3/source/hal_wait.o
LOAD ../../../../src/platform/firefly3/source/nrk_eeprom.o
LOAD ../../../../src/kernel/source/nrk.o
LOAD ../../../../src/kernel/source/nrk_stats.o
LOAD ../../../../src/kernel/source/nrk_error.o
LOAD ../../../../src/kernel/source/nrk_stack_check.o
LOAD ../../../../src/kernel/source/nrk_events.o
LOAD ../../../../src/kernel/source/nrk_task.o
LOAD ../../../../src/kernel/source/nrk_time.o
LOAD ../../../../src/kernel/source/nrk_idle_task.o
LOAD ../../../../src/kernel/source/nrk_scheduler.o
LOAD ../../../../src/kernel/source/nrk_driver.o
LOAD ../../../../src/kernel/source/nrk_reserve.o
LOAD ../../../../src/kernel/source/nrk_sw_wdt.o
LOAD ../../../../src/kernel/hal/atmega128rfa1/nrk_timer.o
LOAD ../../../../src/kernel/hal/atmega128rfa1/nrk_status.o
LOAD ../../../../src/kernel/hal/atmega128rfa1/nrk_ext_int.o
LOAD ../../../../src/kernel/hal/atmega128rfa1/nrk_watchdog.o
LOAD ../../../../src/kernel/hal/atmega128rfa1/nrk_cpu.o
LOAD ../../../../src/kernel/hal/atmega128rfa1/atmel_hw_specific.o
LOAD /usr/local/Cellar/avr-gcc/4.9.2/lib/gcc/avr/4.9.2/../../../../avr/lib/avr51/libprintf_min.a
LOAD /usr/local/Cellar/avr-gcc/4.9.2/lib/gcc/avr/4.9.2/../../../../avr/lib/avr51/libm.a
START GROUP
LOAD /usr/local/Cellar/avr-gcc/4.9.2/lib/gcc/avr/4.9.2/avr51/libgcc.a
LOAD /usr/local/Cellar/avr-gcc/4.9.2/lib/gcc/avr/4.9.2/../../../../avr/lib/avr51/libm.a
LOAD /usr/local/Cellar/avr-gcc/4.9.2/lib/gcc/avr/4.9.2/../../../../avr/lib/avr51/libc.a
END GROUP

.hash
 *(.hash)

.dynsym
 *(.dynsym)

.dynstr
 *(.dynstr)

.gnu.version
 *(.gnu.version)

.gnu.version_d
 *(.gnu.version_d)

.gnu.version_r
 *(.gnu.version_r)

.rel.init
 *(.rel.init)

.rela.init
 *(.rela.init)

.rel.text
 *(.rel.text)
 *(.rel.text.*)
 *(.rel.gnu.linkonce.t*)

.rela.text
 *(.rela.text)
 *(.rela.text.*)
 *(.rela.gnu.linkonce.t*)

.rel.fini
 *(.rel.fini)

.rela.fini
 *(.rela.fini)

.rel.rodata
 *(.rel.rodata)
 *(.rel.rodata.*)
 *(.rel.gnu.linkonce.r*)

.rela.rodata
 *(.rela.rodata)
 *(.rela.rodata.*)
 *(.rela.gnu.linkonce.r*)

.rel.data
 *(.rel.data)
 *(.rel.data.*)
 *(.rel.gnu.linkonce.d*)

.rela.data
 *(.rela.data)
 *(.rela.data.*)
 *(.rela.gnu.linkonce.d*)

.rel.ctors
 *(.rel.ctors)

.rela.ctors
 *(.rela.ctors)

.rel.dtors
 *(.rel.dtors)

.rela.dtors
 *(.rela.dtors)

.rel.got
 *(.rel.got)

.rela.got
 *(.rela.got)

.rel.bss
 *(.rel.bss)

.rela.bss
 *(.rela.bss)

.rel.plt
 *(.rel.plt)

.rela.plt
 *(.rela.plt)

.text           0x0000000000000000     0x50a0
 *(.vectors)
 .vectors       0x0000000000000000      0x120 /usr/local/Cellar/avr-gcc/4.9.2/lib/gcc/avr/4.9.2/../../../../avr/lib/avr51/crtm128rfa1.o
                0x0000000000000000                __vectors
 *(.vectors)
 *(.progmem.gcc*)
 .progmem.gcc_sw_table
                0x0000000000000120       0x54 ../../../../src/platform/firefly3/source/ulib.o
 .progmem.gcc_sw_table
                0x0000000000000174       0x40 ../../../../src/kernel/source/nrk_error.o
                0x00000000000001b4                . = ALIGN (0x2)
                0x00000000000001b4                __trampolines_start = .
 *(.trampolines)
 .trampolines   0x00000000000001b4        0x0 linker stubs
 *(.trampolines*)
                0x00000000000001b4                __trampolines_end = .
 *(.progmem*)
 .progmem.data  0x00000000000001b4       0x28 ../../../../src/radio/rf231_soc/source/basic_rf.o
 .progmem.data  0x00000000000001dc       0x15 ../../../../src/platform/firefly3/source/ulib.o
 .progmem.data  0x00000000000001f1      0x238 ../../../../src/kernel/source/nrk_error.o
 .progmem.data  0x0000000000000429        0xf ../../../../src/kernel/source/nrk_stack_check.o
 .progmem.data  0x0000000000000438       0x17 /usr/local/Cellar/avr-gcc/4.9.2/lib/gcc/avr/4.9.2/../../../../avr/lib/avr51/libprintf_min.a(vfprintf_min.o)
                0x0000000000000450                . = ALIGN (0x2)
 *fill*         0x000000000000044f        0x1 
 *(.jumptables)
 *(.jumptables*)
 *(.lowtext)
 *(.lowtext*)
                0x0000000000000450                __ctors_start = .
 *(.ctors)
                0x0000000000000450                __ctors_end = .
                0x0000000000000450                __dtors_start = .
 *(.dtors)
                0x0000000000000450                __dtors_end = .
 SORT(*)(.ctors)
 SORT(*)(.dtors)
 *(.init0)
 .init0         0x0000000000000450        0x0 /usr/local/Cellar/avr-gcc/4.9.2/lib/gcc/avr/4.9.2/../../../../avr/lib/avr51/crtm128rfa1.o
                0x0000000000000450                __init
 *(.init0)
 *(.init1)
 *(.init1)
 *(.init2)
 .init2         0x0000000000000450        0xc /usr/local/Cellar/avr-gcc/4.9.2/lib/gcc/avr/4.9.2/../../../../avr/lib/avr51/crtm128rfa1.o
 *(.init2)
 *(.init3)
 *(.init3)
 *(.init4)
 .init4         0x000000000000045c       0x1a /usr/local/Cellar/avr-gcc/4.9.2/lib/gcc/avr/4.9.2/avr51/libgcc.a(_copy_data.o)
                0x000000000000045c                __do_copy_data
 .init4         0x0000000000000476       0x10 /usr/local/Cellar/avr-gcc/4.9.2/lib/gcc/avr/4.9.2/avr51/libgcc.a(_clear_bss.o)
                0x0000000000000476                __do_clear_bss
 *(.init4)
 *(.init5)
 *(.init5)
 *(.init6)
 *(.init6)
 *(.init7)
 *(.init7)
 *(.init8)
 *(.init8)
 *(.init9)
 .init9         0x0000000000000486        0x8 /usr/local/Cellar/avr-gcc/4.9.2/lib/gcc/avr/4.9.2/../../../../avr/lib/avr51/crtm128rfa1.o
 *(.init9)
 *(.text)
 .text          0x000000000000048e        0x4 /usr/local/Cellar/avr-gcc/4.9.2/lib/gcc/avr/4.9.2/../../../../avr/lib/avr51/crtm128rfa1.o
                0x000000000000048e                __vector_65
                0x000000000000048e                __vector_22
                0x000000000000048e                __vector_28
                0x000000000000048e                __vector_67
                0x000000000000048e                __vector_71
                0x000000000000048e                __vector_34
                0x000000000000048e                __vector_24
                0x000000000000048e                __vector_12
                0x000000000000048e                __vector_55
                0x000000000000048e                __vector_69
                0x000000000000048e                __vector_46
                0x000000000000048e                __bad_interrupt
                0x000000000000048e                __vector_6
                0x000000000000048e                __vector_31
                0x000000000000048e                __vector_35
                0x000000000000048e                __vector_39
                0x000000000000048e                __vector_23
                0x000000000000048e                __vector_68
                0x000000000000048e                __vector_30
                0x000000000000048e                __vector_45
                0x000000000000048e                __vector_11
                0x000000000000048e                __vector_54
                0x000000000000048e                __vector_17
                0x000000000000048e                __vector_19
                0x000000000000048e                __vector_56
                0x000000000000048e                __vector_7
                0x000000000000048e                __vector_49
                0x000000000000048e                __vector_41
                0x000000000000048e                __vector_43
                0x000000000000048e                __vector_27
                0x000000000000048e                __vector_5
                0x000000000000048e                __vector_33
                0x000000000000048e                __vector_47
                0x000000000000048e                __vector_52
                0x000000000000048e                __vector_37
                0x000000000000048e                __vector_4
                0x000000000000048e                __vector_44
                0x000000000000048e                __vector_51
                0x000000000000048e                __vector_21
                0x000000000000048e                __vector_66
                0x000000000000048e                __vector_36
                0x000000000000048e                __vector_70
                0x000000000000048e                __vector_29
                0x000000000000048e                __vector_40
                0x000000000000048e                __vector_8
                0x000000000000048e                __vector_26
                0x000000000000048e                __vector_48
                0x000000000000048e                __vector_14
                0x000000000000048e                __vector_53
                0x000000000000048e                __vector_10
                0x000000000000048e                __vector_50
                0x000000000000048e                __vector_16
                0x000000000000048e                __vector_18
                0x000000000000048e                __vector_20
                0x000000000000048e                __vector_42
                0x000000000000048e                __vector_38
 .text          0x0000000000000492       0xd4 main.o
                0x0000000000000492                callback1
                0x000000000000049a                callback2
                0x00000000000004aa                rx_task
                0x00000000000004f8                rf_rx_callback
                0x00000000000004fa                nrk_create_taskset
 .text          0x0000000000000566      0xb14 ../../../../src/radio/rf231_soc/source/basic_rf.o
                0x00000000000005a2                set_wireless_prog
                0x00000000000005a8                rf_enable_glossy
                0x00000000000005b0                rf_disable_glossy
                0x00000000000005b6                rf_power_down
                0x0000000000000602                rf_power_up
                0x000000000000062e                rf_pll_on
                0x0000000000000634                rf_tx_power
                0x0000000000000648                rf_addr_decode_enable
                0x0000000000000654                rf_addr_decode_disable
                0x0000000000000660                rf_auto_ack_enable
                0x000000000000066c                rf_auto_ack_disable
                0x0000000000000678                rf_addr_decode_set_my_mac
                0x000000000000068a                rf_set_rx
                0x00000000000006a4                rx_start_callback
                0x00000000000006ae                rx_end_callback
                0x00000000000006b8                tx_start_callback
                0x00000000000006c2                rf_init
                0x00000000000007a2                rf_rx_on
                0x00000000000007a8                rf_polling_rx_on
                0x00000000000007ae                rf_rx_off
                0x00000000000007ba                rf_tx_packet
                0x0000000000000952                rf_tx_packet_blocking
                0x000000000000096e                rf_tx_packet_resend
                0x0000000000000990                rf_cca_check
                0x00000000000009f4                rf_rx_packet_nonblock
                0x0000000000000bd6                __vector_64
                0x0000000000000bf4                __vector_63
                0x0000000000000c18                __vector_62
                0x0000000000000c36                __vector_61
                0x0000000000000c54                __vector_59
                0x0000000000000cb4                __vector_58
                0x0000000000000cd2                __vector_57
                0x0000000000000cf0                rf_set_cca_thresh
                0x0000000000000d04                rf_security_last_pkt_status
                0x0000000000000d08                rf_security_set_ctr_counter
                0x0000000000000d0a                rf_security_set_key
                0x0000000000000d0c                rf_security_disable
                0x0000000000000d0e                rf_tx_tdma_packet
                0x0000000000000d12                rf_get_sem
                0x0000000000000d1c                rf_flush_rx_fifo
                0x0000000000000d1e                rf_busy
                0x0000000000000d22                rf_rx_check_fifop
                0x0000000000000d26                rf_rx_check_sfd
                0x0000000000000d2a                rf_carrier_on
                0x0000000000000d2c                rf_carrier_off
                0x0000000000000d2e                rf_test_mode
                0x0000000000000d30                rf_data_mode
                0x0000000000000d32                rf_rx_set_serial
                0x0000000000000d34                rf_tx_set_serial
                0x0000000000000d36                rf_set_preamble_length
                0x0000000000000d38                rf_set_cca_mode
                0x0000000000000d3a                rf_cc2591_tx_on
                0x0000000000000d4a                rf_cc2591_rx_on
                0x0000000000000d5a                rf_glossy_interrupt
                0x0000000000000e34                __vector_60
                0x0000000000000ecc                aes_setkey
                0x0000000000000f10                aes_encrypt
                0x0000000000000fae                aes_decrypt
 .text          0x000000000000107a      0x926 ../../../../src/platform/firefly3/source/ulib.o
                0x000000000000107a                putc0
                0x0000000000001092                __vector_25
                0x0000000000001138                nrk_uart_data_ready
                0x000000000000116a                nrk_uart_rx_signal_get
                0x000000000000117e                nrk_kprintf
                0x00000000000011a8                getc0
                0x0000000000001212                PORT_INIT
                0x0000000000001226                nrk_setup_ports
                0x000000000000122a                nrk_gpio_set
                0x000000000000130c                nrk_gpio_clr
                0x00000000000013fc                nrk_gpio_get
                0x0000000000001450                nrk_gpio_toggle
                0x0000000000001666                nrk_gpio_direction
                0x000000000000181a                nrk_get_button
                0x000000000000182e                nrk_led_toggle
                0x000000000000185c                nrk_led_clr
                0x000000000000188a                nrk_led_set
                0x00000000000018b8                nrk_gpio_pullups
                0x00000000000018cc                putc1
                0x00000000000018da                setup_uart0
                0x0000000000001904                setup_uart1
                0x000000000000192e                nrk_setup_uart
                0x0000000000001988                getc1
 .text          0x00000000000019a0        0xe ../../../../src/platform/firefly3/source/hal_wait.o
                0x00000000000019a0                halWait
 .text          0x00000000000019ae      0x13e ../../../../src/platform/firefly3/source/nrk_eeprom.o
                0x00000000000019ae                nrk_eeprom_read_byte
                0x00000000000019b2                nrk_eeprom_write_byte
                0x00000000000019b8                read_eeprom_mac_address
                0x0000000000001a24                read_eeprom_channel
                0x0000000000001a3c                write_eeprom_load_img_pages
                0x0000000000001a4c                read_eeprom_load_img_pages
                0x0000000000001a64                read_eeprom_aes_key
                0x0000000000001a94                write_eeprom_aes_key
                0x0000000000001ac4                read_eeprom_current_image_checksum
                0x0000000000001adc                write_eeprom_current_image_checksum
 .text          0x0000000000001aec      0x36e ../../../../src/kernel/source/nrk.o
                0x0000000000001aec                nrk_int_disable
                0x0000000000001af0                nrk_int_enable
                0x0000000000001af4                nrk_halt
                0x0000000000001afa                nrk_init
                0x0000000000001c62                nrk_start
                0x0000000000001ce4                nrk_TCB_init
                0x0000000000001e50                _nrk_timer_tick
                0x0000000000001e54                nrk_version
 .text          0x0000000000001e5a        0x0 ../../../../src/kernel/source/nrk_stats.o
 .text          0x0000000000001e5a      0x35a ../../../../src/kernel/source/nrk_error.o
                0x0000000000001e5a                _nrk_errno_set
                0x0000000000001e66                nrk_errno_get
                0x0000000000001e72                nrk_error_get
                0x0000000000001e8a                nrk_error_handle
                0x0000000000001e90                nrk_error_print
                0x0000000000001fa4                nrk_error_add
                0x0000000000001fc0                nrk_kernel_error_add
                0x0000000000001fd2                clear_regs
                0x0000000000002032                pause
                0x000000000000205c                blink_dash
                0x000000000000207c                blink_dot
                0x0000000000002094                blink_morse_code_error
 .text          0x00000000000021b4      0x1da ../../../../src/kernel/source/nrk_stack_check.o
                0x00000000000021b4                dump_stack_info
                0x000000000000230e                nrk_stack_check
                0x0000000000002358                nrk_stack_check_pid
 .text          0x000000000000238e      0x648 ../../../../src/kernel/source/nrk_events.o
                0x000000000000238e                nrk_signal_create
                0x0000000000002400                nrk_signal_get_registered_mask
                0x0000000000002412                nrk_signal_delete
                0x0000000000002530                nrk_signal_unregister
                0x00000000000025ae                nrk_signal_register
                0x0000000000002612                nrk_event_signal
                0x00000000000026f4                nrk_event_wait
                0x0000000000002768                nrk_sem_create
                0x00000000000027bc                nrk_get_resource_index
                0x00000000000027e2                nrk_sem_query
                0x0000000000002816                nrk_sem_pend
                0x00000000000028d4                nrk_sem_post
                0x0000000000002990                nrk_sem_delete
 .text          0x00000000000029d6      0x69c ../../../../src/kernel/source/nrk_task.o
                0x00000000000029d6                nrk_get_high_ready_task_ID
                0x00000000000029e2                nrk_print_readyQ
                0x00000000000029f8                nrk_add_to_readyQ
                0x0000000000002b50                nrk_rem_from_readyQ
                0x0000000000002bf0                nrk_activate_task
                0x0000000000002c86                nrk_set_next_wakeup
                0x0000000000002d00                _nrk_wait_for_scheduler
                0x0000000000002d14                nrk_wait_until_next_period
                0x0000000000002d68                nrk_terminate_task
                0x0000000000002d8a                nrk_wait_until_next_n_periods
                0x0000000000002dea                nrk_wait_ticks
                0x0000000000002e62                nrk_wait_until_ticks
                0x0000000000002ec0                nrk_wait_until_nw
                0x0000000000002f0c                nrk_wait
                0x0000000000002fba                nrk_wait_until
                0x0000000000003066                nrk_get_pid
 .text          0x0000000000003072      0x6e0 ../../../../src/kernel/source/nrk_time.o
                0x0000000000003072                nrk_full_time_get
                0x000000000000324e                nrk_time_get
                0x0000000000003308                nrk_time_sub
                0x0000000000003420                nrk_time_compact_nanos
                0x0000000000003462                nrk_time_add
                0x0000000000003518                nrk_time_set
                0x000000000000352e                _nrk_time_to_ticks
                0x0000000000003610                _nrk_ticks_to_time
                0x000000000000367e                _nrk_time_to_ticks_long
 .text          0x0000000000003752       0x34 ../../../../src/kernel/source/nrk_idle_task.o
                0x0000000000003752                nrk_idle_task
 .text          0x0000000000003786      0x546 ../../../../src/kernel/source/nrk_scheduler.o
                0x0000000000003786                _nrk_scheduler
 .text          0x0000000000003ccc        0x0 ../../../../src/kernel/source/nrk_driver.o
 .text          0x0000000000003ccc        0x0 ../../../../src/kernel/source/nrk_reserve.o
 .text          0x0000000000003ccc        0x0 ../../../../src/kernel/source/nrk_sw_wdt.o
 .text          0x0000000000003ccc      0x392 ../../../../src/kernel/hal/atmega128rfa1/nrk_timer.o
                0x0000000000003ccc                nrk_spin_wait_us
                0x0000000000003cea                _nrk_precision_os_timer_stop
                0x0000000000003cf0                _nrk_precision_os_timer_start
                0x0000000000003d04                _nrk_precision_os_timer_reset
                0x0000000000003d0e                _nrk_precision_os_timer_get
                0x0000000000003d32                _nrk_high_speed_timer_stop
                0x0000000000003d38                _nrk_high_speed_timer_start
                0x0000000000003d40                _nrk_high_speed_timer_reset
                0x0000000000003d50                _nrk_high_speed_timer_get
                0x0000000000003d74                nrk_high_speed_timer_wait
                0x0000000000003dd4                _nrk_os_timer_stop
                0x0000000000003dea                _nrk_os_timer_set
                0x0000000000003df0                _nrk_os_timer_start
                0x0000000000003e02                _nrk_os_timer_reset
                0x0000000000003e16                _nrk_setup_timer
                0x0000000000003e9c                _nrk_get_next_wakeup
                0x0000000000003ea4                _nrk_set_next_wakeup
                0x0000000000003eac                nrk_timer_int_stop
                0x0000000000003eb8                nrk_timer_int_reset
                0x0000000000003ecc                nrk_timer_int_read
                0x0000000000003ee0                nrk_timer_int_start
                0x0000000000003ef2                nrk_timer_int_configure
                0x0000000000003f66                _nrk_os_timer_get
                0x0000000000003f6c                __vector_default
                0x0000000000003f80                __vector_13
                0x0000000000003f80                __vector_15
                0x0000000000003fe6                __vector_32
                0x000000000000404a                SIG_OUTPUT_COMPARE1A
 .text          0x000000000000405e       0x4c ../../../../src/kernel/hal/atmega128rfa1/nrk_status.o
                0x000000000000405e                _nrk_startup_error
 .text          0x00000000000040aa      0x3a8 ../../../../src/kernel/hal/atmega128rfa1/nrk_ext_int.o
                0x00000000000040aa                nrk_ext_int_enable
                0x000000000000412c                nrk_ext_int_disable
                0x00000000000041ae                nrk_ext_int_configure
                0x00000000000042c2                __vector_9
                0x0000000000004326                __vector_1
                0x000000000000438a                __vector_2
                0x00000000000043ee                __vector_3
 .text          0x0000000000004452       0x4c ../../../../src/kernel/hal/atmega128rfa1/nrk_watchdog.o
                0x0000000000004452                nrk_watchdog_disable
                0x000000000000446e                nrk_watchdog_enable
                0x000000000000448c                nrk_watchdog_check
                0x000000000000449a                nrk_watchdog_reset
 .text          0x000000000000449e      0x124 ../../../../src/kernel/hal/atmega128rfa1/nrk_cpu.o
                0x000000000000449e                nrk_battery_save
                0x00000000000044a0                nrk_sleep
                0x00000000000044b8                nrk_idle
                0x00000000000044ce                nrk_task_set_entry_function
                0x00000000000044d6                nrk_task_set_stk
                0x0000000000004512                nrk_task_stk_init
                0x000000000000458e                nrk_stack_pointer_init
                0x00000000000045ac                nrk_stack_pointer_restore
                0x00000000000045ba                nrk_target_start
 .text          0x00000000000045c2       0x56 ../../../../src/kernel/hal/atmega128rfa1/atmel_hw_specific.o
                0x00000000000045c2                nrk_start_high_ready_task
 .text          0x0000000000004618        0x0 /usr/local/Cellar/avr-gcc/4.9.2/lib/gcc/avr/4.9.2/../../../../avr/lib/avr51/libprintf_min.a(vfprintf_min.o)
 .text          0x0000000000004618        0x0 /usr/local/Cellar/avr-gcc/4.9.2/lib/gcc/avr/4.9.2/avr51/libgcc.a(_muluhisi3.o)
 .text          0x0000000000004618        0x0 /usr/local/Cellar/avr-gcc/4.9.2/lib/gcc/avr/4.9.2/avr51/libgcc.a(_mulsi3.o)
 .text          0x0000000000004618        0x0 /usr/local/Cellar/avr-gcc/4.9.2/lib/gcc/avr/4.9.2/avr51/libgcc.a(_udivmodsi4.o)
 .text          0x0000000000004618        0x0 /usr/local/Cellar/avr-gcc/4.9.2/lib/gcc/avr/4.9.2/avr51/libgcc.a(_udivdi3.o)
 .text          0x0000000000004618        0x0 /usr/local/Cellar/avr-gcc/4.9.2/lib/gcc/avr/4.9.2/avr51/libgcc.a(_udivmod64.o)
 .text          0x0000000000004618        0x0 /usr/local/Cellar/avr-gcc/4.9.2/lib/gcc/avr/4.9.2/avr51/libgcc.a(_exit.o)
 .text          0x0000000000004618        0x0 /usr/local/Cellar/avr-gcc/4.9.2/lib/gcc/avr/4.9.2/avr51/libgcc.a(_tablejump2.o)
 .text          0x0000000000004618        0x0 /usr/local/Cellar/avr-gcc/4.9.2/lib/gcc/avr/4.9.2/avr51/libgcc.a(_copy_data.o)
 .text          0x0000000000004618        0x0 /usr/local/Cellar/avr-gcc/4.9.2/lib/gcc/avr/4.9.2/avr51/libgcc.a(_clear_bss.o)
 .text          0x0000000000004618        0x0 /usr/local/Cellar/avr-gcc/4.9.2/lib/gcc/avr/4.9.2/avr51/libgcc.a(_ashldi3.o)
 .text          0x0000000000004618        0x0 /usr/local/Cellar/avr-gcc/4.9.2/lib/gcc/avr/4.9.2/avr51/libgcc.a(_ashrdi3.o)
 .text          0x0000000000004618        0x0 /usr/local/Cellar/avr-gcc/4.9.2/lib/gcc/avr/4.9.2/avr51/libgcc.a(_adddi3.o)
 .text          0x0000000000004618        0x0 /usr/local/Cellar/avr-gcc/4.9.2/lib/gcc/avr/4.9.2/avr51/libgcc.a(_subdi3.o)
 .text          0x0000000000004618        0x0 /usr/local/Cellar/avr-gcc/4.9.2/lib/gcc/avr/4.9.2/avr51/libgcc.a(_umulhisi3.o)
 .text          0x0000000000004618        0x0 /usr/local/Cellar/avr-gcc/4.9.2/lib/gcc/avr/4.9.2/../../../../avr/lib/avr51/libc.a(strchr_P.o)
 .text          0x0000000000004618        0x0 /usr/local/Cellar/avr-gcc/4.9.2/lib/gcc/avr/4.9.2/../../../../avr/lib/avr51/libc.a(memcpy.o)
 .text          0x0000000000004618        0x0 /usr/local/Cellar/avr-gcc/4.9.2/lib/gcc/avr/4.9.2/../../../../avr/lib/avr51/libc.a(strncmp.o)
 .text          0x0000000000004618        0x0 /usr/local/Cellar/avr-gcc/4.9.2/lib/gcc/avr/4.9.2/../../../../avr/lib/avr51/libc.a(fdevopen.o)
 .text          0x0000000000004618        0x0 /usr/local/Cellar/avr-gcc/4.9.2/lib/gcc/avr/4.9.2/../../../../avr/lib/avr51/libc.a(fputc.o)
 .text          0x0000000000004618        0x0 /usr/local/Cellar/avr-gcc/4.9.2/lib/gcc/avr/4.9.2/../../../../avr/lib/avr51/libc.a(iob.o)
 .text          0x0000000000004618        0x0 /usr/local/Cellar/avr-gcc/4.9.2/lib/gcc/avr/4.9.2/../../../../avr/lib/avr51/libc.a(printf.o)
 .text          0x0000000000004618        0x0 /usr/local/Cellar/avr-gcc/4.9.2/lib/gcc/avr/4.9.2/../../../../avr/lib/avr51/libc.a(putchar.o)
 .text          0x0000000000004618        0x0 /usr/local/Cellar/avr-gcc/4.9.2/lib/gcc/avr/4.9.2/../../../../avr/lib/avr51/libc.a(puts.o)
 .text          0x0000000000004618        0x0 /usr/local/Cellar/avr-gcc/4.9.2/lib/gcc/avr/4.9.2/../../../../avr/lib/avr51/libc.a(sprintf.o)
 .text          0x0000000000004618        0x0 /usr/local/Cellar/avr-gcc/4.9.2/lib/gcc/avr/4.9.2/../../../../avr/lib/avr51/libc.a(ultoa_invert.o)
 .text          0x0000000000004618        0x0 /usr/local/Cellar/avr-gcc/4.9.2/lib/gcc/avr/4.9.2/../../../../avr/lib/avr51/libc.a(eerd_byte_atmega128rfa1.o)
 .text          0x0000000000004618        0x0 /usr/local/Cellar/avr-gcc/4.9.2/lib/gcc/avr/4.9.2/../../../../avr/lib/avr51/libc.a(eewr_byte_atmega128rfa1.o)
 .text          0x0000000000004618        0x0 /usr/local/Cellar/avr-gcc/4.9.2/lib/gcc/avr/4.9.2/../../../../avr/lib/avr51/libc.a(calloc.o)
 .text          0x0000000000004618        0x0 /usr/local/Cellar/avr-gcc/4.9.2/lib/gcc/avr/4.9.2/../../../../avr/lib/avr51/libc.a(malloc.o)
 .text          0x0000000000004618        0x0 /usr/local/Cellar/avr-gcc/4.9.2/lib/gcc/avr/4.9.2/../../../../avr/lib/avr51/libc.a(memset.o)
                0x0000000000004618                . = ALIGN (0x2)
 *(.text.*)
 .text.startup  0x0000000000004618       0x36 main.o
                0x0000000000004618                main
 .text.avr-libc
                0x000000000000464e      0x28e /usr/local/Cellar/avr-gcc/4.9.2/lib/gcc/avr/4.9.2/../../../../avr/lib/avr51/libprintf_min.a(vfprintf_min.o)
                0x000000000000464e                vfprintf
 .text.libgcc.mul
                0x00000000000048dc       0x16 /usr/local/Cellar/avr-gcc/4.9.2/lib/gcc/avr/4.9.2/avr51/libgcc.a(_muluhisi3.o)
                0x00000000000048dc                __muluhisi3
 .text.libgcc.div
                0x00000000000048f2        0x0 /usr/local/Cellar/avr-gcc/4.9.2/lib/gcc/avr/4.9.2/avr51/libgcc.a(_muluhisi3.o)
 .text.libgcc   0x00000000000048f2        0x0 /usr/local/Cellar/avr-gcc/4.9.2/lib/gcc/avr/4.9.2/avr51/libgcc.a(_muluhisi3.o)
 .text.libgcc.prologue
                0x00000000000048f2        0x0 /usr/local/Cellar/avr-gcc/4.9.2/lib/gcc/avr/4.9.2/avr51/libgcc.a(_muluhisi3.o)
 .text.libgcc.builtins
                0x00000000000048f2        0x0 /usr/local/Cellar/avr-gcc/4.9.2/lib/gcc/avr/4.9.2/avr51/libgcc.a(_muluhisi3.o)
 .text.libgcc.fmul
                0x00000000000048f2        0x0 /usr/local/Cellar/avr-gcc/4.9.2/lib/gcc/avr/4.9.2/avr51/libgcc.a(_muluhisi3.o)
 .text.libgcc.fixed
                0x00000000000048f2        0x0 /usr/local/Cellar/avr-gcc/4.9.2/lib/gcc/avr/4.9.2/avr51/libgcc.a(_muluhisi3.o)
 .text.libgcc.mul
                0x00000000000048f2       0x20 /usr/local/Cellar/avr-gcc/4.9.2/lib/gcc/avr/4.9.2/avr51/libgcc.a(_mulsi3.o)
                0x00000000000048f2                __mulsi3
 .text.libgcc.div
                0x0000000000004912        0x0 /usr/local/Cellar/avr-gcc/4.9.2/lib/gcc/avr/4.9.2/avr51/libgcc.a(_mulsi3.o)
 .text.libgcc   0x0000000000004912        0x0 /usr/local/Cellar/avr-gcc/4.9.2/lib/gcc/avr/4.9.2/avr51/libgcc.a(_mulsi3.o)
 .text.libgcc.prologue
                0x0000000000004912        0x0 /usr/local/Cellar/avr-gcc/4.9.2/lib/gcc/avr/4.9.2/avr51/libgcc.a(_mulsi3.o)
 .text.libgcc.builtins
                0x0000000000004912        0x0 /usr/local/Cellar/avr-gcc/4.9.2/lib/gcc/avr/4.9.2/avr51/libgcc.a(_mulsi3.o)
 .text.libgcc.fmul
                0x0000000000004912        0x0 /usr/local/Cellar/avr-gcc/4.9.2/lib/gcc/avr/4.9.2/avr51/libgcc.a(_mulsi3.o)
 .text.libgcc.fixed
                0x0000000000004912        0x0 /usr/local/Cellar/avr-gcc/4.9.2/lib/gcc/avr/4.9.2/avr51/libgcc.a(_mulsi3.o)
 .text.libgcc.mul
                0x0000000000004912        0x0 /usr/local/Cellar/avr-gcc/4.9.2/lib/gcc/avr/4.9.2/avr51/libgcc.a(_udivmodsi4.o)
 .text.libgcc.div
                0x0000000000004912       0x44 /usr/local/Cellar/avr-gcc/4.9.2/lib/gcc/avr/4.9.2/avr51/libgcc.a(_udivmodsi4.o)
                0x0000000000004912                __udivmodsi4
 .text.libgcc   0x0000000000004956        0x0 /usr/local/Cellar/avr-gcc/4.9.2/lib/gcc/avr/4.9.2/avr51/libgcc.a(_udivmodsi4.o)
 .text.libgcc.prologue
                0x0000000000004956        0x0 /usr/local/Cellar/avr-gcc/4.9.2/lib/gcc/avr/4.9.2/avr51/libgcc.a(_udivmodsi4.o)
 .text.libgcc.builtins
                0x0000000000004956        0x0 /usr/local/Cellar/avr-gcc/4.9.2/lib/gcc/avr/4.9.2/avr51/libgcc.a(_udivmodsi4.o)
 .text.libgcc.fmul
                0x0000000000004956        0x0 /usr/local/Cellar/avr-gcc/4.9.2/lib/gcc/avr/4.9.2/avr51/libgcc.a(_udivmodsi4.o)
 .text.libgcc.fixed
                0x0000000000004956        0x0 /usr/local/Cellar/avr-gcc/4.9.2/lib/gcc/avr/4.9.2/avr51/libgcc.a(_udivmodsi4.o)
 .text.libgcc.mul
                0x0000000000004956        0x0 /usr/local/Cellar/avr-gcc/4.9.2/lib/gcc/avr/4.9.2/avr51/libgcc.a(_udivdi3.o)
 .text.libgcc.div
                0x0000000000004956       0x1c /usr/local/Cellar/avr-gcc/4.9.2/lib/gcc/avr/4.9.2/avr51/libgcc.a(_udivdi3.o)
                0x0000000000004956                __umoddi3
                0x000000000000495a                __udivdi3
                0x000000000000495c                __udivdi3_umoddi3
 .text.libgcc   0x0000000000004972        0x0 /usr/local/Cellar/avr-gcc/4.9.2/lib/gcc/avr/4.9.2/avr51/libgcc.a(_udivdi3.o)
 .text.libgcc.prologue
                0x0000000000004972        0x0 /usr/local/Cellar/avr-gcc/4.9.2/lib/gcc/avr/4.9.2/avr51/libgcc.a(_udivdi3.o)
 .text.libgcc.builtins
                0x0000000000004972        0x0 /usr/local/Cellar/avr-gcc/4.9.2/lib/gcc/avr/4.9.2/avr51/libgcc.a(_udivdi3.o)
 .text.libgcc.fmul
                0x0000000000004972        0x0 /usr/local/Cellar/avr-gcc/4.9.2/lib/gcc/avr/4.9.2/avr51/libgcc.a(_udivdi3.o)
 .text.libgcc.fixed
                0x0000000000004972        0x0 /usr/local/Cellar/avr-gcc/4.9.2/lib/gcc/avr/4.9.2/avr51/libgcc.a(_udivdi3.o)
 .text.libgcc.mul
                0x0000000000004972        0x0 /usr/local/Cellar/avr-gcc/4.9.2/lib/gcc/avr/4.9.2/avr51/libgcc.a(_udivmod64.o)
 .text.libgcc.div
                0x0000000000004972       0xa2 /usr/local/Cellar/avr-gcc/4.9.2/lib/gcc/avr/4.9.2/avr51/libgcc.a(_udivmod64.o)
                0x0000000000004972                __udivmod64
 .text.libgcc   0x0000000000004a14        0x0 /usr/local/Cellar/avr-gcc/4.9.2/lib/gcc/avr/4.9.2/avr51/libgcc.a(_udivmod64.o)
 .text.libgcc.prologue
                0x0000000000004a14        0x0 /usr/local/Cellar/avr-gcc/4.9.2/lib/gcc/avr/4.9.2/avr51/libgcc.a(_udivmod64.o)
 .text.libgcc.builtins
                0x0000000000004a14        0x0 /usr/local/Cellar/avr-gcc/4.9.2/lib/gcc/avr/4.9.2/avr51/libgcc.a(_udivmod64.o)
 .text.libgcc.fmul
                0x0000000000004a14        0x0 /usr/local/Cellar/avr-gcc/4.9.2/lib/gcc/avr/4.9.2/avr51/libgcc.a(_udivmod64.o)
 .text.libgcc.fixed
                0x0000000000004a14        0x0 /usr/local/Cellar/avr-gcc/4.9.2/lib/gcc/avr/4.9.2/avr51/libgcc.a(_udivmod64.o)
 .text.libgcc.mul
                0x0000000000004a14        0x0 /usr/local/Cellar/avr-gcc/4.9.2/lib/gcc/avr/4.9.2/avr51/libgcc.a(_exit.o)
 .text.libgcc.div
                0x0000000000004a14        0x0 /usr/local/Cellar/avr-gcc/4.9.2/lib/gcc/avr/4.9.2/avr51/libgcc.a(_exit.o)
 .text.libgcc   0x0000000000004a14        0x0 /usr/local/Cellar/avr-gcc/4.9.2/lib/gcc/avr/4.9.2/avr51/libgcc.a(_exit.o)
 .text.libgcc.prologue
                0x0000000000004a14        0x0 /usr/local/Cellar/avr-gcc/4.9.2/lib/gcc/avr/4.9.2/avr51/libgcc.a(_exit.o)
 .text.libgcc.builtins
                0x0000000000004a14        0x0 /usr/local/Cellar/avr-gcc/4.9.2/lib/gcc/avr/4.9.2/avr51/libgcc.a(_exit.o)
 .text.libgcc.fmul
                0x0000000000004a14        0x0 /usr/local/Cellar/avr-gcc/4.9.2/lib/gcc/avr/4.9.2/avr51/libgcc.a(_exit.o)
 .text.libgcc.fixed
                0x0000000000004a14        0x0 /usr/local/Cellar/avr-gcc/4.9.2/lib/gcc/avr/4.9.2/avr51/libgcc.a(_exit.o)
 .text.libgcc.mul
                0x0000000000004a14        0x0 /usr/local/Cellar/avr-gcc/4.9.2/lib/gcc/avr/4.9.2/avr51/libgcc.a(_tablejump2.o)
 .text.libgcc.div
                0x0000000000004a14        0x0 /usr/local/Cellar/avr-gcc/4.9.2/lib/gcc/avr/4.9.2/avr51/libgcc.a(_tablejump2.o)
 .text.libgcc   0x0000000000004a14       0x12 /usr/local/Cellar/avr-gcc/4.9.2/lib/gcc/avr/4.9.2/avr51/libgcc.a(_tablejump2.o)
                0x0000000000004a14                __tablejump2__
 .text.libgcc.prologue
                0x0000000000004a26        0x0 /usr/local/Cellar/avr-gcc/4.9.2/lib/gcc/avr/4.9.2/avr51/libgcc.a(_tablejump2.o)
 .text.libgcc.builtins
                0x0000000000004a26        0x0 /usr/local/Cellar/avr-gcc/4.9.2/lib/gcc/avr/4.9.2/avr51/libgcc.a(_tablejump2.o)
 .text.libgcc.fmul
                0x0000000000004a26        0x0 /usr/local/Cellar/avr-gcc/4.9.2/lib/gcc/avr/4.9.2/avr51/libgcc.a(_tablejump2.o)
 .text.libgcc.fixed
                0x0000000000004a26        0x0 /usr/local/Cellar/avr-gcc/4.9.2/lib/gcc/avr/4.9.2/avr51/libgcc.a(_tablejump2.o)
 .text.libgcc.mul
                0x0000000000004a26        0x0 /usr/local/Cellar/avr-gcc/4.9.2/lib/gcc/avr/4.9.2/avr51/libgcc.a(_copy_data.o)
 .text.libgcc.div
                0x0000000000004a26        0x0 /usr/local/Cellar/avr-gcc/4.9.2/lib/gcc/avr/4.9.2/avr51/libgcc.a(_copy_data.o)
 .text.libgcc   0x0000000000004a26        0x0 /usr/local/Cellar/avr-gcc/4.9.2/lib/gcc/avr/4.9.2/avr51/libgcc.a(_copy_data.o)
 .text.libgcc.prologue
                0x0000000000004a26        0x0 /usr/local/Cellar/avr-gcc/4.9.2/lib/gcc/avr/4.9.2/avr51/libgcc.a(_copy_data.o)
 .text.libgcc.builtins
                0x0000000000004a26        0x0 /usr/local/Cellar/avr-gcc/4.9.2/lib/gcc/avr/4.9.2/avr51/libgcc.a(_copy_data.o)
 .text.libgcc.fmul
                0x0000000000004a26        0x0 /usr/local/Cellar/avr-gcc/4.9.2/lib/gcc/avr/4.9.2/avr51/libgcc.a(_copy_data.o)
 .text.libgcc.fixed
                0x0000000000004a26        0x0 /usr/local/Cellar/avr-gcc/4.9.2/lib/gcc/avr/4.9.2/avr51/libgcc.a(_copy_data.o)
 .text.libgcc.mul
                0x0000000000004a26        0x0 /usr/local/Cellar/avr-gcc/4.9.2/lib/gcc/avr/4.9.2/avr51/libgcc.a(_clear_bss.o)
 .text.libgcc.div
                0x0000000000004a26        0x0 /usr/local/Cellar/avr-gcc/4.9.2/lib/gcc/avr/4.9.2/avr51/libgcc.a(_clear_bss.o)
 .text.libgcc   0x0000000000004a26        0x0 /usr/local/Cellar/avr-gcc/4.9.2/lib/gcc/avr/4.9.2/avr51/libgcc.a(_clear_bss.o)
 .text.libgcc.prologue
                0x0000000000004a26        0x0 /usr/local/Cellar/avr-gcc/4.9.2/lib/gcc/avr/4.9.2/avr51/libgcc.a(_clear_bss.o)
 .text.libgcc.builtins
                0x0000000000004a26        0x0 /usr/local/Cellar/avr-gcc/4.9.2/lib/gcc/avr/4.9.2/avr51/libgcc.a(_clear_bss.o)
 .text.libgcc.fmul
                0x0000000000004a26        0x0 /usr/local/Cellar/avr-gcc/4.9.2/lib/gcc/avr/4.9.2/avr51/libgcc.a(_clear_bss.o)
 .text.libgcc.fixed
                0x0000000000004a26        0x0 /usr/local/Cellar/avr-gcc/4.9.2/lib/gcc/avr/4.9.2/avr51/libgcc.a(_clear_bss.o)
 .text.libgcc.mul
                0x0000000000004a26        0x0 /usr/local/Cellar/avr-gcc/4.9.2/lib/gcc/avr/4.9.2/avr51/libgcc.a(_ashldi3.o)
 .text.libgcc.div
                0x0000000000004a26        0x0 /usr/local/Cellar/avr-gcc/4.9.2/lib/gcc/avr/4.9.2/avr51/libgcc.a(_ashldi3.o)
 .text.libgcc   0x0000000000004a26        0x0 /usr/local/Cellar/avr-gcc/4.9.2/lib/gcc/avr/4.9.2/avr51/libgcc.a(_ashldi3.o)
 .text.libgcc.prologue
                0x0000000000004a26        0x0 /usr/local/Cellar/avr-gcc/4.9.2/lib/gcc/avr/4.9.2/avr51/libgcc.a(_ashldi3.o)
 .text.libgcc.builtins
                0x0000000000004a26       0x32 /usr/local/Cellar/avr-gcc/4.9.2/lib/gcc/avr/4.9.2/avr51/libgcc.a(_ashldi3.o)
                0x0000000000004a26                __ashldi3
 .text.libgcc.fmul
                0x0000000000004a58        0x0 /usr/local/Cellar/avr-gcc/4.9.2/lib/gcc/avr/4.9.2/avr51/libgcc.a(_ashldi3.o)
 .text.libgcc.fixed
                0x0000000000004a58        0x0 /usr/local/Cellar/avr-gcc/4.9.2/lib/gcc/avr/4.9.2/avr51/libgcc.a(_ashldi3.o)
 .text.libgcc.mul
                0x0000000000004a58        0x0 /usr/local/Cellar/avr-gcc/4.9.2/lib/gcc/avr/4.9.2/avr51/libgcc.a(_ashrdi3.o)
 .text.libgcc.div
                0x0000000000004a58        0x0 /usr/local/Cellar/avr-gcc/4.9.2/lib/gcc/avr/4.9.2/avr51/libgcc.a(_ashrdi3.o)
 .text.libgcc   0x0000000000004a58        0x0 /usr/local/Cellar/avr-gcc/4.9.2/lib/gcc/avr/4.9.2/avr51/libgcc.a(_ashrdi3.o)
 .text.libgcc.prologue
                0x0000000000004a58        0x0 /usr/local/Cellar/avr-gcc/4.9.2/lib/gcc/avr/4.9.2/avr51/libgcc.a(_ashrdi3.o)
 .text.libgcc.builtins
                0x0000000000004a58       0x3c /usr/local/Cellar/avr-gcc/4.9.2/lib/gcc/avr/4.9.2/avr51/libgcc.a(_ashrdi3.o)
                0x0000000000004a58                __ashrdi3
                0x0000000000004a5c                __lshrdi3
 .text.libgcc.fmul
                0x0000000000004a94        0x0 /usr/local/Cellar/avr-gcc/4.9.2/lib/gcc/avr/4.9.2/avr51/libgcc.a(_ashrdi3.o)
 .text.libgcc.fixed
                0x0000000000004a94        0x0 /usr/local/Cellar/avr-gcc/4.9.2/lib/gcc/avr/4.9.2/avr51/libgcc.a(_ashrdi3.o)
 .text.libgcc.mul
                0x0000000000004a94        0x0 /usr/local/Cellar/avr-gcc/4.9.2/lib/gcc/avr/4.9.2/avr51/libgcc.a(_adddi3.o)
 .text.libgcc.div
                0x0000000000004a94        0x0 /usr/local/Cellar/avr-gcc/4.9.2/lib/gcc/avr/4.9.2/avr51/libgcc.a(_adddi3.o)
 .text.libgcc   0x0000000000004a94       0x12 /usr/local/Cellar/avr-gcc/4.9.2/lib/gcc/avr/4.9.2/avr51/libgcc.a(_adddi3.o)
                0x0000000000004a94                __adddi3
 .text.libgcc.prologue
                0x0000000000004aa6        0x0 /usr/local/Cellar/avr-gcc/4.9.2/lib/gcc/avr/4.9.2/avr51/libgcc.a(_adddi3.o)
 .text.libgcc.builtins
                0x0000000000004aa6        0x0 /usr/local/Cellar/avr-gcc/4.9.2/lib/gcc/avr/4.9.2/avr51/libgcc.a(_adddi3.o)
 .text.libgcc.fmul
                0x0000000000004aa6        0x0 /usr/local/Cellar/avr-gcc/4.9.2/lib/gcc/avr/4.9.2/avr51/libgcc.a(_adddi3.o)
 .text.libgcc.fixed
                0x0000000000004aa6        0x0 /usr/local/Cellar/avr-gcc/4.9.2/lib/gcc/avr/4.9.2/avr51/libgcc.a(_adddi3.o)
 .text.libgcc.mul
                0x0000000000004aa6        0x0 /usr/local/Cellar/avr-gcc/4.9.2/lib/gcc/avr/4.9.2/avr51/libgcc.a(_subdi3.o)
 .text.libgcc.div
                0x0000000000004aa6        0x0 /usr/local/Cellar/avr-gcc/4.9.2/lib/gcc/avr/4.9.2/avr51/libgcc.a(_subdi3.o)
 .text.libgcc   0x0000000000004aa6       0x12 /usr/local/Cellar/avr-gcc/4.9.2/lib/gcc/avr/4.9.2/avr51/libgcc.a(_subdi3.o)
                0x0000000000004aa6                __subdi3
 .text.libgcc.prologue
                0x0000000000004ab8        0x0 /usr/local/Cellar/avr-gcc/4.9.2/lib/gcc/avr/4.9.2/avr51/libgcc.a(_subdi3.o)
 .text.libgcc.builtins
                0x0000000000004ab8        0x0 /usr/local/Cellar/avr-gcc/4.9.2/lib/gcc/avr/4.9.2/avr51/libgcc.a(_subdi3.o)
 .text.libgcc.fmul
                0x0000000000004ab8        0x0 /usr/local/Cellar/avr-gcc/4.9.2/lib/gcc/avr/4.9.2/avr51/libgcc.a(_subdi3.o)
 .text.libgcc.fixed
                0x0000000000004ab8        0x0 /usr/local/Cellar/avr-gcc/4.9.2/lib/gcc/avr/4.9.2/avr51/libgcc.a(_subdi3.o)
 .text.libgcc.mul
                0x0000000000004ab8       0x1e /usr/local/Cellar/avr-gcc/4.9.2/lib/gcc/avr/4.9.2/avr51/libgcc.a(_umulhisi3.o)
                0x0000000000004ab8                __umulhisi3
 .text.libgcc.div
                0x0000000000004ad6        0x0 /usr/local/Cellar/avr-gcc/4.9.2/lib/gcc/avr/4.9.2/avr51/libgcc.a(_umulhisi3.o)
 .text.libgcc   0x0000000000004ad6        0x0 /usr/local/Cellar/avr-gcc/4.9.2/lib/gcc/avr/4.9.2/avr51/libgcc.a(_umulhisi3.o)
 .text.libgcc.prologue
                0x0000000000004ad6        0x0 /usr/local/Cellar/avr-gcc/4.9.2/lib/gcc/avr/4.9.2/avr51/libgcc.a(_umulhisi3.o)
 .text.libgcc.builtins
                0x0000000000004ad6        0x0 /usr/local/Cellar/avr-gcc/4.9.2/lib/gcc/avr/4.9.2/avr51/libgcc.a(_umulhisi3.o)
 .text.libgcc.fmul
                0x0000000000004ad6        0x0 /usr/local/Cellar/avr-gcc/4.9.2/lib/gcc/avr/4.9.2/avr51/libgcc.a(_umulhisi3.o)
 .text.libgcc.fixed
                0x0000000000004ad6        0x0 /usr/local/Cellar/avr-gcc/4.9.2/lib/gcc/avr/4.9.2/avr51/libgcc.a(_umulhisi3.o)
 .text.avr-libc
                0x0000000000004ad6       0x16 /usr/local/Cellar/avr-gcc/4.9.2/lib/gcc/avr/4.9.2/../../../../avr/lib/avr51/libc.a(strchr_P.o)
                0x0000000000004ad6                strchr_P
 .text.avr-libc
                0x0000000000004aec       0x12 /usr/local/Cellar/avr-gcc/4.9.2/lib/gcc/avr/4.9.2/../../../../avr/lib/avr51/libc.a(memcpy.o)
                0x0000000000004aec                memcpy
 .text.avr-libc
                0x0000000000004afe       0x1c /usr/local/Cellar/avr-gcc/4.9.2/lib/gcc/avr/4.9.2/../../../../avr/lib/avr51/libc.a(strncmp.o)
                0x0000000000004afe                strncmp
 .text.avr-libc
                0x0000000000004b1a       0x96 /usr/local/Cellar/avr-gcc/4.9.2/lib/gcc/avr/4.9.2/../../../../avr/lib/avr51/libc.a(fdevopen.o)
                0x0000000000004b1a                fdevopen
 .text.avr-libc
                0x0000000000004bb0       0x70 /usr/local/Cellar/avr-gcc/4.9.2/lib/gcc/avr/4.9.2/../../../../avr/lib/avr51/libc.a(fputc.o)
                0x0000000000004bb0                fputc
 .text.avr-libc
                0x0000000000004c20       0x28 /usr/local/Cellar/avr-gcc/4.9.2/lib/gcc/avr/4.9.2/../../../../avr/lib/avr51/libc.a(printf.o)
                0x0000000000004c20                printf
 .text.avr-libc
                0x0000000000004c48        0xc /usr/local/Cellar/avr-gcc/4.9.2/lib/gcc/avr/4.9.2/../../../../avr/lib/avr51/libc.a(putchar.o)
                0x0000000000004c48                putchar
 .text.avr-libc
                0x0000000000004c54       0x60 /usr/local/Cellar/avr-gcc/4.9.2/lib/gcc/avr/4.9.2/../../../../avr/lib/avr51/libc.a(puts.o)
                0x0000000000004c54                puts
 .text.avr-libc
                0x0000000000004cb4       0x60 /usr/local/Cellar/avr-gcc/4.9.2/lib/gcc/avr/4.9.2/../../../../avr/lib/avr51/libc.a(sprintf.o)
                0x0000000000004cb4                sprintf
 .text.avr-libc
                0x0000000000004d14       0xbc /usr/local/Cellar/avr-gcc/4.9.2/lib/gcc/avr/4.9.2/../../../../avr/lib/avr51/libc.a(ultoa_invert.o)
                0x0000000000004d14                __ultoa_invert
 .text.avr-libc
                0x0000000000004dd0       0x10 /usr/local/Cellar/avr-gcc/4.9.2/lib/gcc/avr/4.9.2/../../../../avr/lib/avr51/libc.a(eerd_byte_atmega128rfa1.o)
                0x0000000000004dd0                __eerd_byte_m128rfa1
 .text.avr-libc
                0x0000000000004de0       0x1c /usr/local/Cellar/avr-gcc/4.9.2/lib/gcc/avr/4.9.2/../../../../avr/lib/avr51/libc.a(eewr_byte_atmega128rfa1.o)
                0x0000000000004de0                __eewr_byte_m128rfa1
                0x0000000000004de2                __eewr_r18_m128rfa1
 .text.avr-libc
                0x0000000000004dfc       0x38 /usr/local/Cellar/avr-gcc/4.9.2/lib/gcc/avr/4.9.2/../../../../avr/lib/avr51/libc.a(calloc.o)
                0x0000000000004dfc                calloc
 .text.avr-libc
                0x0000000000004e34      0x25a /usr/local/Cellar/avr-gcc/4.9.2/lib/gcc/avr/4.9.2/../../../../avr/lib/avr51/libc.a(malloc.o)
                0x0000000000004e34                malloc
                0x0000000000004f5e                free
 .text.avr-libc
                0x000000000000508e        0xe /usr/local/Cellar/avr-gcc/4.9.2/lib/gcc/avr/4.9.2/../../../../avr/lib/avr51/libc.a(memset.o)
                0x000000000000508e                memset
                0x000000000000509c                . = ALIGN (0x2)
 *(.fini9)
 .fini9         0x000000000000509c        0x0 /usr/local/Cellar/avr-gcc/4.9.2/lib/gcc/avr/4.9.2/avr51/libgcc.a(_exit.o)
                0x000000000000509c                exit
                0x000000000000509c                _exit
 *(.fini9)
 *(.fini8)
 *(.fini8)
 *(.fini7)
 *(.fini7)
 *(.fini6)
 *(.fini6)
 *(.fini5)
 *(.fini5)
 *(.fini4)
 *(.fini4)
 *(.fini3)
 *(.fini3)
 *(.fini2)
 *(.fini2)
 *(.fini1)
 *(.fini1)
 *(.fini0)
 .fini0         0x000000000000509c        0x4 /usr/local/Cellar/avr-gcc/4.9.2/lib/gcc/avr/4.9.2/avr51/libgcc.a(_exit.o)
 *(.fini0)
                0x00000000000050a0                _etext = .

.data           0x0000000000800200      0x1c2 load address 0x00000000000050a0
                0x0000000000800200                PROVIDE (__data_start, .)
 *(.data)
 .data          0x0000000000800200        0x0 /usr/local/Cellar/avr-gcc/4.9.2/lib/gcc/avr/4.9.2/../../../../avr/lib/avr51/crtm128rfa1.o
 .data          0x0000000000800200        0x0 main.o
 .data          0x0000000000800200       0x10 ../../../../src/radio/rf231_soc/source/basic_rf.o
                0x0000000000800200                reset_val
 .data          0x0000000000800210        0x0 ../../../../src/platform/firefly3/source/ulib.o
 .data          0x0000000000800210        0x0 ../../../../src/platform/firefly3/source/hal_wait.o
 .data          0x0000000000800210        0x0 ../../../../src/platform/firefly3/source/nrk_eeprom.o
 .data          0x0000000000800210        0x0 ../../../../src/kernel/source/nrk.o
 .data          0x0000000000800210        0x0 ../../../../src/kernel/source/nrk_stats.o
 .data          0x0000000000800210        0x0 ../../../../src/kernel/source/nrk_error.o
 .data          0x0000000000800210        0x0 ../../../../src/kernel/source/nrk_stack_check.o
 .data          0x0000000000800210        0x0 ../../../../src/kernel/source/nrk_events.o
 .data          0x0000000000800210        0x0 ../../../../src/kernel/source/nrk_task.o
 .data          0x0000000000800210        0x0 ../../../../src/kernel/source/nrk_time.o
 .data          0x0000000000800210        0x0 ../../../../src/kernel/source/nrk_idle_task.o
 .data          0x0000000000800210        0x0 ../../../../src/kernel/source/nrk_scheduler.o
 .data          0x0000000000800210        0x0 ../../../../src/kernel/source/nrk_driver.o
 .data          0x0000000000800210        0x0 ../../../../src/kernel/source/nrk_reserve.o
 .data          0x0000000000800210        0x0 ../../../../src/kernel/source/nrk_sw_wdt.o
 .data          0x0000000000800210        0x0 ../../../../src/kernel/hal/atmega128rfa1/nrk_timer.o
 .data          0x0000000000800210        0x0 ../../../../src/kernel/hal/atmega128rfa1/nrk_status.o
 .data          0x0000000000800210        0x0 ../../../../src/kernel/hal/atmega128rfa1/nrk_ext_int.o
 .data          0x0000000000800210        0x0 ../../../../src/kernel/hal/atmega128rfa1/nrk_watchdog.o
 .data          0x0000000000800210        0x0 ../../../../src/kernel/hal/atmega128rfa1/nrk_cpu.o
 .data          0x0000000000800210        0x0 ../../../../src/kernel/hal/atmega128rfa1/atmel_hw_specific.o
 .data          0x0000000000800210        0x0 /usr/local/Cellar/avr-gcc/4.9.2/lib/gcc/avr/4.9.2/../../../../avr/lib/avr51/libprintf_min.a(vfprintf_min.o)
 .data          0x0000000000800210        0x0 /usr/local/Cellar/avr-gcc/4.9.2/lib/gcc/avr/4.9.2/avr51/libgcc.a(_muluhisi3.o)
 .data          0x0000000000800210        0x0 /usr/local/Cellar/avr-gcc/4.9.2/lib/gcc/avr/4.9.2/avr51/libgcc.a(_mulsi3.o)
 .data          0x0000000000800210        0x0 /usr/local/Cellar/avr-gcc/4.9.2/lib/gcc/avr/4.9.2/avr51/libgcc.a(_udivmodsi4.o)
 .data          0x0000000000800210        0x0 /usr/local/Cellar/avr-gcc/4.9.2/lib/gcc/avr/4.9.2/avr51/libgcc.a(_udivdi3.o)
 .data          0x0000000000800210        0x0 /usr/local/Cellar/avr-gcc/4.9.2/lib/gcc/avr/4.9.2/avr51/libgcc.a(_udivmod64.o)
 .data          0x0000000000800210        0x0 /usr/local/Cellar/avr-gcc/4.9.2/lib/gcc/avr/4.9.2/avr51/libgcc.a(_exit.o)
 .data          0x0000000000800210        0x0 /usr/local/Cellar/avr-gcc/4.9.2/lib/gcc/avr/4.9.2/avr51/libgcc.a(_tablejump2.o)
 .data          0x0000000000800210        0x0 /usr/local/Cellar/avr-gcc/4.9.2/lib/gcc/avr/4.9.2/avr51/libgcc.a(_copy_data.o)
 .data          0x0000000000800210        0x0 /usr/local/Cellar/avr-gcc/4.9.2/lib/gcc/avr/4.9.2/avr51/libgcc.a(_clear_bss.o)
 .data          0x0000000000800210        0x0 /usr/local/Cellar/avr-gcc/4.9.2/lib/gcc/avr/4.9.2/avr51/libgcc.a(_ashldi3.o)
 .data          0x0000000000800210        0x0 /usr/local/Cellar/avr-gcc/4.9.2/lib/gcc/avr/4.9.2/avr51/libgcc.a(_ashrdi3.o)
 .data          0x0000000000800210        0x0 /usr/local/Cellar/avr-gcc/4.9.2/lib/gcc/avr/4.9.2/avr51/libgcc.a(_adddi3.o)
 .data          0x0000000000800210        0x0 /usr/local/Cellar/avr-gcc/4.9.2/lib/gcc/avr/4.9.2/avr51/libgcc.a(_subdi3.o)
 .data          0x0000000000800210        0x0 /usr/local/Cellar/avr-gcc/4.9.2/lib/gcc/avr/4.9.2/avr51/libgcc.a(_umulhisi3.o)
 .data          0x0000000000800210        0x0 /usr/local/Cellar/avr-gcc/4.9.2/lib/gcc/avr/4.9.2/../../../../avr/lib/avr51/libc.a(strchr_P.o)
 .data          0x0000000000800210        0x0 /usr/local/Cellar/avr-gcc/4.9.2/lib/gcc/avr/4.9.2/../../../../avr/lib/avr51/libc.a(memcpy.o)
 .data          0x0000000000800210        0x0 /usr/local/Cellar/avr-gcc/4.9.2/lib/gcc/avr/4.9.2/../../../../avr/lib/avr51/libc.a(strncmp.o)
 .data          0x0000000000800210        0x0 /usr/local/Cellar/avr-gcc/4.9.2/lib/gcc/avr/4.9.2/../../../../avr/lib/avr51/libc.a(fdevopen.o)
 .data          0x0000000000800210        0x0 /usr/local/Cellar/avr-gcc/4.9.2/lib/gcc/avr/4.9.2/../../../../avr/lib/avr51/libc.a(fputc.o)
 .data          0x0000000000800210        0x0 /usr/local/Cellar/avr-gcc/4.9.2/lib/gcc/avr/4.9.2/../../../../avr/lib/avr51/libc.a(iob.o)
 .data          0x0000000000800210        0x0 /usr/local/Cellar/avr-gcc/4.9.2/lib/gcc/avr/4.9.2/../../../../avr/lib/avr51/libc.a(printf.o)
 .data          0x0000000000800210        0x0 /usr/local/Cellar/avr-gcc/4.9.2/lib/gcc/avr/4.9.2/../../../../avr/lib/avr51/libc.a(putchar.o)
 .data          0x0000000000800210        0x0 /usr/local/Cellar/avr-gcc/4.9.2/lib/gcc/avr/4.9.2/../../../../avr/lib/avr51/libc.a(puts.o)
 .data          0x0000000000800210        0x0 /usr/local/Cellar/avr-gcc/4.9.2/lib/gcc/avr/4.9.2/../../../../avr/lib/avr51/libc.a(sprintf.o)
 .data          0x0000000000800210        0x0 /usr/local/Cellar/avr-gcc/4.9.2/lib/gcc/avr/4.9.2/../../../../avr/lib/avr51/libc.a(ultoa_invert.o)
 .data          0x0000000000800210        0x0 /usr/local/Cellar/avr-gcc/4.9.2/lib/gcc/avr/4.9.2/../../../../avr/lib/avr51/libc.a(eerd_byte_atmega128rfa1.o)
 .data          0x0000000000800210        0x0 /usr/local/Cellar/avr-gcc/4.9.2/lib/gcc/avr/4.9.2/../../../../avr/lib/avr51/libc.a(eewr_byte_atmega128rfa1.o)
 .data          0x0000000000800210        0x0 /usr/local/Cellar/avr-gcc/4.9.2/lib/gcc/avr/4.9.2/../../../../avr/lib/avr51/libc.a(calloc.o)
 .data          0x0000000000800210        0x6 /usr/local/Cellar/avr-gcc/4.9.2/lib/gcc/avr/4.9.2/../../../../avr/lib/avr51/libc.a(malloc.o)
                0x0000000000800210                __malloc_heap_end
                0x0000000000800212                __malloc_heap_start
                0x0000000000800214                __malloc_margin
 .data          0x0000000000800216        0x0 /usr/local/Cellar/avr-gcc/4.9.2/lib/gcc/avr/4.9.2/../../../../avr/lib/avr51/libc.a(memset.o)
 *(.data*)
 *(.rodata)
 .rodata        0x0000000000800216       0x51 ../../../../src/platform/firefly3/source/ulib.o
                0x0000000000800216                NRK_ADC_INPUT_7
                0x0000000000800217                NRK_ADC_INPUT_6
                0x0000000000800218                NRK_ADC_INPUT_5
                0x0000000000800219                NRK_ADC_INPUT_4
                0x000000000080021a                NRK_ADC_INPUT_3
                0x000000000080021b                NRK_ADC_INPUT_2
                0x000000000080021c                NRK_ADC_INPUT_1
                0x000000000080021d                NRK_ADC_INPUT_0
                0x000000000080021e                NRK_PORTF_7
                0x000000000080021f                NRK_PORTF_6
                0x0000000000800220                NRK_PORTF_5
                0x0000000000800221                NRK_PORTF_4
                0x0000000000800222                NRK_PORTF_3
                0x0000000000800223                NRK_PORTF_2
                0x0000000000800224                NRK_PORTF_1
                0x0000000000800225                NRK_PORTF_0
                0x0000000000800226                NRK_PORTG_5
                0x0000000000800227                NRK_PORTG_4
                0x0000000000800228                NRK_PORTG_3
                0x0000000000800229                NRK_PORTG_2
                0x000000000080022a                NRK_PORTG_1
                0x000000000080022b                NRK_PORTG_0
                0x000000000080022c                NRK_ANT_1
                0x000000000080022d                NRK_ANT_0
                0x000000000080022e                NRK_UART0_TXD
                0x000000000080022f                NRK_UART0_RXD
                0x0000000000800230                NRK_PORTE_7
                0x0000000000800231                NRK_PORTE_6
                0x0000000000800232                NRK_PORTE_5
                0x0000000000800233                NRK_PORTE_4
                0x0000000000800234                NRK_PORTE_3
                0x0000000000800235                NRK_PORTE_2
                0x0000000000800236                NRK_PORTE_1
                0x0000000000800237                NRK_PORTE_0
                0x0000000000800238                NRK_LED_3
                0x0000000000800239                NRK_LED_2
                0x000000000080023a                NRK_LED_1
                0x000000000080023b                NRK_LED_0
                0x000000000080023c                NRK_UART1_TXD
                0x000000000080023d                NRK_UART1_RXD
                0x000000000080023e                NRK_BUTTON
                0x000000000080023f                NRK_PORTD_7
                0x0000000000800240                NRK_PORTD_6
                0x0000000000800241                NRK_PORTD_5
                0x0000000000800242                NRK_PORTD_4
                0x0000000000800243                NRK_PORTD_3
                0x0000000000800244                NRK_PORTD_2
                0x0000000000800245                NRK_PORTD_1
                0x0000000000800246                NRK_PORTD_0
                0x0000000000800247                NRK_PORTC_7
                0x0000000000800248                NRK_PORTC_6
                0x0000000000800249                NRK_PORTC_5
                0x000000000080024a                NRK_PORTC_4
                0x000000000080024b                NRK_PORTC_3
                0x000000000080024c                NRK_PORTC_2
                0x000000000080024d                NRK_PORTC_1
                0x000000000080024e                NRK_PORTC_0
                0x000000000080024f                NRK_PORTB_7
                0x0000000000800250                NRK_PORTB_6
                0x0000000000800251                NRK_PORTB_5
                0x0000000000800252                NRK_PORTB_4
                0x0000000000800253                NRK_PORTB_3
                0x0000000000800254                NRK_PORTB_2
                0x0000000000800255                NRK_PORTB_1
                0x0000000000800256                NRK_PORTB_0
                0x0000000000800257                NRK_MISO
                0x0000000000800258                NRK_MOSI
                0x0000000000800259                NRK_SCK
                0x000000000080025a                NRK_SPI_SS
                0x000000000080025b                NRK_DEBUG_3
                0x000000000080025c                NRK_DEBUG_2
                0x000000000080025d                NRK_DEBUG_1
                0x000000000080025e                NRK_DEBUG_0
                0x000000000080025f                NRK_PORTA_7
                0x0000000000800260                NRK_PORTA_6
                0x0000000000800261                NRK_PORTA_5
                0x0000000000800262                NRK_PORTA_4
                0x0000000000800263                NRK_PORTA_3
                0x0000000000800264                NRK_PORTA_2
                0x0000000000800265                NRK_PORTA_1
                0x0000000000800266                NRK_PORTA_0
 *(.rodata*)
 .rodata.str1.1
                0x0000000000800267       0x4b main.o
 .rodata.str1.1
                0x00000000008002b2       0xcc ../../../../src/radio/rf231_soc/source/basic_rf.o
 .rodata.str1.1
                0x000000000080037e        0x3 ../../../../src/kernel/source/nrk_error.o
 .rodata.str1.1
                0x0000000000800381       0x41 ../../../../src/kernel/source/nrk_stack_check.o
                                         0x4e (size before relaxing)
 *(.gnu.linkonce.d*)
                0x00000000008003c2                . = ALIGN (0x2)
                0x00000000008003c2                _edata = .
                0x00000000008003c2                PROVIDE (__data_end, .)

.bss            0x00000000008003c2      0x406
                0x00000000008003c2                PROVIDE (__bss_start, .)
 *(.bss)
 .bss           0x00000000008003c2        0x0 /usr/local/Cellar/avr-gcc/4.9.2/lib/gcc/avr/4.9.2/../../../../avr/lib/avr51/crtm128rfa1.o
 .bss           0x00000000008003c2        0x2 main.o
                0x00000000008003c2                packet_ready
                0x00000000008003c3                packet_len
 .bss           0x00000000008003c4        0x7 ../../../../src/radio/rf231_soc/source/basic_rf.o
                0x00000000008003c4                wireless_prog
                0x00000000008003c5                tx_start_func
                0x00000000008003c7                rx_end_func
                0x00000000008003c9                rx_start_func
 .bss           0x00000000008003cb       0x15 ../../../../src/platform/firefly3/source/ulib.o
 .bss           0x00000000008003e0        0x0 ../../../../src/platform/firefly3/source/hal_wait.o
 .bss           0x00000000008003e0        0x0 ../../../../src/platform/firefly3/source/nrk_eeprom.o
 .bss           0x00000000008003e0        0x0 ../../../../src/kernel/source/nrk.o
 .bss           0x00000000008003e0        0x0 ../../../../src/kernel/source/nrk_stats.o
 .bss           0x00000000008003e0        0x0 ../../../../src/kernel/source/nrk_error.o
 .bss           0x00000000008003e0        0x0 ../../../../src/kernel/source/nrk_stack_check.o
 .bss           0x00000000008003e0        0x0 ../../../../src/kernel/source/nrk_events.o
 .bss           0x00000000008003e0        0x0 ../../../../src/kernel/source/nrk_task.o
 .bss           0x00000000008003e0        0x0 ../../../../src/kernel/source/nrk_time.o
 .bss           0x00000000008003e0        0x0 ../../../../src/kernel/source/nrk_idle_task.o
 .bss           0x00000000008003e0        0x0 ../../../../src/kernel/source/nrk_scheduler.o
 .bss           0x00000000008003e0        0x0 ../../../../src/kernel/source/nrk_driver.o
 .bss           0x00000000008003e0        0x0 ../../../../src/kernel/source/nrk_reserve.o
 .bss           0x00000000008003e0        0x0 ../../../../src/kernel/source/nrk_sw_wdt.o
 .bss           0x00000000008003e0        0x0 ../../../../src/kernel/hal/atmega128rfa1/nrk_timer.o
 .bss           0x00000000008003e0        0x0 ../../../../src/kernel/hal/atmega128rfa1/nrk_status.o
 .bss           0x00000000008003e0        0x0 ../../../../src/kernel/hal/atmega128rfa1/nrk_ext_int.o
 .bss           0x00000000008003e0        0x0 ../../../../src/kernel/hal/atmega128rfa1/nrk_watchdog.o
 .bss           0x00000000008003e0        0x0 ../../../../src/kernel/hal/atmega128rfa1/nrk_cpu.o
 .bss           0x00000000008003e0        0x0 ../../../../src/kernel/hal/atmega128rfa1/atmel_hw_specific.o
 .bss           0x00000000008003e0        0x0 /usr/local/Cellar/avr-gcc/4.9.2/lib/gcc/avr/4.9.2/../../../../avr/lib/avr51/libprintf_min.a(vfprintf_min.o)
 .bss           0x00000000008003e0        0x0 /usr/local/Cellar/avr-gcc/4.9.2/lib/gcc/avr/4.9.2/avr51/libgcc.a(_muluhisi3.o)
 .bss           0x00000000008003e0        0x0 /usr/local/Cellar/avr-gcc/4.9.2/lib/gcc/avr/4.9.2/avr51/libgcc.a(_mulsi3.o)
 .bss           0x00000000008003e0        0x0 /usr/local/Cellar/avr-gcc/4.9.2/lib/gcc/avr/4.9.2/avr51/libgcc.a(_udivmodsi4.o)
 .bss           0x00000000008003e0        0x0 /usr/local/Cellar/avr-gcc/4.9.2/lib/gcc/avr/4.9.2/avr51/libgcc.a(_udivdi3.o)
 .bss           0x00000000008003e0        0x0 /usr/local/Cellar/avr-gcc/4.9.2/lib/gcc/avr/4.9.2/avr51/libgcc.a(_udivmod64.o)
 .bss           0x00000000008003e0        0x0 /usr/local/Cellar/avr-gcc/4.9.2/lib/gcc/avr/4.9.2/avr51/libgcc.a(_exit.o)
 .bss           0x00000000008003e0        0x0 /usr/local/Cellar/avr-gcc/4.9.2/lib/gcc/avr/4.9.2/avr51/libgcc.a(_tablejump2.o)
 .bss           0x00000000008003e0        0x0 /usr/local/Cellar/avr-gcc/4.9.2/lib/gcc/avr/4.9.2/avr51/libgcc.a(_copy_data.o)
 .bss           0x00000000008003e0        0x0 /usr/local/Cellar/avr-gcc/4.9.2/lib/gcc/avr/4.9.2/avr51/libgcc.a(_clear_bss.o)
 .bss           0x00000000008003e0        0x0 /usr/local/Cellar/avr-gcc/4.9.2/lib/gcc/avr/4.9.2/avr51/libgcc.a(_ashldi3.o)
 .bss           0x00000000008003e0        0x0 /usr/local/Cellar/avr-gcc/4.9.2/lib/gcc/avr/4.9.2/avr51/libgcc.a(_ashrdi3.o)
 .bss           0x00000000008003e0        0x0 /usr/local/Cellar/avr-gcc/4.9.2/lib/gcc/avr/4.9.2/avr51/libgcc.a(_adddi3.o)
 .bss           0x00000000008003e0        0x0 /usr/local/Cellar/avr-gcc/4.9.2/lib/gcc/avr/4.9.2/avr51/libgcc.a(_subdi3.o)
 .bss           0x00000000008003e0        0x0 /usr/local/Cellar/avr-gcc/4.9.2/lib/gcc/avr/4.9.2/avr51/libgcc.a(_umulhisi3.o)
 .bss           0x00000000008003e0        0x0 /usr/local/Cellar/avr-gcc/4.9.2/lib/gcc/avr/4.9.2/../../../../avr/lib/avr51/libc.a(strchr_P.o)
 .bss           0x00000000008003e0        0x0 /usr/local/Cellar/avr-gcc/4.9.2/lib/gcc/avr/4.9.2/../../../../avr/lib/avr51/libc.a(memcpy.o)
 .bss           0x00000000008003e0        0x0 /usr/local/Cellar/avr-gcc/4.9.2/lib/gcc/avr/4.9.2/../../../../avr/lib/avr51/libc.a(strncmp.o)
 .bss           0x00000000008003e0        0x0 /usr/local/Cellar/avr-gcc/4.9.2/lib/gcc/avr/4.9.2/../../../../avr/lib/avr51/libc.a(fdevopen.o)
 .bss           0x00000000008003e0        0x0 /usr/local/Cellar/avr-gcc/4.9.2/lib/gcc/avr/4.9.2/../../../../avr/lib/avr51/libc.a(fputc.o)
 .bss           0x00000000008003e0        0x0 /usr/local/Cellar/avr-gcc/4.9.2/lib/gcc/avr/4.9.2/../../../../avr/lib/avr51/libc.a(iob.o)
 .bss           0x00000000008003e0        0x0 /usr/local/Cellar/avr-gcc/4.9.2/lib/gcc/avr/4.9.2/../../../../avr/lib/avr51/libc.a(printf.o)
 .bss           0x00000000008003e0        0x0 /usr/local/Cellar/avr-gcc/4.9.2/lib/gcc/avr/4.9.2/../../../../avr/lib/avr51/libc.a(putchar.o)
 .bss           0x00000000008003e0        0x0 /usr/local/Cellar/avr-gcc/4.9.2/lib/gcc/avr/4.9.2/../../../../avr/lib/avr51/libc.a(puts.o)
 .bss           0x00000000008003e0        0x0 /usr/local/Cellar/avr-gcc/4.9.2/lib/gcc/avr/4.9.2/../../../../avr/lib/avr51/libc.a(sprintf.o)
 .bss           0x00000000008003e0        0x0 /usr/local/Cellar/avr-gcc/4.9.2/lib/gcc/avr/4.9.2/../../../../avr/lib/avr51/libc.a(ultoa_invert.o)
 .bss           0x00000000008003e0        0x0 /usr/local/Cellar/avr-gcc/4.9.2/lib/gcc/avr/4.9.2/../../../../avr/lib/avr51/libc.a(eerd_byte_atmega128rfa1.o)
 .bss           0x00000000008003e0        0x0 /usr/local/Cellar/avr-gcc/4.9.2/lib/gcc/avr/4.9.2/../../../../avr/lib/avr51/libc.a(eewr_byte_atmega128rfa1.o)
 .bss           0x00000000008003e0        0x0 /usr/local/Cellar/avr-gcc/4.9.2/lib/gcc/avr/4.9.2/../../../../avr/lib/avr51/libc.a(calloc.o)
 .bss           0x00000000008003e0        0x0 /usr/local/Cellar/avr-gcc/4.9.2/lib/gcc/avr/4.9.2/../../../../avr/lib/avr51/libc.a(malloc.o)
 .bss           0x00000000008003e0        0x0 /usr/local/Cellar/avr-gcc/4.9.2/lib/gcc/avr/4.9.2/../../../../avr/lib/avr51/libc.a(memset.o)
 *(.bss*)
 *(COMMON)
 COMMON         0x00000000008003e0      0x280 main.o
                0x00000000008003e0                app_timer0_callback
                0x00000000008003e2                error_task
                0x00000000008003e3                _nrk_time_trigger
                0x00000000008003e4                rfRxInfo
                0x00000000008003f0                rx_task_stack
                0x00000000008004f0                _nrk_signal_list
                0x00000000008004f4                rx_buf
                0x0000000000800568                nrk_kernel_stk_ptr
                0x000000000080056a                RX_TASK
                0x000000000080058d                buf
                0x00000000008005dd                app_timer0_prescale
                0x00000000008005de                _nrk_prev_timer_val
                0x00000000008005df                error_num
                0x00000000008005e0                nrk_idle_task_stk
 COMMON         0x0000000000800660       0x3f ../../../../src/radio/rf231_soc/source/basic_rf.o
                0x0000000000800660                rx_ctr
                0x0000000000800664                radio_sem
                0x0000000000800666                use_glossy
                0x0000000000800667                mdmctrl0
                0x0000000000800669                rfSettings
                0x0000000000800672                tx_done
                0x0000000000800673                ekey
                0x0000000000800683                rf_ready
                0x0000000000800684                tx_buf
                0x0000000000800686                dkey
                0x0000000000800696                tx_ctr
                0x000000000080069c                tx_len
                0x000000000080069e                rx_ready
 COMMON         0x000000000080069f      0x116 ../../../../src/kernel/source/nrk.o
                0x000000000080069f                _free_node
                0x00000000008006a1                nrk_task_TCB
                0x0000000000800778                next_next_wakeup
                0x000000000080077a                nrk_sem_list
                0x0000000000800783                nrk_task_init_cnt
                0x0000000000800784                nrk_wakeup_signal
                0x0000000000800785                nrk_high_ready_TCB
                0x0000000000800787                nrk_cur_task_prio
                0x0000000000800788                _nrk_cpu_state
                0x0000000000800789                _head_node
                0x000000000080078b                nrk_system_time
                0x0000000000800793                _nrk_resource_cnt
                0x0000000000800794                nrk_cur_task_TCB
                0x0000000000800796                nrk_high_ready_prio
                0x0000000000800797                _nrk_readyQ
 COMMON         0x00000000008007b5        0x1 ../../../../src/kernel/source/nrk_scheduler.o
                0x00000000008007b5                t
 COMMON         0x00000000008007b6        0x8 ../../../../src/kernel/hal/atmega128rfa1/nrk_ext_int.o
                0x00000000008007b6                ext_int1_callback
                0x00000000008007b8                ext_int0_callback
                0x00000000008007ba                ext_int2_callback
                0x00000000008007bc                pc_int0_callback
 COMMON         0x00000000008007be        0x6 /usr/local/Cellar/avr-gcc/4.9.2/lib/gcc/avr/4.9.2/../../../../avr/lib/avr51/libc.a(iob.o)
                0x00000000008007be                __iob
 COMMON         0x00000000008007c4        0x4 /usr/local/Cellar/avr-gcc/4.9.2/lib/gcc/avr/4.9.2/../../../../avr/lib/avr51/libc.a(malloc.o)
                0x00000000008007c4                __brkval
                0x00000000008007c6                __flp
                0x00000000008007c8                PROVIDE (__bss_end, .)
                0x00000000000050a0                __data_load_start = LOADADDR (.data)
                0x0000000000005262                __data_load_end = (__data_load_start + SIZEOF (.data))

.noinit         0x00000000008007c8        0x0
                0x00000000008007c8                PROVIDE (__noinit_start, .)
 *(.noinit*)
                0x00000000008007c8                PROVIDE (__noinit_end, .)
                0x00000000008007c8                _end = .
                0x00000000008007c8                PROVIDE (__heap_start, .)

.eeprom         0x0000000000810000        0x0
 *(.eeprom*)
                0x0000000000810000                __eeprom_end = .

.fuse
 *(.fuse)
 *(.lfuse)
 *(.hfuse)
 *(.efuse)

.lock
 *(.lock*)

.signature
 *(.signature*)

.stab           0x0000000000000000     0xff3c
 *(.stab)
 .stab          0x0000000000000000     0x1368 main.o
 .stab          0x0000000000001368     0x2460 ../../../../src/radio/rf231_soc/source/basic_rf.o
                                       0x2f10 (size before relaxing)
 .stab          0x00000000000037c8     0x1758 ../../../../src/platform/firefly3/source/ulib.o
                                       0x21fc (size before relaxing)
 .stab          0x0000000000004f20      0x378 ../../../../src/platform/firefly3/source/hal_wait.o
                                        0xd50 (size before relaxing)
 .stab          0x0000000000005298      0x7ec ../../../../src/platform/firefly3/source/nrk_eeprom.o
                                       0x1278 (size before relaxing)
 .stab          0x0000000000005a84      0xb64 ../../../../src/kernel/source/nrk.o
                                       0x1674 (size before relaxing)
 .stab          0x00000000000065e8      0x420 ../../../../src/kernel/source/nrk_stats.o
                                        0xf54 (size before relaxing)
 .stab          0x0000000000006a08      0xd74 ../../../../src/kernel/source/nrk_error.o
                                       0x18b4 (size before relaxing)
 .stab          0x000000000000777c      0x624 ../../../../src/kernel/source/nrk_stack_check.o
                                       0x1158 (size before relaxing)
 .stab          0x0000000000007da0     0x105c ../../../../src/kernel/source/nrk_events.o
                                       0x1ba8 (size before relaxing)
 .stab          0x0000000000008dfc     0x10e0 ../../../../src/kernel/source/nrk_task.o
                                       0x1c2c (size before relaxing)
 .stab          0x0000000000009edc      0x9e4 ../../../../src/kernel/source/nrk_time.o
                                       0x1530 (size before relaxing)
 .stab          0x000000000000a8c0      0x48c ../../../../src/kernel/source/nrk_idle_task.o
                                        0xfd8 (size before relaxing)
 .stab          0x000000000000ad4c      0x990 ../../../../src/kernel/source/nrk_scheduler.o
                                       0x14dc (size before relaxing)
 .stab          0x000000000000b6dc      0x264 ../../../../src/kernel/source/nrk_driver.o
                                        0x270 (size before relaxing)
 .stab          0x000000000000b940      0x264 ../../../../src/kernel/source/nrk_reserve.o
                                        0x270 (size before relaxing)
 .stab          0x000000000000bba4      0x390 ../../../../src/kernel/source/nrk_sw_wdt.o
                                        0xec4 (size before relaxing)
 .stab          0x000000000000bf34     0x111c ../../../../src/kernel/hal/atmega128rfa1/nrk_timer.o
                                       0x1c5c (size before relaxing)
 .stab          0x000000000000d050      0x474 ../../../../src/kernel/hal/atmega128rfa1/nrk_status.o
                                        0xf18 (size before relaxing)
 .stab          0x000000000000d4c4      0xa14 ../../../../src/kernel/hal/atmega128rfa1/nrk_ext_int.o
                                       0x14b8 (size before relaxing)
 .stab          0x000000000000ded8      0x618 ../../../../src/kernel/hal/atmega128rfa1/nrk_watchdog.o
                                       0x1140 (size before relaxing)
 .stab          0x000000000000e4f0      0x894 ../../../../src/kernel/hal/atmega128rfa1/nrk_cpu.o
                                       0x13d4 (size before relaxing)
 .stab          0x000000000000ed84      0x204 ../../../../src/kernel/hal/atmega128rfa1/atmel_hw_specific.o
                                        0x210 (size before relaxing)
 .stab          0x000000000000ef88       0xcc /usr/local/Cellar/avr-gcc/4.9.2/lib/gcc/avr/4.9.2/avr51/libgcc.a(_muluhisi3.o)
                                         0xd8 (size before relaxing)
 .stab          0x000000000000f054      0x108 /usr/local/Cellar/avr-gcc/4.9.2/lib/gcc/avr/4.9.2/avr51/libgcc.a(_mulsi3.o)
                                        0x114 (size before relaxing)
 .stab          0x000000000000f15c      0x228 /usr/local/Cellar/avr-gcc/4.9.2/lib/gcc/avr/4.9.2/avr51/libgcc.a(_udivmodsi4.o)
                                        0x234 (size before relaxing)
 .stab          0x000000000000f384      0x150 /usr/local/Cellar/avr-gcc/4.9.2/lib/gcc/avr/4.9.2/avr51/libgcc.a(_udivdi3.o)
                                        0x15c (size before relaxing)
 .stab          0x000000000000f4d4      0x234 /usr/local/Cellar/avr-gcc/4.9.2/lib/gcc/avr/4.9.2/avr51/libgcc.a(_udivmod64.o)
                                        0x240 (size before relaxing)
 .stab          0x000000000000f708       0x6c /usr/local/Cellar/avr-gcc/4.9.2/lib/gcc/avr/4.9.2/avr51/libgcc.a(_exit.o)
                                         0x78 (size before relaxing)
 .stab          0x000000000000f774       0xc0 /usr/local/Cellar/avr-gcc/4.9.2/lib/gcc/avr/4.9.2/avr51/libgcc.a(_tablejump2.o)
                                         0xcc (size before relaxing)
 .stab          0x000000000000f834       0xf0 /usr/local/Cellar/avr-gcc/4.9.2/lib/gcc/avr/4.9.2/avr51/libgcc.a(_copy_data.o)
                                         0xfc (size before relaxing)
 .stab          0x000000000000f924       0xb4 /usr/local/Cellar/avr-gcc/4.9.2/lib/gcc/avr/4.9.2/avr51/libgcc.a(_clear_bss.o)
                                         0xc0 (size before relaxing)
 .stab          0x000000000000f9d8      0x180 /usr/local/Cellar/avr-gcc/4.9.2/lib/gcc/avr/4.9.2/avr51/libgcc.a(_ashldi3.o)
                                        0x18c (size before relaxing)
 .stab          0x000000000000fb58      0x1ec /usr/local/Cellar/avr-gcc/4.9.2/lib/gcc/avr/4.9.2/avr51/libgcc.a(_ashrdi3.o)
                                        0x1f8 (size before relaxing)
 .stab          0x000000000000fd44       0x78 /usr/local/Cellar/avr-gcc/4.9.2/lib/gcc/avr/4.9.2/avr51/libgcc.a(_adddi3.o)
                                         0x84 (size before relaxing)
 .stab          0x000000000000fdbc       0x78 /usr/local/Cellar/avr-gcc/4.9.2/lib/gcc/avr/4.9.2/avr51/libgcc.a(_subdi3.o)
                                         0x84 (size before relaxing)
 .stab          0x000000000000fe34      0x108 /usr/local/Cellar/avr-gcc/4.9.2/lib/gcc/avr/4.9.2/avr51/libgcc.a(_umulhisi3.o)
                                        0x114 (size before relaxing)

.stabstr        0x0000000000000000     0x8e4a
 *(.stabstr)
 .stabstr       0x0000000000000000     0x8e4a main.o

.stab.excl
 *(.stab.excl)

.stab.exclstr
 *(.stab.exclstr)

.stab.index
 *(.stab.index)

.stab.indexstr
 *(.stab.indexstr)

.comment        0x0000000000000000       0x11
 *(.comment)
 .comment       0x0000000000000000       0x11 main.o
                                         0x12 (size before relaxing)
 .comment       0x0000000000000000       0x12 ../../../../src/radio/rf231_soc/source/basic_rf.o
 .comment       0x0000000000000000       0x12 ../../../../src/platform/firefly3/source/ulib.o
 .comment       0x0000000000000000       0x12 ../../../../src/platform/firefly3/source/hal_wait.o
 .comment       0x0000000000000000       0x12 ../../../../src/platform/firefly3/source/nrk_eeprom.o
 .comment       0x0000000000000000       0x12 ../../../../src/kernel/source/nrk.o
 .comment       0x0000000000000000       0x12 ../../../../src/kernel/source/nrk_stats.o
 .comment       0x0000000000000000       0x12 ../../../../src/kernel/source/nrk_error.o
 .comment       0x0000000000000000       0x12 ../../../../src/kernel/source/nrk_stack_check.o
 .comment       0x0000000000000000       0x12 ../../../../src/kernel/source/nrk_events.o
 .comment       0x0000000000000000       0x12 ../../../../src/kernel/source/nrk_task.o
 .comment       0x0000000000000000       0x12 ../../../../src/kernel/source/nrk_time.o
 .comment       0x0000000000000000       0x12 ../../../../src/kernel/source/nrk_idle_task.o
 .comment       0x0000000000000000       0x12 ../../../../src/kernel/source/nrk_scheduler.o
 .comment       0x0000000000000000       0x12 ../../../../src/kernel/source/nrk_driver.o
 .comment       0x0000000000000000       0x12 ../../../../src/kernel/source/nrk_reserve.o
 .comment       0x0000000000000000       0x12 ../../../../src/kernel/source/nrk_sw_wdt.o
 .comment       0x0000000000000000       0x12 ../../../../src/kernel/hal/atmega128rfa1/nrk_timer.o
 .comment       0x0000000000000000       0x12 ../../../../src/kernel/hal/atmega128rfa1/nrk_status.o
 .comment       0x0000000000000000       0x12 ../../../../src/kernel/hal/atmega128rfa1/nrk_ext_int.o
 .comment       0x0000000000000000       0x12 ../../../../src/kernel/hal/atmega128rfa1/nrk_watchdog.o
 .comment       0x0000000000000000       0x12 ../../../../src/kernel/hal/atmega128rfa1/nrk_cpu.o
 .comment       0x0000000000000000       0x12 /usr/local/Cellar/avr-gcc/4.9.2/lib/gcc/avr/4.9.2/../../../../avr/lib/avr51/libprintf_min.a(vfprintf_min.o)
 .comment       0x0000000000000000       0x12 /usr/local/Cellar/avr-gcc/4.9.2/lib/gcc/avr/4.9.2/../../../../avr/lib/avr51/libc.a(fdevopen.o)
 .comment       0x0000000000000000       0x12 /usr/local/Cellar/avr-gcc/4.9.2/lib/gcc/avr/4.9.2/../../../../avr/lib/avr51/libc.a(fputc.o)
 .comment       0x0000000000000000       0x12 /usr/local/Cellar/avr-gcc/4.9.2/lib/gcc/avr/4.9.2/../../../../avr/lib/avr51/libc.a(iob.o)
 .comment       0x0000000000000000       0x12 /usr/local/Cellar/avr-gcc/4.9.2/lib/gcc/avr/4.9.2/../../../../avr/lib/avr51/libc.a(printf.o)
 .comment       0x0000000000000000       0x12 /usr/local/Cellar/avr-gcc/4.9.2/lib/gcc/avr/4.9.2/../../../../avr/lib/avr51/libc.a(putchar.o)
 .comment       0x0000000000000000       0x12 /usr/local/Cellar/avr-gcc/4.9.2/lib/gcc/avr/4.9.2/../../../../avr/lib/avr51/libc.a(puts.o)
 .comment       0x0000000000000000       0x12 /usr/local/Cellar/avr-gcc/4.9.2/lib/gcc/avr/4.9.2/../../../../avr/lib/avr51/libc.a(sprintf.o)
 .comment       0x0000000000000000       0x12 /usr/local/Cellar/avr-gcc/4.9.2/lib/gcc/avr/4.9.2/../../../../avr/lib/avr51/libc.a(calloc.o)
 .comment       0x0000000000000000       0x12 /usr/local/Cellar/avr-gcc/4.9.2/lib/gcc/avr/4.9.2/../../../../avr/lib/avr51/libc.a(malloc.o)

.note.gnu.build-id
 *(.note.gnu.build-id)

.debug
 *(.debug)

.line
 *(.line)

.debug_srcinfo
 *(.debug_srcinfo)

.debug_sfnames
 *(.debug_sfnames)

.debug_aranges
 *(.debug_aranges)

.debug_pubnames
 *(.debug_pubnames)

.debug_info     0x0000000000000000     0x1160
 *(.debug_info .gnu.linkonce.wi.*)
 .debug_info    0x0000000000000000     0x1160 /usr/local/Cellar/avr-gcc/4.9.2/lib/gcc/avr/4.9.2/../../../../avr/lib/avr51/crtm128rfa1.o

.debug_abbrev   0x0000000000000000     0x1072
 *(.debug_abbrev)
 .debug_abbrev  0x0000000000000000     0x1072 /usr/local/Cellar/avr-gcc/4.9.2/lib/gcc/avr/4.9.2/../../../../avr/lib/avr51/crtm128rfa1.o

.debug_line     0x0000000000000000       0x1d
 *(.debug_line .debug_line.* .debug_line_end)
 .debug_line    0x0000000000000000       0x1d /usr/local/Cellar/avr-gcc/4.9.2/lib/gcc/avr/4.9.2/../../../../avr/lib/avr51/crtm128rfa1.o

.debug_frame
 *(.debug_frame)

.debug_str      0x0000000000000000      0x6de
 *(.debug_str)
 .debug_str     0x0000000000000000      0x6de /usr/local/Cellar/avr-gcc/4.9.2/lib/gcc/avr/4.9.2/../../../../avr/lib/avr51/crtm128rfa1.o

.debug_loc
 *(.debug_loc)

.debug_macinfo
 *(.debug_macinfo)

.debug_weaknames
 *(.debug_weaknames)

.debug_funcnames
 *(.debug_funcnames)

.debug_typenames
 *(.debug_typenames)

.debug_varnames
 *(.debug_varnames)

.debug_pubtypes
 *(.debug_pubtypes)

.debug_ranges
 *(.debug_ranges)

.debug_macro
 *(.debug_macro)
OUTPUT(main.elf elf32-avr)
LOAD linker stubs

Cross Reference Table

Symbol                                            File
NRK_ADC_INPUT_0                                   ../../../../src/platform/firefly3/source/ulib.o
NRK_ADC_INPUT_1                                   ../../../../src/platform/firefly3/source/ulib.o
NRK_ADC_INPUT_2                                   ../../../../src/platform/firefly3/source/ulib.o
NRK_ADC_INPUT_3                                   ../../../../src/platform/firefly3/source/ulib.o
NRK_ADC_INPUT_4                                   ../../../../src/platform/firefly3/source/ulib.o
NRK_ADC_INPUT_5                                   ../../../../src/platform/firefly3/source/ulib.o
NRK_ADC_INPUT_6                                   ../../../../src/platform/firefly3/source/ulib.o
NRK_ADC_INPUT_7                                   ../../../../src/platform/firefly3/source/ulib.o
NRK_ANT_0                                         ../../../../src/platform/firefly3/source/ulib.o
NRK_ANT_1                                         ../../../../src/platform/firefly3/source/ulib.o
NRK_BUTTON                                        ../../../../src/platform/firefly3/source/ulib.o
NRK_DEBUG_0                                       ../../../../src/platform/firefly3/source/ulib.o
NRK_DEBUG_1                                       ../../../../src/platform/firefly3/source/ulib.o
NRK_DEBUG_2                                       ../../../../src/platform/firefly3/source/ulib.o
NRK_DEBUG_3                                       ../../../../src/platform/firefly3/source/ulib.o
NRK_LED_0                                         ../../../../src/platform/firefly3/source/ulib.o
NRK_LED_1                                         ../../../../src/platform/firefly3/source/ulib.o
NRK_LED_2                                         ../../../../src/platform/firefly3/source/ulib.o
NRK_LED_3                                         ../../../../src/platform/firefly3/source/ulib.o
NRK_MISO                                          ../../../../src/platform/firefly3/source/ulib.o
NRK_MOSI                                          ../../../../src/platform/firefly3/source/ulib.o
NRK_PORTA_0                                       ../../../../src/platform/firefly3/source/ulib.o
NRK_PORTA_1                                       ../../../../src/platform/firefly3/source/ulib.o
NRK_PORTA_2                                       ../../../../src/platform/firefly3/source/ulib.o
NRK_PORTA_3                                       ../../../../src/platform/firefly3/source/ulib.o
NRK_PORTA_4                                       ../../../../src/platform/firefly3/source/ulib.o
NRK_PORTA_5                                       ../../../../src/platform/firefly3/source/ulib.o
NRK_PORTA_6                                       ../../../../src/platform/firefly3/source/ulib.o
NRK_PORTA_7                                       ../../../../src/platform/firefly3/source/ulib.o
NRK_PORTB_0                                       ../../../../src/platform/firefly3/source/ulib.o
NRK_PORTB_1                                       ../../../../src/platform/firefly3/source/ulib.o
NRK_PORTB_2                                       ../../../../src/platform/firefly3/source/ulib.o
NRK_PORTB_3                                       ../../../../src/platform/firefly3/source/ulib.o
NRK_PORTB_4                                       ../../../../src/platform/firefly3/source/ulib.o
NRK_PORTB_5                                       ../../../../src/platform/firefly3/source/ulib.o
NRK_PORTB_6                                       ../../../../src/platform/firefly3/source/ulib.o
NRK_PORTB_7                                       ../../../../src/platform/firefly3/source/ulib.o
NRK_PORTC_0                                       ../../../../src/platform/firefly3/source/ulib.o
NRK_PORTC_1                                       ../../../../src/platform/firefly3/source/ulib.o
NRK_PORTC_2                                       ../../../../src/platform/firefly3/source/ulib.o
NRK_PORTC_3                                       ../../../../src/platform/firefly3/source/ulib.o
NRK_PORTC_4                                       ../../../../src/platform/firefly3/source/ulib.o
NRK_PORTC_5                                       ../../../../src/platform/firefly3/source/ulib.o
NRK_PORTC_6                                       ../../../../src/platform/firefly3/source/ulib.o
NRK_PORTC_7                                       ../../../../src/platform/firefly3/source/ulib.o
NRK_PORTD_0                                       ../../../../src/platform/firefly3/source/ulib.o
NRK_PORTD_1                                       ../../../../src/platform/firefly3/source/ulib.o
NRK_PORTD_2                                       ../../../../src/platform/firefly3/source/ulib.o
NRK_PORTD_3                                       ../../../../src/platform/firefly3/source/ulib.o
NRK_PORTD_4                                       ../../../../src/platform/firefly3/source/ulib.o
NRK_PORTD_5                                       ../../../../src/platform/firefly3/source/ulib.o
NRK_PORTD_6                                       ../../../../src/platform/firefly3/source/ulib.o
NRK_PORTD_7                                       ../../../../src/platform/firefly3/source/ulib.o
NRK_PORTE_0                                       ../../../../src/platform/firefly3/source/ulib.o
NRK_PORTE_1                                       ../../../../src/platform/firefly3/source/ulib.o
NRK_PORTE_2                                       ../../../../src/platform/firefly3/source/ulib.o
NRK_PORTE_3                                       ../../../../src/platform/firefly3/source/ulib.o
NRK_PORTE_4                                       ../../../../src/platform/firefly3/source/ulib.o
NRK_PORTE_5                                       ../../../../src/platform/firefly3/source/ulib.o
NRK_PORTE_6                                       ../../../../src/platform/firefly3/source/ulib.o
NRK_PORTE_7                                       ../../../../src/platform/firefly3/source/ulib.o
NRK_PORTF_0                                       ../../../../src/platform/firefly3/source/ulib.o
NRK_PORTF_1                                       ../../../../src/platform/firefly3/source/ulib.o
NRK_PORTF_2                                       ../../../../src/platform/firefly3/source/ulib.o
NRK_PORTF_3                                       ../../../../src/platform/firefly3/source/ulib.o
NRK_PORTF_4                                       ../../../../src/platform/firefly3/source/ulib.o
NRK_PORTF_5                                       ../../../../src/platform/firefly3/source/ulib.o
NRK_PORTF_6                                       ../../../../src/platform/firefly3/source/ulib.o
NRK_PORTF_7                                       ../../../../src/platform/firefly3/source/ulib.o
NRK_PORTG_0                                       ../../../../src/platform/firefly3/source/ulib.o
NRK_PORTG_1                                       ../../../../src/platform/firefly3/source/ulib.o
NRK_PORTG_2                                       ../../../../src/platform/firefly3/source/ulib.o
NRK_PORTG_3                                       ../../../../src/platform/firefly3/source/ulib.o
NRK_PORTG_4                                       ../../../../src/platform/firefly3/source/ulib.o
NRK_PORTG_5                                       ../../../../src/platform/firefly3/source/ulib.o
NRK_SCK                                           ../../../../src/platform/firefly3/source/ulib.o
NRK_SPI_SS                                        ../../../../src/platform/firefly3/source/ulib.o
NRK_UART0_RXD                                     ../../../../src/platform/firefly3/source/ulib.o
NRK_UART0_TXD                                     ../../../../src/platform/firefly3/source/ulib.o
NRK_UART1_RXD                                     ../../../../src/platform/firefly3/source/ulib.o
NRK_UART1_TXD                                     ../../../../src/platform/firefly3/source/ulib.o
PORT_INIT                                         ../../../../src/platform/firefly3/source/ulib.o
RX_TASK                                           main.o
SIG_OUTPUT_COMPARE1A                              ../../../../src/kernel/hal/atmega128rfa1/nrk_timer.o
__adddi3                                          /usr/local/Cellar/avr-gcc/4.9.2/lib/gcc/avr/4.9.2/avr51/libgcc.a(_adddi3.o)
                                                  ../../../../src/kernel/source/nrk_time.o
__ashldi3                                         /usr/local/Cellar/avr-gcc/4.9.2/lib/gcc/avr/4.9.2/avr51/libgcc.a(_ashldi3.o)
                                                  ../../../../src/kernel/source/nrk_time.o
__ashrdi3                                         /usr/local/Cellar/avr-gcc/4.9.2/lib/gcc/avr/4.9.2/avr51/libgcc.a(_ashrdi3.o)
__bad_interrupt                                   /usr/local/Cellar/avr-gcc/4.9.2/lib/gcc/avr/4.9.2/../../../../avr/lib/avr51/crtm128rfa1.o
__brkval                                          /usr/local/Cellar/avr-gcc/4.9.2/lib/gcc/avr/4.9.2/../../../../avr/lib/avr51/libc.a(malloc.o)
__bss_end                                         /usr/local/Cellar/avr-gcc/4.9.2/lib/gcc/avr/4.9.2/avr51/libgcc.a(_clear_bss.o)
__bss_start                                       /usr/local/Cellar/avr-gcc/4.9.2/lib/gcc/avr/4.9.2/avr51/libgcc.a(_clear_bss.o)
__data_end                                        /usr/local/Cellar/avr-gcc/4.9.2/lib/gcc/avr/4.9.2/avr51/libgcc.a(_copy_data.o)
__data_load_start                                 /usr/local/Cellar/avr-gcc/4.9.2/lib/gcc/avr/4.9.2/avr51/libgcc.a(_copy_data.o)
__data_start                                      /usr/local/Cellar/avr-gcc/4.9.2/lib/gcc/avr/4.9.2/avr51/libgcc.a(_copy_data.o)